Archive member included to satisfy reference by file (symbol)

C:/MaximSDK/Libraries/PeriphDrivers/bin/MAX78000/spi-v1_softfp/libPeriphDriver_spi-v1_softfp.a(mxc_delay.o)
                              c:/MaximSDK/Examples/MAX78000/imu_fixed_inputs_no_softmax/build/main.o (MXC_Delay)
C:/MaximSDK/Libraries/PeriphDrivers/bin/MAX78000/spi-v1_softfp/libPeriphDriver_spi-v1_softfp.a(nvic_table.o)
                              c:/MaximSDK/Examples/MAX78000/imu_fixed_inputs_no_softmax/build/cnn.o (MXC_NVIC_SetVector)
C:/MaximSDK/Libraries/PeriphDrivers/bin/MAX78000/spi-v1_softfp/libPeriphDriver_spi-v1_softfp.a(pins_ai85.o)
                              c:/MaximSDK/Examples/MAX78000/imu_fixed_inputs_no_softmax/build/camera.o (gpio_cfg_pcif_xclk)
C:/MaximSDK/Libraries/PeriphDrivers/bin/MAX78000/spi-v1_softfp/libPeriphDriver_spi-v1_softfp.a(sys_ai85.o)
                              c:/MaximSDK/Examples/MAX78000/imu_fixed_inputs_no_softmax/build/cnn.o (MXC_SYS_ClockDisable)
C:/MaximSDK/Libraries/PeriphDrivers/bin/MAX78000/spi-v1_softfp/libPeriphDriver_spi-v1_softfp.a(aes_me17.o)
                              C:/MaximSDK/Libraries/PeriphDrivers/bin/MAX78000/spi-v1_softfp/libPeriphDriver_spi-v1_softfp.a(sys_ai85.o) (MXC_AES_Init)
C:/MaximSDK/Libraries/PeriphDrivers/bin/MAX78000/spi-v1_softfp/libPeriphDriver_spi-v1_softfp.a(aes_revb.o)
                              C:/MaximSDK/Libraries/PeriphDrivers/bin/MAX78000/spi-v1_softfp/libPeriphDriver_spi-v1_softfp.a(aes_me17.o) (MXC_AES_RevB_Init)
C:/MaximSDK/Libraries/PeriphDrivers/bin/MAX78000/spi-v1_softfp/libPeriphDriver_spi-v1_softfp.a(cameraif_ai85.o)
                              c:/MaximSDK/Examples/MAX78000/imu_fixed_inputs_no_softmax/build/camera.o (MXC_PCIF_Init)
C:/MaximSDK/Libraries/PeriphDrivers/bin/MAX78000/spi-v1_softfp/libPeriphDriver_spi-v1_softfp.a(cameraif_reva.o)
                              C:/MaximSDK/Libraries/PeriphDrivers/bin/MAX78000/spi-v1_softfp/libPeriphDriver_spi-v1_softfp.a(cameraif_ai85.o) (MXC_PCIF_RevA_SetDatawidth)
C:/MaximSDK/Libraries/PeriphDrivers/bin/MAX78000/spi-v1_softfp/libPeriphDriver_spi-v1_softfp.a(dma_me17.o)
                              C:/MaximSDK/Libraries/PeriphDrivers/bin/MAX78000/spi-v1_softfp/libPeriphDriver_spi-v1_softfp.a(aes_revb.o) (MXC_DMA_Init)
C:/MaximSDK/Libraries/PeriphDrivers/bin/MAX78000/spi-v1_softfp/libPeriphDriver_spi-v1_softfp.a(dma_reva.o)
                              C:/MaximSDK/Libraries/PeriphDrivers/bin/MAX78000/spi-v1_softfp/libPeriphDriver_spi-v1_softfp.a(dma_me17.o) (MXC_DMA_RevA_Init)
C:/MaximSDK/Libraries/PeriphDrivers/bin/MAX78000/spi-v1_softfp/libPeriphDriver_spi-v1_softfp.a(flc_me17.o)
                              C:/MaximSDK/Libraries/PeriphDrivers/bin/MAX78000/spi-v1_softfp/libPeriphDriver_spi-v1_softfp.a(sys_ai85.o) (MXC_FLC_UnlockInfoBlock)
C:/MaximSDK/Libraries/PeriphDrivers/bin/MAX78000/spi-v1_softfp/libPeriphDriver_spi-v1_softfp.a(flc_reva.o)
                              C:/MaximSDK/Libraries/PeriphDrivers/bin/MAX78000/spi-v1_softfp/libPeriphDriver_spi-v1_softfp.a(flc_me17.o) (MXC_FLC_RevA_Busy)
C:/MaximSDK/Libraries/PeriphDrivers/bin/MAX78000/spi-v1_softfp/libPeriphDriver_spi-v1_softfp.a(gpio_ai85.o)
                              c:/MaximSDK/Examples/MAX78000/imu_fixed_inputs_no_softmax/build/cnn.o (MXC_GPIO_Config)
C:/MaximSDK/Libraries/PeriphDrivers/bin/MAX78000/spi-v1_softfp/libPeriphDriver_spi-v1_softfp.a(gpio_reva.o)
                              C:/MaximSDK/Libraries/PeriphDrivers/bin/MAX78000/spi-v1_softfp/libPeriphDriver_spi-v1_softfp.a(gpio_ai85.o) (MXC_GPIO_RevA_InGet)
C:/MaximSDK/Libraries/PeriphDrivers/bin/MAX78000/spi-v1_softfp/libPeriphDriver_spi-v1_softfp.a(icc_me17.o)
                              c:/MaximSDK/Examples/MAX78000/imu_fixed_inputs_no_softmax/build/main.o (MXC_ICC_Enable)
C:/MaximSDK/Libraries/PeriphDrivers/bin/MAX78000/spi-v1_softfp/libPeriphDriver_spi-v1_softfp.a(icc_reva.o)
                              C:/MaximSDK/Libraries/PeriphDrivers/bin/MAX78000/spi-v1_softfp/libPeriphDriver_spi-v1_softfp.a(icc_me17.o) (MXC_ICC_RevA_ID)
C:/MaximSDK/Libraries/PeriphDrivers/bin/MAX78000/spi-v1_softfp/libPeriphDriver_spi-v1_softfp.a(lp_ai85.o)
                              c:/MaximSDK/Examples/MAX78000/imu_fixed_inputs_no_softmax/build/main.o (MXC_LP_EnterSleepMode)
C:/MaximSDK/Libraries/PeriphDrivers/bin/MAX78000/spi-v1_softfp/libPeriphDriver_spi-v1_softfp.a(pt_ai85.o)
                              c:/MaximSDK/Examples/MAX78000/imu_fixed_inputs_no_softmax/build/camera.o (MXC_PT_Init)
C:/MaximSDK/Libraries/PeriphDrivers/bin/MAX78000/spi-v1_softfp/libPeriphDriver_spi-v1_softfp.a(pt_reva.o)
                              C:/MaximSDK/Libraries/PeriphDrivers/bin/MAX78000/spi-v1_softfp/libPeriphDriver_spi-v1_softfp.a(pt_ai85.o) (MXC_PT_RevA_Init)
C:/MaximSDK/Libraries/PeriphDrivers/bin/MAX78000/spi-v1_softfp/libPeriphDriver_spi-v1_softfp.a(spi_me17.o)
[...]
Memory Configuration

Name             Origin             Length             Attributes
ROM              0x00000000         0x00010000         xr
FLASH            0x10000000         0x00080000         xr
SRAM             0x20000000         0x00020000         xrw
*default*        0x00000000         0xffffffff

Linker script and memory map

LOAD c:/maximsdk/tools/gnutools/10.3/bin/../lib/gcc/arm-none-eabi/10.3.1/thumb/v7e-m+fp/softfp/crti.o
LOAD c:/maximsdk/tools/gnutools/10.3/bin/../lib/gcc/arm-none-eabi/10.3.1/thumb/v7e-m+fp/softfp/crtbegin.o
LOAD c:/maximsdk/tools/gnutools/10.3/bin/../lib/gcc/arm-none-eabi/10.3.1/../../../../arm-none-eabi/lib/thumb/v7e-m+fp/softfp/crt0.o
LOAD c:/MaximSDK/Examples/MAX78000/imu_fixed_inputs_no_softmax/build/cnn.o
LOAD c:/MaximSDK/Examples/MAX78000/imu_fixed_inputs_no_softmax/build/main.o
LOAD c:/MaximSDK/Examples/MAX78000/imu_fixed_inputs_no_softmax/build/softmax.o
LOAD c:/MaximSDK/Examples/MAX78000/imu_fixed_inputs_no_softmax/build/board.o
LOAD c:/MaximSDK/Examples/MAX78000/imu_fixed_inputs_no_softmax/build/stdio.o
LOAD c:/MaximSDK/Examples/MAX78000/imu_fixed_inputs_no_softmax/build/led.o
LOAD c:/MaximSDK/Examples/MAX78000/imu_fixed_inputs_no_softmax/build/pb.o
LOAD c:/MaximSDK/Examples/MAX78000/imu_fixed_inputs_no_softmax/build/tft_ssd2119.o
LOAD c:/MaximSDK/Examples/MAX78000/imu_fixed_inputs_no_softmax/build/tsc2046.o
LOAD c:/MaximSDK/Examples/MAX78000/imu_fixed_inputs_no_softmax/build/camera.o
LOAD c:/MaximSDK/Examples/MAX78000/imu_fixed_inputs_no_softmax/build/ov7692.o
LOAD c:/MaximSDK/Examples/MAX78000/imu_fixed_inputs_no_softmax/build/sccb.o
LOAD c:/MaximSDK/Examples/MAX78000/imu_fixed_inputs_no_softmax/build/startup_max78000.o
LOAD c:/MaximSDK/Examples/MAX78000/imu_fixed_inputs_no_softmax/build/heap.o
LOAD c:/MaximSDK/Examples/MAX78000/imu_fixed_inputs_no_softmax/build/system_max78000.o
START GROUP
LOAD C:/MaximSDK/Libraries/PeriphDrivers/bin/MAX78000/spi-v1_softfp/libPeriphDriver_spi-v1_softfp.a
LOAD c:/maximsdk/tools/gnutools/10.3/bin/../lib/gcc/arm-none-eabi/10.3.1/../../../../arm-none-eabi/lib/thumb/v7e-m+fp/softfp\libc.a
LOAD c:/maximsdk/tools/gnutools/10.3/bin/../lib/gcc/arm-none-eabi/10.3.1/../../../../arm-none-eabi/lib/thumb/v7e-m+fp/softfp\libm.a
LOAD c:/maximsdk/tools/gnutools/10.3/bin/../lib/gcc/arm-none-eabi/10.3.1/../../../../arm-none-eabi/lib/thumb/v7e-m+fp/softfp\libnosys.a
END GROUP
START GROUP
LOAD c:/maximsdk/tools/gnutools/10.3/bin/../lib/gcc/arm-none-eabi/10.3.1/thumb/v7e-m+fp/softfp\libgcc.a
LOAD c:/maximsdk/tools/gnutools/10.3/bin/../lib/gcc/arm-none-eabi/10.3.1/../../../../arm-none-eabi/lib/thumb/v7e-m+fp/softfp\libc.a
END GROUP
LOAD c:/maximsdk/tools/gnutools/10.3/bin/../lib/gcc/arm-none-eabi/10.3.1/thumb/v7e-m+fp/softfp/crtend.o
LOAD c:/maximsdk/tools/gnutools/10.3/bin/../lib/gcc/arm-none-eabi/10.3.1/thumb/v7e-m+fp/softfp/crtn.o

.rom
 *(.rom_vector)
 *(.rom_handlers*)

.text           0x10000000     0xbce4
                0x10000000                _text = .
 *(.isr_vector)
 .isr_vector    0x10000000      0x1e0 c:/MaximSDK/Examples/MAX78000/imu_fixed_inputs_no_softmax/build/startup_max78000.o
                0x10000000                __isr_vector
 EXCLUDE_FILE(*riscv.o) *(.text*)
 .text          0x100001e0       0x40 c:/maximsdk/tools/gnutools/10.3/bin/../lib/gcc/arm-none-eabi/10.3.1/thumb/v7e-m+fp/softfp/crtbegin.o
 .text.CNN_ISR  0x10000220       0x48 c:/MaximSDK/Examples/MAX78000/imu_fixed_inputs_no_softmax/build/cnn.o
                0x10000220                CNN_ISR
 .text.memcpy32
                0x10000268       0x1c c:/MaximSDK/Examples/MAX78000/imu_fixed_inputs_no_softmax/build/cnn.o
                0x10000268                memcpy32
 .text.cnn_load_weights
                0x10000284       0x4c c:/MaximSDK/Examples/MAX78000/imu_fixed_inputs_no_softmax/build/cnn.o
                0x10000284                cnn_load_weights
 .text.cnn_load_bias
                0x100002d0       0x8c c:/MaximSDK/Examples/MAX78000/imu_fixed_inputs_no_softmax/build/cnn.o
                0x100002d0                cnn_load_bias
 .text.cnn_init
                0x1000035c       0x54 c:/MaximSDK/Examples/MAX78000/imu_fixed_inputs_no_softmax/build/cnn.o
                0x1000035c                cnn_init
 .text.cnn_configure
                0x100003b0      0x550 c:/MaximSDK/Examples/MAX78000/imu_fixed_inputs_no_softmax/build/cnn.o
                0x100003b0                cnn_configure
 .text.cnn_start
                0x10000900       0x4c c:/MaximSDK/Examples/MAX78000/imu_fixed_inputs_no_softmax/build/cnn.o
                0x10000900                cnn_start
 .text.cnn_unload
                0x1000094c       0x58 c:/MaximSDK/Examples/MAX78000/imu_fixed_inputs_no_softmax/build/cnn.o
                0x1000094c                cnn_unload
 .text.cnn_enable
                0x100009a4       0x3c c:/MaximSDK/Examples/MAX78000/imu_fixed_inputs_no_softmax/build/cnn.o
                0x100009a4                cnn_enable
 .text.cnn_disable
                0x100009e0       0x28 c:/MaximSDK/Examples/MAX78000/imu_fixed_inputs_no_softmax/build/cnn.o
                0x100009e0                cnn_disable
 .text.fail     0x10000a08       0x10 c:/MaximSDK/Examples/MAX78000/imu_fixed_inputs_no_softmax/build/main.o
                0x10000a08                fail
 .text.load_input
                0x10000a18       0x94 c:/MaximSDK/Examples/MAX78000/imu_fixed_inputs_no_softmax/build/main.o
                0x10000a18                load_input
 .text.check_output
                0x10000aac       0x78 c:/MaximSDK/Examples/MAX78000/imu_fixed_inputs_no_softmax/build/main.o
                0x10000aac                check_output
 .text.startup.main
                0x10000b24       0x94 c:/MaximSDK/Examples/MAX78000/imu_fixed_inputs_no_softmax/build/main.o
                0x10000b24                main
 .text.mxc_assert
                0x10000bb8       0x10 c:/MaximSDK/Examples/MAX78000/imu_fixed_inputs_no_softmax/build/board.o
                0x10000bb8                mxc_assert
 .text.GPIO2_IRQHandler
                0x10000bc8        0x8 c:/MaximSDK/Examples/MAX78000/imu_fixed_inputs_no_softmax/build/board.o
                0x10000bc8                GPIO2_IRQHandler
 .text.GPIO0_IRQHandler
                0x10000bd0        0x8 c:/MaximSDK/Examples/MAX78000/imu_fixed_inputs_no_softmax/build/board.o
                0x10000bd0                GPIO0_IRQHandler
 .text.Board_Init
                0x10000bd8       0xec c:/MaximSDK/Examples/MAX78000/imu_fixed_inputs_no_softmax/build/board.o
                0x10000bd8                Board_Init
 .text.NMI_Handler
                0x10000cc4        0x4 c:/MaximSDK/Examples/MAX78000/imu_fixed_inputs_no_softmax/build/board.o
                0x10000cc4                NMI_Handler
 .text._close   0x10000cc8        0x8 c:/MaximSDK/Examples/MAX78000/imu_fixed_inputs_no_softmax/build/stdio.o
                0x10000cc8                _close
 .text._isatty  0x10000cd0        0x8 c:/MaximSDK/Examples/MAX78000/imu_fixed_inputs_no_softmax/build/stdio.o
                0x10000cd0                _isatty
 .text._lseek   0x10000cd8        0x8 c:/MaximSDK/Examples/MAX78000/imu_fixed_inputs_no_softmax/build/stdio.o
                0x10000cd8                _lseek
 .text._fstat   0x10000ce0        0x8 c:/MaximSDK/Examples/MAX78000/imu_fixed_inputs_no_softmax/build/stdio.o
                0x10000ce0                _fstat
 .text._read    0x10000ce8       0x50 c:/MaximSDK/Examples/MAX78000/imu_fixed_inputs_no_softmax/build/stdio.o
                0x10000ce8                _read
 .text._write   0x10000d38       0x54 c:/MaximSDK/Examples/MAX78000/imu_fixed_inputs_no_softmax/build/stdio.o
                0x10000d38                _write
 .text.LED_Init
                0x10000d8c       0x40 c:/MaximSDK/Examples/MAX78000/imu_fixed_inputs_no_softmax/build/led.o
                0x10000d8c                LED_Init
 .text.LED_On   0x10000dcc       0x40 c:/MaximSDK/Examples/MAX78000/imu_fixed_inputs_no_softmax/build/led.o
                0x10000dcc                LED_On
 .text.LED_Off  0x10000e0c       0x40 c:/MaximSDK/Examples/MAX78000/imu_fixed_inputs_no_softmax/build/led.o
                0x10000e0c                LED_Off
 .text.PB_Init  0x10000e4c       0x68 c:/MaximSDK/Examples/MAX78000/imu_fixed_inputs_no_softmax/build/pb.o
                0x10000e4c                PB_Init
 .text.MXC_TFT_PreInit
                0x10000eb4       0x78 c:/MaximSDK/Examples/MAX78000/imu_fixed_inputs_no_softmax/build/tft_ssd2119.o
                0x10000eb4                MXC_TFT_PreInit
 .text.MXC_TS_PreInit
                0x10000f2c       0x44 c:/MaximSDK/Examples/MAX78000/imu_fixed_inputs_no_softmax/build/tsc2046.o
                0x10000f2c                MXC_TS_PreInit
 .text          0x10000f70      0x148 c:/MaximSDK/Examples/MAX78000/imu_fixed_inputs_no_softmax/build/startup_max78000.o
                0x10000f70                Reset_Handler
                0x10000fae                HardFault_Handler
                0x10000fb0                MemManage_Handler
                0x10000fb2                BusFault_Handler
                0x10000fb4                UsageFault_Handler
                0x10000fb6                SVC_Handler
                0x10000fb8                DebugMon_Handler
                0x10000fba                PendSV_Handler
                0x10000fbc                SysTick_Handler
                0x10000fbe                Default_Handler
                0x10000fc0                PF_IRQHandler
                0x10000fc2                WDT0_IRQHandler
                0x10000fc4                RSV02_IRQHandler
                0x10000fc6                RTC_IRQHandler
                0x10000fc8                TRNG_IRQHandler
                0x10000fca                TMR0_IRQHandler
                0x10000fcc                TMR1_IRQHandler
                0x10000fce                TMR2_IRQHandler
                0x10000fd0                TMR3_IRQHandler
                0x10000fd2                TMR4_IRQHandler
                0x10000fd4                TMR5_IRQHandler
                0x10000fd6                RSV11_IRQHandler
                0x10000fd8                RSV12_IRQHandler
                0x10000fda                I2C0_IRQHandler
                0x10000fdc                UART0_IRQHandler
                0x10000fde                UART1_IRQHandler
                0x10000fe0                SPI1_IRQHandler
                0x10000fe2                RSV17_IRQHandler
                0x10000fe4                RSV18_IRQHandler
                0x10000fe6                RSV19_IRQHandler
                0x10000fe8                ADC_IRQHandler
                0x10000fea                RSV21_IRQHandler
                0x10000fec                RSV22_IRQHandler
                0x10000fee                FLC0_IRQHandler
                0x10000ff2                GPIO1_IRQHandler
                0x10000ff6                RSV27_IRQHandler
                0x10000ff8                DMA0_IRQHandler
                0x10000ffa                DMA1_IRQHandler
                0x10000ffc                DMA2_IRQHandler
                0x10000ffe                DMA3_IRQHandler
                0x10001000                RSV32_IRQHandler
                0x10001002                RSV33_IRQHandler
                0x10001004                UART2_IRQHandler
                0x10001006                RSV35_IRQHandler
                0x10001008                I2C1_IRQHandler
                0x1000100a                RSV37_IRQHandler
                0x1000100c                RSV38_IRQHandler
                0x1000100e                RSV39_IRQHandler
                0x10001010                RSV40_IRQHandler
                0x10001012                RSV41_IRQHandler
                0x10001014                RSV42_IRQHandler
                0x10001016                RSV43_IRQHandler
                0x10001018                RSV44_IRQHandler
                0x1000101a                RSV45_IRQHandler
                0x1000101c                RSV46_IRQHandler
                0x1000101e                RSV47_IRQHandler
                0x10001020                RSV48_IRQHandler
                0x10001022                RSV49_IRQHandler
                0x10001024                RSV50_IRQHandler
                0x10001026                RSV51_IRQHandler
                0x10001028                RSV52_IRQHandler
                0x1000102a                WUT_IRQHandler
                0x1000102c                GPIOWAKE_IRQHandler
                0x1000102e                RSV55_IRQHandler
                0x10001030                SPI0_IRQHandler
                0x10001032                WDT1_IRQHandler
                0x10001034                RSV58_IRQHandler
                0x10001036                PT_IRQHandler
                0x10001038                RSV60_IRQHandler
                0x1000103a                RSV61_IRQHandler
                0x1000103c                I2C2_IRQHandler
                0x1000103e                RISCV_IRQHandler
                0x10001040                RSV64_IRQHandler
                0x10001042                RSV65_IRQHandler
                0x10001044                RSV66_IRQHandler
                0x10001046                OWM_IRQHandler
                0x10001048                RSV68_IRQHandler
                0x1000104a                RSV69_IRQHandler
                0x1000104c                RSV70_IRQHandler
                0x1000104e                RSV71_IRQHandler
                0x10001050                RSV72_IRQHandler
                0x10001052                RSV73_IRQHandler
                0x10001054                RSV74_IRQHandler
                0x10001056                RSV75_IRQHandler
                0x10001058                RSV76_IRQHandler
                0x1000105a                RSV77_IRQHandler
                0x1000105c                RSV78_IRQHandler
                0x1000105e                RSV79_IRQHandler
                0x10001060                RSV80_IRQHandler
                0x10001062                RSV81_IRQHandler
                0x10001064                ECC_IRQHandler
                0x10001066                DVS_IRQHandler
                0x10001068                SIMO_IRQHandler
                0x1000106a                RSV85_IRQHandler
                0x1000106c                RSV86_IRQHandler
                0x1000106e                RSV87_IRQHandler
                0x10001070                UART3_IRQHandler
                0x10001072                RSV89_IRQHandler
                0x10001074                RSV90_IRQHandler
                0x10001076                PCIF_IRQHandler
                0x10001078                RSV92_IRQHandler
                0x1000107a                RSV93_IRQHandler
                0x1000107c                RSV94_IRQHandler
                0x1000107e                RSV95_IRQHandler
                0x10001080                RSV96_IRQHandler
                0x10001082                AES_IRQHandler
                0x10001084                RSV98_IRQHandler
                0x10001086                I2S_IRQHandler
                0x10001088                CNN_FIFO_IRQHandler
                0x1000108a                CNN_IRQHandler
                0x1000108c                RSV102_IRQHandler
                0x1000108e                LPCMP_IRQHandler
 .text._sbrk    0x100010b8       0x3c c:/MaximSDK/Examples/MAX78000/imu_fixed_inputs_no_softmax/build/heap.o
                0x100010b8                _sbrk
 .text._getpid  0x100010f4        0x8 c:/MaximSDK/Examples/MAX78000/imu_fixed_inputs_no_softmax/build/system_max78000.o
                0x100010f4                _getpid
 .text._kill    0x100010fc        0x8 c:/MaximSDK/Examples/MAX78000/imu_fixed_inputs_no_softmax/build/system_max78000.o
                0x100010fc                _kill
 .text.SystemCoreClockUpdate
                0x10001104       0x68 c:/MaximSDK/Examples/MAX78000/imu_fixed_inputs_no_softmax/build/system_max78000.o
                0x10001104                SystemCoreClockUpdate
 .text.PreInit  0x1000116c        0x4 c:/MaximSDK/Examples/MAX78000/imu_fixed_inputs_no_softmax/build/system_max78000.o
                0x1000116c                PreInit
 .text.PinInit  0x10001170        0x4 c:/MaximSDK/Examples/MAX78000/imu_fixed_inputs_no_softmax/build/system_max78000.o
                0x10001170                PinInit
 .text.SystemInit
                0x10001174       0x3c c:/MaximSDK/Examples/MAX78000/imu_fixed_inputs_no_softmax/build/system_max78000.o
                0x10001174                SystemInit
 .text.MXC_DelayInit
                0x100011b0       0x7c C:/MaximSDK/Libraries/PeriphDrivers/bin/MAX78000/spi-v1_softfp/libPeriphDriver_spi-v1_softfp.a(mxc_delay.o)
 .text.MXC_DelayAsync
                0x1000122c       0x3c C:/MaximSDK/Libraries/PeriphDrivers/bin/MAX78000/spi-v1_softfp/libPeriphDriver_spi-v1_softfp.a(mxc_delay.o)
                0x1000122c                MXC_DelayAsync
 .text.MXC_DelayCheck
                0x10001268       0x70 C:/MaximSDK/Libraries/PeriphDrivers/bin/MAX78000/spi-v1_softfp/libPeriphDriver_spi-v1_softfp.a(mxc_delay.o)
                0x10001268                MXC_DelayCheck
 .text.MXC_DelayAbort
                0x100012d8       0x34 C:/MaximSDK/Libraries/PeriphDrivers/bin/MAX78000/spi-v1_softfp/libPeriphDriver_spi-v1_softfp.a(mxc_delay.o)
                0x100012d8                MXC_DelayAbort
 .text.MXC_Delay
                0x1000130c       0x74 C:/MaximSDK/Libraries/PeriphDrivers/bin/MAX78000/spi-v1_softfp/libPeriphDriver_spi-v1_softfp.a(mxc_delay.o)
                0x1000130c                MXC_Delay
 .text.MXC_NVIC_SetVector
                0x10001380       0x50 C:/MaximSDK/Libraries/PeriphDrivers/bin/MAX78000/spi-v1_softfp/libPeriphDriver_spi-v1_softfp.a(nvic_table.o)
                0x10001380                MXC_NVIC_SetVector
 .text.MXC_SYS_ClockDisable
                0x100013d0       0x44 C:/MaximSDK/Libraries/PeriphDrivers/bin/MAX78000/spi-v1_softfp/libPeriphDriver_spi-v1_softfp.a(sys_ai85.o)
                0x100013d0                MXC_SYS_ClockDisable
 .text.MXC_SYS_ClockEnable
                0x10001414       0x4c C:/MaximSDK/Libraries/PeriphDrivers/bin/MAX78000/spi-v1_softfp/libPeriphDriver_spi-v1_softfp.a(sys_ai85.o)
                0x10001414                MXC_SYS_ClockEnable
 .text.MXC_SYS_ClockSourceEnable
                0x10001460       0xf4 C:/MaximSDK/Libraries/PeriphDrivers/bin/MAX78000/spi-v1_softfp/libPeriphDriver_spi-v1_softfp.a(sys_ai85.o)
                0x10001460                MXC_SYS_ClockSourceEnable
 .text.MXC_SYS_Clock_Select
                0x10001554      0x194 C:/MaximSDK/Libraries/PeriphDrivers/bin/MAX78000/spi-v1_softfp/libPeriphDriver_spi-v1_softfp.a(sys_ai85.o)
                0x10001554                MXC_SYS_Clock_Select
 .text.MXC_SYS_Reset_Periph
                0x100016e8       0x50 C:/MaximSDK/Libraries/PeriphDrivers/bin/MAX78000/spi-v1_softfp/libPeriphDriver_spi-v1_softfp.a(sys_ai85.o)
                0x100016e8                MXC_SYS_Reset_Periph
 .text.MXC_GPIO_Init
                0x10001738       0x40 C:/MaximSDK/Libraries/PeriphDrivers/bin/MAX78000/spi-v1_softfp/libPeriphDriver_spi-v1_softfp.a(gpio_ai85.o)
                0x10001738                MXC_GPIO_Init
 .text.MXC_GPIO_Config
                0x10001778      0x234 C:/MaximSDK/Libraries/PeriphDrivers/bin/MAX78000/spi-v1_softfp/libPeriphDriver_spi-v1_softfp.a(gpio_ai85.o)
                0x10001778                MXC_GPIO_Config
 .text.MXC_GPIO_OutSet
                0x100019ac       0x30 C:/MaximSDK/Libraries/PeriphDrivers/bin/MAX78000/spi-v1_softfp/libPeriphDriver_spi-v1_softfp.a(gpio_ai85.o)
                0x100019ac                MXC_GPIO_OutSet
 .text.MXC_GPIO_OutClr
                0x100019dc       0x34 C:/MaximSDK/Libraries/PeriphDrivers/bin/MAX78000/spi-v1_softfp/libPeriphDriver_spi-v1_softfp.a(gpio_ai85.o)
                0x100019dc                MXC_GPIO_OutClr
 .text.MXC_GPIO_Handler
                0x10001a10        0x4 C:/MaximSDK/Libraries/PeriphDrivers/bin/MAX78000/spi-v1_softfp/libPeriphDriver_spi-v1_softfp.a(gpio_ai85.o)
                0x10001a10                MXC_GPIO_Handler
 .text.MXC_GPIO_ClearFlags
                0x10001a14       0x18 C:/MaximSDK/Libraries/PeriphDrivers/bin/MAX78000/spi-v1_softfp/libPeriphDriver_spi-v1_softfp.a(gpio_ai85.o)
                0x10001a14                MXC_GPIO_ClearFlags
 .text.MXC_GPIO_GetFlags
                0x10001a2c       0x18 C:/MaximSDK/Libraries/PeriphDrivers/bin/MAX78000/spi-v1_softfp/libPeriphDriver_spi-v1_softfp.a(gpio_ai85.o)
                0x10001a2c                MXC_GPIO_GetFlags
 .text.MXC_GPIO_GetConfigLock
                0x10001a44        0x4 C:/MaximSDK/Libraries/PeriphDrivers/bin/MAX78000/spi-v1_softfp/libPeriphDriver_spi-v1_softfp.a(gpio_ai85.o)
                0x10001a44                MXC_GPIO_GetConfigLock
 .text.MXC_GPIO_RevA_OutSet
                0x10001a48        0x4 C:/MaximSDK/Libraries/PeriphDrivers/bin/MAX78000/spi-v1_softfp/libPeriphDriver_spi-v1_softfp.a(gpio_reva.o)
                0x10001a48                MXC_GPIO_RevA_OutSet
 .text.MXC_GPIO_RevA_OutClr
                0x10001a4c        0x4 C:/MaximSDK/Libraries/PeriphDrivers/bin/MAX78000/spi-v1_softfp/libPeriphDriver_spi-v1_softfp.a(gpio_reva.o)
                0x10001a4c                MXC_GPIO_RevA_OutClr
 .text.MXC_GPIO_RevA_ClearFlags
                0x10001a50        0x4 C:/MaximSDK/Libraries/PeriphDrivers/bin/MAX78000/spi-v1_softfp/libPeriphDriver_spi-v1_softfp.a(gpio_reva.o)
                0x10001a50                MXC_GPIO_RevA_ClearFlags
 .text.MXC_GPIO_RevA_GetFlags
                0x10001a54        0x4 C:/MaximSDK/Libraries/PeriphDrivers/bin/MAX78000/spi-v1_softfp/libPeriphDriver_spi-v1_softfp.a(gpio_reva.o)
                0x10001a54                MXC_GPIO_RevA_GetFlags
 .text.MXC_GPIO_RevA_SetVSSEL
                0x10001a58       0x40 C:/MaximSDK/Libraries/PeriphDrivers/bin/MAX78000/spi-v1_softfp/libPeriphDriver_spi-v1_softfp.a(gpio_reva.o)
                0x10001a58                MXC_GPIO_RevA_SetVSSEL
 .text.MXC_GPIO_RevA_SetAF
                0x10001a98       0x7c C:/MaximSDK/Libraries/PeriphDrivers/bin/MAX78000/spi-v1_softfp/libPeriphDriver_spi-v1_softfp.a(gpio_reva.o)
                0x10001a98                MXC_GPIO_RevA_SetAF
 .text.MXC_GPIO_RevA_SetDriveStrength
                0x10001b14       0xa0 C:/MaximSDK/Libraries/PeriphDrivers/bin/MAX78000/spi-v1_softfp/libPeriphDriver_spi-v1_softfp.a(gpio_reva.o)
                0x10001b14                MXC_GPIO_RevA_SetDriveStrength
 .text.MXC_ICC_Enable
                0x10001bb4        0x4 C:/MaximSDK/Libraries/PeriphDrivers/bin/MAX78000/spi-v1_softfp/libPeriphDriver_spi-v1_softfp.a(icc_me17.o)
                0x10001bb4                MXC_ICC_Enable
 .text.MXC_ICC_RevA_Enable
                0x10001bb8       0x30 C:/MaximSDK/Libraries/PeriphDrivers/bin/MAX78000/spi-v1_softfp/libPeriphDriver_spi-v1_softfp.a(icc_reva.o)
                0x10001bb8                MXC_ICC_RevA_Enable
 .text.MXC_LP_EnterSleepMode
                0x10001be8       0x28 C:/MaximSDK/Libraries/PeriphDrivers/bin/MAX78000/spi-v1_softfp/libPeriphDriver_spi-v1_softfp.a(lp_ai85.o)
                0x10001be8                MXC_LP_EnterSleepMode
 .text.MXC_UART_Shutdown
                0x10001c10       0x70 C:/MaximSDK/Libraries/PeriphDrivers/bin/MAX78000/spi-v1_softfp/libPeriphDriver_spi-v1_softfp.a(uart_ai85.o)
                0x10001c10                MXC_UART_Shutdown
 .text.MXC_UART_SetFrequency
                0x10001c80       0x90 C:/MaximSDK/Libraries/PeriphDrivers/bin/MAX78000/spi-v1_softfp/libPeriphDriver_spi-v1_softfp.a(uart_ai85.o)
                0x10001c80                MXC_UART_SetFrequency
 .text.MXC_UART_SetDataSize
                0x10001d10        0x4 C:/MaximSDK/Libraries/PeriphDrivers/bin/MAX78000/spi-v1_softfp/libPeriphDriver_spi-v1_softfp.a(uart_ai85.o)
                0x10001d10                MXC_UART_SetDataSize
 .text.MXC_UART_SetStopBits
                0x10001d14        0x4 C:/MaximSDK/Libraries/PeriphDrivers/bin/MAX78000/spi-v1_softfp/libPeriphDriver_spi-v1_softfp.a(uart_ai85.o)
                0x10001d14                MXC_UART_SetStopBits
 .text.MXC_UART_SetParity
                0x10001d18        0x4 C:/MaximSDK/Libraries/PeriphDrivers/bin/MAX78000/spi-v1_softfp/libPeriphDriver_spi-v1_softfp.a(uart_ai85.o)
                0x10001d18                MXC_UART_SetParity
 .text.MXC_UART_SetClockSource
                0x10001d1c       0x60 C:/MaximSDK/Libraries/PeriphDrivers/bin/MAX78000/spi-v1_softfp/libPeriphDriver_spi-v1_softfp.a(uart_ai85.o)
                0x10001d1c                MXC_UART_SetClockSource
 .text.MXC_UART_GetClockSource
                0x10001d7c       0x4c C:/MaximSDK/Libraries/PeriphDrivers/bin/MAX78000/spi-v1_softfp/libPeriphDriver_spi-v1_softfp.a(uart_ai85.o)
                0x10001d7c                MXC_UART_GetClockSource
 .text.MXC_UART_Init
                0x10001dc8       0xa0 C:/MaximSDK/Libraries/PeriphDrivers/bin/MAX78000/spi-v1_softfp/libPeriphDriver_spi-v1_softfp.a(uart_ai85.o)
                0x10001dc8                MXC_UART_Init
 .text.MXC_UART_ReadCharacterRaw
                0x10001e68        0x4 C:/MaximSDK/Libraries/PeriphDrivers/bin/MAX78000/spi-v1_softfp/libPeriphDriver_spi-v1_softfp.a(uart_ai85.o)
                0x10001e68                MXC_UART_ReadCharacterRaw
 .text.MXC_UART_WriteCharacterRaw
                0x10001e6c        0x4 C:/MaximSDK/Libraries/PeriphDrivers/bin/MAX78000/spi-v1_softfp/libPeriphDriver_spi-v1_softfp.a(uart_ai85.o)
                0x10001e6c                MXC_UART_WriteCharacterRaw
 .text.MXC_UART_ReadCharacter
                0x10001e70        0x4 C:/MaximSDK/Libraries/PeriphDrivers/bin/MAX78000/spi-v1_softfp/libPeriphDriver_spi-v1_softfp.a(uart_ai85.o)
                0x10001e70                MXC_UART_ReadCharacter
 .text.MXC_UART_WriteCharacter
                0x10001e74        0x4 C:/MaximSDK/Libraries/PeriphDrivers/bin/MAX78000/spi-v1_softfp/libPeriphDriver_spi-v1_softfp.a(uart_ai85.o)
                0x10001e74                MXC_UART_WriteCharacter
 .text.MXC_UART_GetRXFIFOAvailable
                0x10001e78        0x4 C:/MaximSDK/Libraries/PeriphDrivers/bin/MAX78000/spi-v1_softfp/libPeriphDriver_spi-v1_softfp.a(uart_ai85.o)
                0x10001e78                MXC_UART_GetRXFIFOAvailable
 .text.MXC_UART_GetTXFIFOAvailable
                0x10001e7c        0x4 C:/MaximSDK/Libraries/PeriphDrivers/bin/MAX78000/spi-v1_softfp/libPeriphDriver_spi-v1_softfp.a(uart_ai85.o)
                0x10001e7c                MXC_UART_GetTXFIFOAvailable
 .text.MXC_UART_SetRXThreshold
                0x10001e80        0x4 C:/MaximSDK/Libraries/PeriphDrivers/bin/MAX78000/spi-v1_softfp/libPeriphDriver_spi-v1_softfp.a(uart_ai85.o)
                0x10001e80                MXC_UART_SetRXThreshold
 .text.MXC_UART_Common_ReadCharacter
                0x10001e84       0x18 C:/MaximSDK/Libraries/PeriphDrivers/bin/MAX78000/spi-v1_softfp/libPeriphDriver_spi-v1_softfp.a(uart_common.o)
                0x10001e84                MXC_UART_Common_ReadCharacter
 .text.MXC_UART_Common_WriteCharacter
                0x10001e9c       0x1c C:/MaximSDK/Libraries/PeriphDrivers/bin/MAX78000/spi-v1_softfp/libPeriphDriver_spi-v1_softfp.a(uart_common.o)
                0x10001e9c                MXC_UART_Common_WriteCharacter
 .text.MXC_UART_RevB_Init
                0x10001eb8       0xe0 C:/MaximSDK/Libraries/PeriphDrivers/bin/MAX78000/spi-v1_softfp/libPeriphDriver_spi-v1_softfp.a(uart_revb.o)
                0x10001eb8                MXC_UART_RevB_Init
 .text.MXC_UART_RevB_SetFrequency
                0x10001f98       0x1c C:/MaximSDK/Libraries/PeriphDrivers/bin/MAX78000/spi-v1_softfp/libPeriphDriver_spi-v1_softfp.a(uart_revb.o)
                0x10001f98                MXC_UART_RevB_SetFrequency
 .text.MXC_UART_RevB_SetDataSize
                0x10001fb4       0x20 C:/MaximSDK/Libraries/PeriphDrivers/bin/MAX78000/spi-v1_softfp/libPeriphDriver_spi-v1_softfp.a(uart_revb.o)
                0x10001fb4                MXC_UART_RevB_SetDataSize
 .text.MXC_UART_RevB_SetStopBits
                0x10001fd4       0x28 C:/MaximSDK/Libraries/PeriphDrivers/bin/MAX78000/spi-v1_softfp/libPeriphDriver_spi-v1_softfp.a(uart_revb.o)
                0x10001fd4                MXC_UART_RevB_SetStopBits
 .text.MXC_UART_RevB_SetParity
                0x10001ffc       0x94 C:/MaximSDK/Libraries/PeriphDrivers/bin/MAX78000/spi-v1_softfp/libPeriphDriver_spi-v1_softfp.a(uart_revb.o)
                0x10001ffc                MXC_UART_RevB_SetParity
 .text.MXC_UART_RevB_SetClockSource
                0x10002090       0xa8 C:/MaximSDK/Libraries/PeriphDrivers/bin/MAX78000/spi-v1_softfp/libPeriphDriver_spi-v1_softfp.a(uart_revb.o)
                0x10002090                MXC_UART_RevB_SetClockSource
 .text.MXC_UART_RevB_GetClockSource
                0x10002138        0x8 C:/MaximSDK/Libraries/PeriphDrivers/bin/MAX78000/spi-v1_softfp/libPeriphDriver_spi-v1_softfp.a(uart_revb.o)
                0x10002138                MXC_UART_RevB_GetClockSource
 .text.MXC_UART_RevB_ReadCharacterRaw
                0x10002140       0x10 C:/MaximSDK/Libraries/PeriphDrivers/bin/MAX78000/spi-v1_softfp/libPeriphDriver_spi-v1_softfp.a(uart_revb.o)
                0x10002140                MXC_UART_RevB_ReadCharacterRaw
 .text.MXC_UART_RevB_WriteCharacterRaw
                0x10002150       0x14 C:/MaximSDK/Libraries/PeriphDrivers/bin/MAX78000/spi-v1_softfp/libPeriphDriver_spi-v1_softfp.a(uart_revb.o)
                0x10002150                MXC_UART_RevB_WriteCharacterRaw
 .text.MXC_UART_RevB_GetRXFIFOAvailable
                0x10002164        0x8 C:/MaximSDK/Libraries/PeriphDrivers/bin/MAX78000/spi-v1_softfp/libPeriphDriver_spi-v1_softfp.a(uart_revb.o)
                0x10002164                MXC_UART_RevB_GetRXFIFOAvailable
 .text.MXC_UART_RevB_GetTXFIFOAvailable
                0x1000216c        0xc C:/MaximSDK/Libraries/PeriphDrivers/bin/MAX78000/spi-v1_softfp/libPeriphDriver_spi-v1_softfp.a(uart_revb.o)
                0x1000216c                MXC_UART_RevB_GetTXFIFOAvailable
 .text.MXC_UART_RevB_SetRXThreshold
                0x10002178       0x1c C:/MaximSDK/Libraries/PeriphDrivers/bin/MAX78000/spi-v1_softfp/libPeriphDriver_spi-v1_softfp.a(uart_revb.o)
                0x10002178                MXC_UART_RevB_SetRXThreshold
 .text.MXC_GPIO_Common_Init
                0x10002194       0x24 C:/MaximSDK/Libraries/PeriphDrivers/bin/MAX78000/spi-v1_softfp/libPeriphDriver_spi-v1_softfp.a(gpio_common.o)
                0x10002194                MXC_GPIO_Common_Init
 .text.MXC_GPIO_Common_Handler
                0x100021b8       0x88 C:/MaximSDK/Libraries/PeriphDrivers/bin/MAX78000/spi-v1_softfp/libPeriphDriver_spi-v1_softfp.a(gpio_common.o)
                0x100021b8                MXC_GPIO_Common_Handler
 .text.MXC_GPIO_Common_GetConfigLock
                0x10002240        0xc C:/MaximSDK/Libraries/PeriphDrivers/bin/MAX78000/spi-v1_softfp/libPeriphDriver_spi-v1_softfp.a(gpio_common.o)
                0x10002240                MXC_GPIO_Common_GetConfigLock
 .text.__errno  0x1000224c        0xc c:/maximsdk/tools/gnutools/10.3/bin/../lib/gcc/arm-none-eabi/10.3.1/../../../../arm-none-eabi/lib/thumb/v7e-m+fp/softfp\libc.a(lib_a-errno.o)
                0x1000224c                __errno
 .text.__libc_init_array
                0x10002258       0x48 c:/maximsdk/tools/gnutools/10.3/bin/../lib/gcc/arm-none-eabi/10.3.1/../../../../arm-none-eabi/lib/thumb/v7e-m+fp/softfp\libc.a(lib_a-init.o)
                0x10002258                __libc_init_array
 .text.malloc   0x100022a0       0x10 c:/maximsdk/tools/gnutools/10.3/bin/../lib/gcc/arm-none-eabi/10.3.1/../../../../arm-none-eabi/lib/thumb/v7e-m+fp/softfp\libc.a(lib_a-malloc.o)
                0x100022a0                malloc
 .text._malloc_r
                0x100022b0      0x560 c:/maximsdk/tools/gnutools/10.3/bin/../lib/gcc/arm-none-eabi/10.3.1/../../../../arm-none-eabi/lib/thumb/v7e-m+fp/softfp\libc.a(lib_a-mallocr.o)
                0x100022b0                _malloc_r
 .text          0x10002810      0x134 c:/maximsdk/tools/gnutools/10.3/bin/../lib/gcc/arm-none-eabi/10.3.1/../../../../arm-none-eabi/lib/thumb/v7e-m+fp/softfp\libc.a(lib_a-memcpy.o)
                0x10002810                memcpy
 .text.memset   0x10002944       0xa4 c:/maximsdk/tools/gnutools/10.3/bin/../lib/gcc/arm-none-eabi/10.3.1/../../../../arm-none-eabi/lib/thumb/v7e-m+fp/softfp\libc.a(lib_a-memset.o)
                0x10002944                memset
 .text.__malloc_lock
                0x100029e8        0xc c:/maximsdk/tools/gnutools/10.3/bin/../lib/gcc/arm-none-eabi/10.3.1/../../../../arm-none-eabi/lib/thumb/v7e-m+fp/softfp\libc.a(lib_a-mlock.o)
                0x100029e8                __malloc_lock
 .text.__malloc_unlock
                0x100029f4        0xc c:/maximsdk/tools/gnutools/10.3/bin/../lib/gcc/arm-none-eabi/10.3.1/../../../../arm-none-eabi/lib/thumb/v7e-m+fp/softfp\libc.a(lib_a-mlock.o)
                0x100029f4                __malloc_unlock
 .text.printf   0x10002a00       0x28 c:/maximsdk/tools/gnutools/10.3/bin/../lib/gcc/arm-none-eabi/10.3.1/../../../../arm-none-eabi/lib/thumb/v7e-m+fp/softfp\libc.a(lib_a-printf.o)
                0x10002a00                printf
 .text._puts_r  0x10002a28       0x9c c:/maximsdk/tools/gnutools/10.3/bin/../lib/gcc/arm-none-eabi/10.3.1/../../../../arm-none-eabi/lib/thumb/v7e-m+fp/softfp\libc.a(lib_a-puts.o)
                0x10002a28                _puts_r
 .text.puts     0x10002ac4       0x10 c:/maximsdk/tools/gnutools/10.3/bin/../lib/gcc/arm-none-eabi/10.3.1/../../../../arm-none-eabi/lib/thumb/v7e-m+fp/softfp\libc.a(lib_a-puts.o)
                0x10002ac4                puts
 .text._sbrk_r  0x10002ad4       0x24 c:/maximsdk/tools/gnutools/10.3/bin/../lib/gcc/arm-none-eabi/10.3.1/../../../../arm-none-eabi/lib/thumb/v7e-m+fp/softfp\libc.a(lib_a-sbrkr.o)
                0x10002ad4                _sbrk_r
 *fill*         0x10002af8        0x8 
 .text          0x10002b00       0xdc c:/maximsdk/tools/gnutools/10.3/bin/../lib/gcc/arm-none-eabi/10.3.1/../../../../arm-none-eabi/lib/thumb/v7e-m+fp/softfp\libc.a(lib_a-strlen.o)
                0x10002b00                strlen
 *fill*         0x10002bdc        0x4 
 .text._vfprintf_r
                0x10002be0     0x1b8c c:/maximsdk/tools/gnutools/10.3/bin/../lib/gcc/arm-none-eabi/10.3.1/../../../../arm-none-eabi/lib/thumb/v7e-m+fp/softfp\libc.a(lib_a-vfprintf.o)
                0x10002be0                _vfprintf_r
 .text.__sbprintf
                0x1000476c       0x80 c:/maximsdk/tools/gnutools/10.3/bin/../lib/gcc/arm-none-eabi/10.3.1/../../../../arm-none-eabi/lib/thumb/v7e-m+fp/softfp\libc.a(lib_a-vfprintf.o)
 .text.__swsetup_r
                0x100047ec       0xd4 c:/maximsdk/tools/gnutools/10.3/bin/../lib/gcc/arm-none-eabi/10.3.1/../../../../arm-none-eabi/lib/thumb/v7e-m+fp/softfp\libc.a(lib_a-wsetup.o)
                0x100047ec                __swsetup_r
 .text.startup.register_fini
                0x100048c0       0x14 c:/maximsdk/tools/gnutools/10.3/bin/../lib/gcc/arm-none-eabi/10.3.1/../../../../arm-none-eabi/lib/thumb/v7e-m+fp/softfp\libc.a(lib_a-__call_atexit.o)
 .text.atexit   0x100048d4        0xc c:/maximsdk/tools/gnutools/10.3/bin/../lib/gcc/arm-none-eabi/10.3.1/../../../../arm-none-eabi/lib/thumb/v7e-m+fp/softfp\libc.a(lib_a-atexit.o)
                0x100048d4                atexit
 .text.quorem   0x100048e0      0x128 c:/maximsdk/tools/gnutools/10.3/bin/../lib/gcc/arm-none-eabi/10.3.1/../../../../arm-none-eabi/lib/thumb/v7e-m+fp/softfp\libc.a(lib_a-dtoa.o)
 .text._dtoa_r  0x10004a08      0xf34 c:/maximsdk/tools/gnutools/10.3/bin/../lib/gcc/arm-none-eabi/10.3.1/../../../../arm-none-eabi/lib/thumb/v7e-m+fp/softfp\libc.a(lib_a-dtoa.o)
                0x10004a08                _dtoa_r
 .text.__sflush_r
                0x1000593c      0x130 c:/maximsdk/tools/gnutools/10.3/bin/../lib/gcc/arm-none-eabi/10.3.1/../../../../arm-none-eabi/lib/thumb/v7e-m+fp/softfp\libc.a(lib_a-fflush.o)
                0x1000593c                __sflush_r
 .text._fflush_r
                0x10005a6c       0x5c c:/maximsdk/tools/gnutools/10.3/bin/../lib/gcc/arm-none-eabi/10.3.1/../../../../arm-none-eabi/lib/thumb/v7e-m+fp/softfp\libc.a(lib_a-fflush.o)
                0x10005a6c                _fflush_r
 .text._cleanup_r
                0x10005ac8        0xc c:/maximsdk/tools/gnutools/10.3/bin/../lib/gcc/arm-none-eabi/10.3.1/../../../../arm-none-eabi/lib/thumb/v7e-m+fp/softfp\libc.a(lib_a-findfp.o)
                0x10005ac8                _cleanup_r
 .text.__sinit  0x10005ad4      0x10c c:/maximsdk/tools/gnutools/10.3/bin/../lib/gcc/arm-none-eabi/10.3.1/../../../../arm-none-eabi/lib/thumb/v7e-m+fp/softfp\libc.a(lib_a-findfp.o)
                0x10005ad4                __sinit
 .text.__sfp_lock_acquire
                0x10005be0        0xc c:/maximsdk/tools/gnutools/10.3/bin/../lib/gcc/arm-none-eabi/10.3.1/../../../../arm-none-eabi/lib/thumb/v7e-m+fp/softfp\libc.a(lib_a-findfp.o)
                0x10005be0                __sfp_lock_acquire
 .text.__sfp_lock_release
                0x10005bec        0xc c:/maximsdk/tools/gnutools/10.3/bin/../lib/gcc/arm-none-eabi/10.3.1/../../../../arm-none-eabi/lib/thumb/v7e-m+fp/softfp\libc.a(lib_a-findfp.o)
                0x10005bec                __sfp_lock_release
 .text.__libc_fini_array
                0x10005bf8       0x2c c:/maximsdk/tools/gnutools/10.3/bin/../lib/gcc/arm-none-eabi/10.3.1/../../../../arm-none-eabi/lib/thumb/v7e-m+fp/softfp\libc.a(lib_a-fini.o)
                0x10005bf8                __libc_fini_array
 .text._malloc_trim_r
                0x10005c24       0xa0 c:/maximsdk/tools/gnutools/10.3/bin/../lib/gcc/arm-none-eabi/10.3.1/../../../../arm-none-eabi/lib/thumb/v7e-m+fp/softfp\libc.a(lib_a-freer.o)
                0x10005c24                _malloc_trim_r
 .text._free_r  0x10005cc4      0x20c c:/maximsdk/tools/gnutools/10.3/bin/../lib/gcc/arm-none-eabi/10.3.1/../../../../arm-none-eabi/lib/thumb/v7e-m+fp/softfp\libc.a(lib_a-freer.o)
                0x10005cc4                _free_r
 .text.__sfvwrite_r
                0x10005ed0      0x2f0 c:/maximsdk/tools/gnutools/10.3/bin/../lib/gcc/arm-none-eabi/10.3.1/../../../../arm-none-eabi/lib/thumb/v7e-m+fp/softfp\libc.a(lib_a-fvwrite.o)
                0x10005ed0                __sfvwrite_r
 .text._fwalk_reent
                0x100061c0       0x48 c:/maximsdk/tools/gnutools/10.3/bin/../lib/gcc/arm-none-eabi/10.3.1/../../../../arm-none-eabi/lib/thumb/v7e-m+fp/softfp\libc.a(lib_a-fwalk.o)
                0x100061c0                _fwalk_reent
 .text._localeconv_r
                0x10006208        0x8 c:/maximsdk/tools/gnutools/10.3/bin/../lib/gcc/arm-none-eabi/10.3.1/../../../../arm-none-eabi/lib/thumb/v7e-m+fp/softfp\libc.a(lib_a-localeconv.o)
                0x10006208                _localeconv_r
 .text.__retarget_lock_init_recursive
                0x10006210        0x4 c:/maximsdk/tools/gnutools/10.3/bin/../lib/gcc/arm-none-eabi/10.3.1/../../../../arm-none-eabi/lib/thumb/v7e-m+fp/softfp\libc.a(lib_a-lock.o)
                0x10006210                __retarget_lock_init_recursive
 .text.__retarget_lock_close_recursive
                0x10006214        0x4 c:/maximsdk/tools/gnutools/10.3/bin/../lib/gcc/arm-none-eabi/10.3.1/../../../../arm-none-eabi/lib/thumb/v7e-m+fp/softfp\libc.a(lib_a-lock.o)
                0x10006214                __retarget_lock_close_recursive
 .text.__retarget_lock_acquire_recursive
                0x10006218        0x4 c:/maximsdk/tools/gnutools/10.3/bin/../lib/gcc/arm-none-eabi/10.3.1/../../../../arm-none-eabi/lib/thumb/v7e-m+fp/softfp\libc.a(lib_a-lock.o)
                0x10006218                __retarget_lock_acquire_recursive
 .text.__retarget_lock_release_recursive
                0x1000621c        0x4 c:/maximsdk/tools/gnutools/10.3/bin/../lib/gcc/arm-none-eabi/10.3.1/../../../../arm-none-eabi/lib/thumb/v7e-m+fp/softfp\libc.a(lib_a-lock.o)
                0x1000621c                __retarget_lock_release_recursive
 .text.__smakebuf_r
                0x10006220       0xe0 c:/maximsdk/tools/gnutools/10.3/bin/../lib/gcc/arm-none-eabi/10.3.1/../../../../arm-none-eabi/lib/thumb/v7e-m+fp/softfp\libc.a(lib_a-makebuf.o)
                0x10006220                __smakebuf_r
 .text          0x10006300       0xa0 c:/maximsdk/tools/gnutools/10.3/bin/../lib/gcc/arm-none-eabi/10.3.1/../../../../arm-none-eabi/lib/thumb/v7e-m+fp/softfp\libc.a(lib_a-memchr.o)
                0x10006300                memchr
 .text.memmove  0x100063a0       0xf8 c:/maximsdk/tools/gnutools/10.3/bin/../lib/gcc/arm-none-eabi/10.3.1/../../../../arm-none-eabi/lib/thumb/v7e-m+fp/softfp\libc.a(lib_a-memmove.o)
                0x100063a0                memmove
 .text._Balloc  0x10006498       0x4c c:/maximsdk/tools/gnutools/10.3/bin/../lib/gcc/arm-none-eabi/10.3.1/../../../../arm-none-eabi/lib/thumb/v7e-m+fp/softfp\libc.a(lib_a-mprec.o)
                0x10006498                _Balloc
 .text._Bfree   0x100064e4       0x14 c:/maximsdk/tools/gnutools/10.3/bin/../lib/gcc/arm-none-eabi/10.3.1/../../../../arm-none-eabi/lib/thumb/v7e-m+fp/softfp\libc.a(lib_a-mprec.o)
                0x100064e4                _Bfree
 .text.__multadd
                0x100064f8       0xa8 c:/maximsdk/tools/gnutools/10.3/bin/../lib/gcc/arm-none-eabi/10.3.1/../../../../arm-none-eabi/lib/thumb/v7e-m+fp/softfp\libc.a(lib_a-mprec.o)
                0x100064f8                __multadd
 .text.__hi0bits
                0x100065a0       0x40 c:/maximsdk/tools/gnutools/10.3/bin/../lib/gcc/arm-none-eabi/10.3.1/../../../../arm-none-eabi/lib/thumb/v7e-m+fp/softfp\libc.a(lib_a-mprec.o)
                0x100065a0                __hi0bits
 .text.__lo0bits
                0x100065e0       0x60 c:/maximsdk/tools/gnutools/10.3/bin/../lib/gcc/arm-none-eabi/10.3.1/../../../../arm-none-eabi/lib/thumb/v7e-m+fp/softfp\libc.a(lib_a-mprec.o)
                0x100065e0                __lo0bits
 .text.__i2b    0x10006640       0x5c c:/maximsdk/tools/gnutools/10.3/bin/../lib/gcc/arm-none-eabi/10.3.1/../../../../arm-none-eabi/lib/thumb/v7e-m+fp/softfp\libc.a(lib_a-mprec.o)
                0x10006640                __i2b
 .text.__multiply
                0x1000669c      0x15c c:/maximsdk/tools/gnutools/10.3/bin/../lib/gcc/arm-none-eabi/10.3.1/../../../../arm-none-eabi/lib/thumb/v7e-m+fp/softfp\libc.a(lib_a-mprec.o)
                0x1000669c                __multiply
 .text.__pow5mult
                0x100067f8       0xc0 c:/maximsdk/tools/gnutools/10.3/bin/../lib/gcc/arm-none-eabi/10.3.1/../../../../arm-none-eabi/lib/thumb/v7e-m+fp/softfp\libc.a(lib_a-mprec.o)
                0x100067f8                __pow5mult
 .text.__lshift
                0x100068b8       0xf0 c:/maximsdk/tools/gnutools/10.3/bin/../lib/gcc/arm-none-eabi/10.3.1/../../../../arm-none-eabi/lib/thumb/v7e-m+fp/softfp\libc.a(lib_a-mprec.o)
                0x100068b8                __lshift
 .text.__mcmp   0x100069a8       0x44 c:/maximsdk/tools/gnutools/10.3/bin/../lib/gcc/arm-none-eabi/10.3.1/../../../../arm-none-eabi/lib/thumb/v7e-m+fp/softfp\libc.a(lib_a-mprec.o)
                0x100069a8                __mcmp
 .text.__mdiff  0x100069ec      0x14c c:/maximsdk/tools/gnutools/10.3/bin/../lib/gcc/arm-none-eabi/10.3.1/../../../../arm-none-eabi/lib/thumb/v7e-m+fp/softfp\libc.a(lib_a-mprec.o)
                0x100069ec                __mdiff
 .text.__d2b    0x10006b38       0xc4 c:/maximsdk/tools/gnutools/10.3/bin/../lib/gcc/arm-none-eabi/10.3.1/../../../../arm-none-eabi/lib/thumb/v7e-m+fp/softfp\libc.a(lib_a-mprec.o)
                0x10006b38                __d2b
 .text._realloc_r
                0x10006bfc      0x3d8 c:/maximsdk/tools/gnutools/10.3/bin/../lib/gcc/arm-none-eabi/10.3.1/../../../../arm-none-eabi/lib/thumb/v7e-m+fp/softfp\libc.a(lib_a-reallocr.o)
                0x10006bfc                _realloc_r
 .text.frexp    0x10006fd4       0x70 c:/maximsdk/tools/gnutools/10.3/bin/../lib/gcc/arm-none-eabi/10.3.1/../../../../arm-none-eabi/lib/thumb/v7e-m+fp/softfp\libc.a(lib_a-s_frexp.o)
                0x10006fd4                frexp
 .text.__sread  0x10007044       0x24 c:/maximsdk/tools/gnutools/10.3/bin/../lib/gcc/arm-none-eabi/10.3.1/../../../../arm-none-eabi/lib/thumb/v7e-m+fp/softfp\libc.a(lib_a-stdio.o)
                0x10007044                __sread
 .text.__swrite
                0x10007068       0x40 c:/maximsdk/tools/gnutools/10.3/bin/../lib/gcc/arm-none-eabi/10.3.1/../../../../arm-none-eabi/lib/thumb/v7e-m+fp/softfp\libc.a(lib_a-stdio.o)
                0x10007068                __swrite
 .text.__sseek  0x100070a8       0x20 c:/maximsdk/tools/gnutools/10.3/bin/../lib/gcc/arm-none-eabi/10.3.1/../../../../arm-none-eabi/lib/thumb/v7e-m+fp/softfp\libc.a(lib_a-stdio.o)
                0x100070a8                __sseek
 .text.__sclose
                0x100070c8        0x8 c:/maximsdk/tools/gnutools/10.3/bin/../lib/gcc/arm-none-eabi/10.3.1/../../../../arm-none-eabi/lib/thumb/v7e-m+fp/softfp\libc.a(lib_a-stdio.o)
                0x100070c8                __sclose
 .text.strncpy  0x100070d0       0x64 c:/maximsdk/tools/gnutools/10.3/bin/../lib/gcc/arm-none-eabi/10.3.1/../../../../arm-none-eabi/lib/thumb/v7e-m+fp/softfp\libc.a(lib_a-strncpy.o)
                0x100070d0                strncpy
 .text.__sprint_r.part.0
                0x10007134       0x78 c:/maximsdk/tools/gnutools/10.3/bin/../lib/gcc/arm-none-eabi/10.3.1/../../../../arm-none-eabi/lib/thumb/v7e-m+fp/softfp\libc.a(lib_a-vfiprintf.o)
 .text.__sprint_r
                0x100071ac       0x18 c:/maximsdk/tools/gnutools/10.3/bin/../lib/gcc/arm-none-eabi/10.3.1/../../../../arm-none-eabi/lib/thumb/v7e-m+fp/softfp\libc.a(lib_a-vfiprintf.o)
                0x100071ac                __sprint_r
 .text._vfiprintf_r
                0x100071c4      0xdfc c:/maximsdk/tools/gnutools/10.3/bin/../lib/gcc/arm-none-eabi/10.3.1/../../../../arm-none-eabi/lib/thumb/v7e-m+fp/softfp\libc.a(lib_a-vfiprintf.o)
                0x100071c4                _vfiprintf_r
 .text.__sbprintf
                0x10007fc0       0x80 c:/maximsdk/tools/gnutools/10.3/bin/../lib/gcc/arm-none-eabi/10.3.1/../../../../arm-none-eabi/lib/thumb/v7e-m+fp/softfp\libc.a(lib_a-vfiprintf.o)
 .text._write_r
                0x10008040       0x2c c:/maximsdk/tools/gnutools/10.3/bin/../lib/gcc/arm-none-eabi/10.3.1/../../../../arm-none-eabi/lib/thumb/v7e-m+fp/softfp\libc.a(lib_a-writer.o)
                0x10008040                _write_r
 .text.__register_exitproc
                0x1000806c       0x8c c:/maximsdk/tools/gnutools/10.3/bin/../lib/gcc/arm-none-eabi/10.3.1/../../../../arm-none-eabi/lib/thumb/v7e-m+fp/softfp\libc.a(lib_a-__atexit.o)
                0x1000806c                __register_exitproc
 .text.__assert_func
                0x100080f8       0x40 c:/maximsdk/tools/gnutools/10.3/bin/../lib/gcc/arm-none-eabi/10.3.1/../../../../arm-none-eabi/lib/thumb/v7e-m+fp/softfp\libc.a(lib_a-assert.o)
                0x100080f8                __assert_func
 .text._calloc_r
                0x10008138       0x78 c:/maximsdk/tools/gnutools/10.3/bin/../lib/gcc/arm-none-eabi/10.3.1/../../../../arm-none-eabi/lib/thumb/v7e-m+fp/softfp\libc.a(lib_a-callocr.o)
                0x10008138                _calloc_r
 .text._close_r
                0x100081b0       0x24 c:/maximsdk/tools/gnutools/10.3/bin/../lib/gcc/arm-none-eabi/10.3.1/../../../../arm-none-eabi/lib/thumb/v7e-m+fp/softfp\libc.a(lib_a-closer.o)
                0x100081b0                _close_r
 .text._fclose_r
                0x100081d4       0xcc c:/maximsdk/tools/gnutools/10.3/bin/../lib/gcc/arm-none-eabi/10.3.1/../../../../arm-none-eabi/lib/thumb/v7e-m+fp/softfp\libc.a(lib_a-fclose.o)
                0x100081d4                _fclose_r
 .text.fiprintf
                0x100082a0       0x28 c:/maximsdk/tools/gnutools/10.3/bin/../lib/gcc/arm-none-eabi/10.3.1/../../../../arm-none-eabi/lib/thumb/v7e-m+fp/softfp\libc.a(lib_a-fiprintf.o)
                0x100082a0                fiprintf
 .text.__fputwc
                0x100082c8       0xa8 c:/maximsdk/tools/gnutools/10.3/bin/../lib/gcc/arm-none-eabi/10.3.1/../../../../arm-none-eabi/lib/thumb/v7e-m+fp/softfp\libc.a(lib_a-fputwc.o)
                0x100082c8                __fputwc
 .text._fputwc_r
                0x10008370       0x68 c:/maximsdk/tools/gnutools/10.3/bin/../lib/gcc/arm-none-eabi/10.3.1/../../../../arm-none-eabi/lib/thumb/v7e-m+fp/softfp\libc.a(lib_a-fputwc.o)
                0x10008370                _fputwc_r
 .text._fstat_r
                0x100083d8       0x2c c:/maximsdk/tools/gnutools/10.3/bin/../lib/gcc/arm-none-eabi/10.3.1/../../../../arm-none-eabi/lib/thumb/v7e-m+fp/softfp\libc.a(lib_a-fstatr.o)
                0x100083d8                _fstat_r
 .text._isatty_r
                0x10008404       0x24 c:/maximsdk/tools/gnutools/10.3/bin/../lib/gcc/arm-none-eabi/10.3.1/../../../../arm-none-eabi/lib/thumb/v7e-m+fp/softfp\libc.a(lib_a-isattyr.o)
                0x10008404                _isatty_r
 .text.__locale_mb_cur_max
                0x10008428        0xc c:/maximsdk/tools/gnutools/10.3/bin/../lib/gcc/arm-none-eabi/10.3.1/../../../../arm-none-eabi/lib/thumb/v7e-m+fp/softfp\libc.a(lib_a-locale.o)
                0x10008428                __locale_mb_cur_max
 .text._lseek_r
                0x10008434       0x2c c:/maximsdk/tools/gnutools/10.3/bin/../lib/gcc/arm-none-eabi/10.3.1/../../../../arm-none-eabi/lib/thumb/v7e-m+fp/softfp\libc.a(lib_a-lseekr.o)
                0x10008434                _lseek_r
 .text.__ascii_mbtowc
                0x10008460       0x2c c:/maximsdk/tools/gnutools/10.3/bin/../lib/gcc/arm-none-eabi/10.3.1/../../../../arm-none-eabi/lib/thumb/v7e-m+fp/softfp\libc.a(lib_a-mbtowc_r.o)
                0x10008460                __ascii_mbtowc
 .text._read_r  0x1000848c       0x2c c:/maximsdk/tools/gnutools/10.3/bin/../lib/gcc/arm-none-eabi/10.3.1/../../../../arm-none-eabi/lib/thumb/v7e-m+fp/softfp\libc.a(lib_a-readr.o)
                0x1000848c                _read_r
 .text.__swbuf_r
                0x100084b8       0xb0 c:/maximsdk/tools/gnutools/10.3/bin/../lib/gcc/arm-none-eabi/10.3.1/../../../../arm-none-eabi/lib/thumb/v7e-m+fp/softfp\libc.a(lib_a-wbuf.o)
                0x100084b8                __swbuf_r
 .text._wcrtomb_r
                0x10008568       0x3c c:/maximsdk/tools/gnutools/10.3/bin/../lib/gcc/arm-none-eabi/10.3.1/../../../../arm-none-eabi/lib/thumb/v7e-m+fp/softfp\libc.a(lib_a-wcrtomb.o)
                0x10008568                _wcrtomb_r
 .text.__ascii_wctomb
                0x100085a4       0x1c c:/maximsdk/tools/gnutools/10.3/bin/../lib/gcc/arm-none-eabi/10.3.1/../../../../arm-none-eabi/lib/thumb/v7e-m+fp/softfp\libc.a(lib_a-wctomb_r.o)
                0x100085a4                __ascii_wctomb
 .text.abort    0x100085c0       0x10 c:/maximsdk/tools/gnutools/10.3/bin/../lib/gcc/arm-none-eabi/10.3.1/../../../../arm-none-eabi/lib/thumb/v7e-m+fp/softfp\libc.a(lib_a-abort.o)
                0x100085c0                abort
 .text.raise    0x100085d0       0x5c c:/maximsdk/tools/gnutools/10.3/bin/../lib/gcc/arm-none-eabi/10.3.1/../../../../arm-none-eabi/lib/thumb/v7e-m+fp/softfp\libc.a(lib_a-signal.o)
                0x100085d0                raise
 .text._kill_r  0x1000862c       0x2c c:/maximsdk/tools/gnutools/10.3/bin/../lib/gcc/arm-none-eabi/10.3.1/../../../../arm-none-eabi/lib/thumb/v7e-m+fp/softfp\libc.a(lib_a-signalr.o)
                0x1000862c                _kill_r
 .text._getpid_r
                0x10008658        0x4 c:/maximsdk/tools/gnutools/10.3/bin/../lib/gcc/arm-none-eabi/10.3.1/../../../../arm-none-eabi/lib/thumb/v7e-m+fp/softfp\libc.a(lib_a-signalr.o)
                0x10008658                _getpid_r
 .text._exit    0x1000865c        0x4 c:/maximsdk/tools/gnutools/10.3/bin/../lib/gcc/arm-none-eabi/10.3.1/../../../../arm-none-eabi/lib/thumb/v7e-m+fp/softfp\libnosys.a(_exit.o)
                0x1000865c                _exit
 .text          0x10008660      0x378 c:/maximsdk/tools/gnutools/10.3/bin/../lib/gcc/arm-none-eabi/10.3.1/thumb/v7e-m+fp/softfp\libgcc.a(_arm_addsubdf3.o)
                0x10008660                __aeabi_drsub
                0x10008668                __aeabi_dsub
                0x10008668                __subdf3
                0x1000866c                __aeabi_dadd
                0x1000866c                __adddf3
                0x100088e4                __floatunsidf
                0x100088e4                __aeabi_ui2d
                0x10008904                __floatsidf
                0x10008904                __aeabi_i2d
                0x10008928                __aeabi_f2d
                0x10008928                __extendsfdf2
                0x1000896c                __floatundidf
                0x1000896c                __aeabi_ul2d
                0x1000897c                __floatdidf
                0x1000897c                __aeabi_l2d
 .text          0x100089d8      0x424 c:/maximsdk/tools/gnutools/10.3/bin/../lib/gcc/arm-none-eabi/10.3.1/thumb/v7e-m+fp/softfp\libgcc.a(_arm_muldivdf3.o)
                0x100089d8                __aeabi_dmul
                0x100089d8                __muldf3
                0x10008c2c                __divdf3
                0x10008c2c                __aeabi_ddiv
 .text          0x10008dfc      0x110 c:/maximsdk/tools/gnutools/10.3/bin/../lib/gcc/arm-none-eabi/10.3.1/thumb/v7e-m+fp/softfp\libgcc.a(_arm_cmpdf2.o)
                0x10008dfc                __gtdf2
                0x10008dfc                __gedf2
                0x10008e04                __ltdf2
                0x10008e04                __ledf2
                0x10008e0c                __nedf2
                0x10008e0c                __eqdf2
                0x10008e0c                __cmpdf2
                0x10008e88                __aeabi_cdrcmple
                0x10008e98                __aeabi_cdcmpeq
                0x10008e98                __aeabi_cdcmple
                0x10008ea8                __aeabi_dcmpeq
                0x10008ebc                __aeabi_dcmplt
                0x10008ed0                __aeabi_dcmple
                0x10008ee4                __aeabi_dcmpge
                0x10008ef8                __aeabi_dcmpgt
 .text          0x10008f0c       0x2c c:/maximsdk/tools/gnutools/10.3/bin/../lib/gcc/arm-none-eabi/10.3.1/thumb/v7e-m+fp/softfp\libgcc.a(_arm_unorddf2.o)
                0x10008f0c                __unorddf2
                0x10008f0c                __aeabi_dcmpun
 .text          0x10008f38       0x50 c:/maximsdk/tools/gnutools/10.3/bin/../lib/gcc/arm-none-eabi/10.3.1/thumb/v7e-m+fp/softfp\libgcc.a(_arm_fixdfsi.o)
                0x10008f38                __aeabi_d2iz
                0x10008f38                __fixdfsi
 .text          0x10008f88       0x30 c:/maximsdk/tools/gnutools/10.3/bin/../lib/gcc/arm-none-eabi/10.3.1/thumb/v7e-m+fp/softfp\libgcc.a(_aeabi_uldivmod.o)
                0x10008f88                __aeabi_uldivmod
 .text          0x10008fb8      0x2d0 c:/maximsdk/tools/gnutools/10.3/bin/../lib/gcc/arm-none-eabi/10.3.1/thumb/v7e-m+fp/softfp\libgcc.a(_udivmoddi4.o)
                0x10008fb8                __udivmoddi4
 .text          0x10009288        0x4 c:/maximsdk/tools/gnutools/10.3/bin/../lib/gcc/arm-none-eabi/10.3.1/thumb/v7e-m+fp/softfp\libgcc.a(_dvmd_tls.o)
                0x10009288                __aeabi_idiv0
                0x10009288                __aeabi_ldiv0
 *(.rodata*)
 .rodata.bias_0
                0x1000928c        0xd c:/MaximSDK/Examples/MAX78000/imu_fixed_inputs_no_softmax/build/cnn.o
 *fill*         0x10009299        0x3 
 .rodata.bias_1
                0x1000929c       0x10 c:/MaximSDK/Examples/MAX78000/imu_fixed_inputs_no_softmax/build/cnn.o
 .rodata.bias_2
                0x100092ac        0xd c:/MaximSDK/Examples/MAX78000/imu_fixed_inputs_no_softmax/build/cnn.o
 *fill*         0x100092b9        0x3 
 .rodata.bias_3
                0x100092bc        0x8 c:/MaximSDK/Examples/MAX78000/imu_fixed_inputs_no_softmax/build/cnn.o
 .rodata.kernels
                0x100092c4     0x1e44 c:/MaximSDK/Examples/MAX78000/imu_fixed_inputs_no_softmax/build/cnn.o
 .rodata.fail.str1.4
                0x1000b108        0xf c:/MaximSDK/Examples/MAX78000/imu_fixed_inputs_no_softmax/build/main.o
 *fill*         0x1000b117        0x1 
 .rodata.check_output.str1.4
                0x1000b118       0x48 c:/MaximSDK/Examples/MAX78000/imu_fixed_inputs_no_softmax/build/main.o
 .rodata.main.str1.4
                0x1000b160       0x53 c:/MaximSDK/Examples/MAX78000/imu_fixed_inputs_no_softmax/build/main.o
 *fill*         0x1000b1b3        0x1 
 .rodata.input_0
                0x1000b1b4       0x90 c:/MaximSDK/Examples/MAX78000/imu_fixed_inputs_no_softmax/build/main.o
 .rodata.input_12
                0x1000b244       0x90 c:/MaximSDK/Examples/MAX78000/imu_fixed_inputs_no_softmax/build/main.o
 .rodata.input_16
                0x1000b2d4       0x90 c:/MaximSDK/Examples/MAX78000/imu_fixed_inputs_no_softmax/build/main.o
 .rodata.input_20
                0x1000b364       0x90 c:/MaximSDK/Examples/MAX78000/imu_fixed_inputs_no_softmax/build/main.o
 .rodata.input_24
                0x1000b3f4       0x90 c:/MaximSDK/Examples/MAX78000/imu_fixed_inputs_no_softmax/build/main.o
 .rodata.input_28
                0x1000b484       0x90 c:/MaximSDK/Examples/MAX78000/imu_fixed_inputs_no_softmax/build/main.o
 .rodata.input_4
                0x1000b514       0x90 c:/MaximSDK/Examples/MAX78000/imu_fixed_inputs_no_softmax/build/main.o
 .rodata.input_8
                0x1000b5a4       0x90 c:/MaximSDK/Examples/MAX78000/imu_fixed_inputs_no_softmax/build/main.o
 .rodata.sample_output
                0x1000b634       0x24 c:/MaximSDK/Examples/MAX78000/imu_fixed_inputs_no_softmax/build/main.o
 .rodata.mxc_assert.str1.4
                0x1000b658       0x19 c:/MaximSDK/Examples/MAX78000/imu_fixed_inputs_no_softmax/build/board.o
 *fill*         0x1000b671        0x3 
 .rodata.Board_Init.str1.4
                0x1000b674       0x45 c:/MaximSDK/Examples/MAX78000/imu_fixed_inputs_no_softmax/build/board.o
 *fill*         0x1000b6b9        0x3 
 .rodata        0x1000b6bc       0x54 c:/MaximSDK/Examples/MAX78000/imu_fixed_inputs_no_softmax/build/board.o
 .rodata.led_pin
                0x1000b710       0x18 c:/MaximSDK/Examples/MAX78000/imu_fixed_inputs_no_softmax/build/board.o
                0x1000b710                led_pin
 .rodata.num_leds
                0x1000b728        0x4 c:/MaximSDK/Examples/MAX78000/imu_fixed_inputs_no_softmax/build/board.o
                0x1000b728                num_leds
 .rodata.num_pbs
                0x1000b72c        0x4 c:/MaximSDK/Examples/MAX78000/imu_fixed_inputs_no_softmax/build/board.o
                0x1000b72c                num_pbs
 .rodata.pb_pin
                0x1000b730       0x18 c:/MaximSDK/Examples/MAX78000/imu_fixed_inputs_no_softmax/build/board.o
                0x1000b730                pb_pin
 .rodata.LED_On.str1.4
                0x1000b748       0x3b c:/MaximSDK/Examples/MAX78000/imu_fixed_inputs_no_softmax/build/led.o
 *fill*         0x1000b783        0x1 
 .rodata.gpio_cfg_extclk
                0x1000b784        0xc C:/MaximSDK/Libraries/PeriphDrivers/bin/MAX78000/spi-v1_softfp/libPeriphDriver_spi-v1_softfp.a(pins_ai85.o)
                0x1000b784                gpio_cfg_extclk
 .rodata.gpio_cfg_uart0
                0x1000b790        0xc C:/MaximSDK/Libraries/PeriphDrivers/bin/MAX78000/spi-v1_softfp/libPeriphDriver_spi-v1_softfp.a(pins_ai85.o)
                0x1000b790                gpio_cfg_uart0
 .rodata.gpio_cfg_uart1
                0x1000b79c        0xc C:/MaximSDK/Libraries/PeriphDrivers/bin/MAX78000/spi-v1_softfp/libPeriphDriver_spi-v1_softfp.a(pins_ai85.o)
                0x1000b79c                gpio_cfg_uart1
 .rodata.gpio_cfg_uart2
                0x1000b7a8        0xc C:/MaximSDK/Libraries/PeriphDrivers/bin/MAX78000/spi-v1_softfp/libPeriphDriver_spi-v1_softfp.a(pins_ai85.o)
                0x1000b7a8                gpio_cfg_uart2
 .rodata.gpio_cfg_uart3
                0x1000b7b4        0xc C:/MaximSDK/Libraries/PeriphDrivers/bin/MAX78000/spi-v1_softfp/libPeriphDriver_spi-v1_softfp.a(pins_ai85.o)
                0x1000b7b4                gpio_cfg_uart3
 .rodata.MXC_UART_RevB_Init.str1.4
                0x1000b7c0       0x77 C:/MaximSDK/Libraries/PeriphDrivers/bin/MAX78000/spi-v1_softfp/libPeriphDriver_spi-v1_softfp.a(uart_revb.o)
 *fill*         0x1000b837        0x1 
 .rodata.MXC_UART_RevB_SetClockSource.str1.4
                0x1000b838       0x27 C:/MaximSDK/Libraries/PeriphDrivers/bin/MAX78000/spi-v1_softfp/libPeriphDriver_spi-v1_softfp.a(uart_revb.o)
 *fill*         0x1000b85f        0x1 
 .rodata.MXC_GPIO_Common_Handler.str1.4
                0x1000b860       0x66 C:/MaximSDK/Libraries/PeriphDrivers/bin/MAX78000/spi-v1_softfp/libPeriphDriver_spi-v1_softfp.a(gpio_common.o)
 *fill*         0x1000b8c6        0x2 
 .rodata._global_impure_ptr
                0x1000b8c8        0x4 c:/maximsdk/tools/gnutools/10.3/bin/../lib/gcc/arm-none-eabi/10.3.1/../../../../arm-none-eabi/lib/thumb/v7e-m+fp/softfp\libc.a(lib_a-impure.o)
                0x1000b8c8                _global_impure_ptr
 .rodata._puts_r.str1.4
                0x1000b8cc        0x2 c:/maximsdk/tools/gnutools/10.3/bin/../lib/gcc/arm-none-eabi/10.3.1/../../../../arm-none-eabi/lib/thumb/v7e-m+fp/softfp\libc.a(lib_a-puts.o)
 *fill*         0x1000b8ce        0x2 
 .rodata._vfprintf_r.str1.4
                0x1000b8d0       0x42 c:/maximsdk/tools/gnutools/10.3/bin/../lib/gcc/arm-none-eabi/10.3.1/../../../../arm-none-eabi/lib/thumb/v7e-m+fp/softfp\libc.a(lib_a-vfprintf.o)
 *fill*         0x1000b912        0x2 
 .rodata.blanks.1
                0x1000b914       0x10 c:/maximsdk/tools/gnutools/10.3/bin/../lib/gcc/arm-none-eabi/10.3.1/../../../../arm-none-eabi/lib/thumb/v7e-m+fp/softfp\libc.a(lib_a-vfprintf.o)
 .rodata.zeroes.0
                0x1000b924       0x10 c:/maximsdk/tools/gnutools/10.3/bin/../lib/gcc/arm-none-eabi/10.3.1/../../../../arm-none-eabi/lib/thumb/v7e-m+fp/softfp\libc.a(lib_a-vfprintf.o)
 .rodata._dtoa_r.str1.4
                0x1000b934       0xa2 c:/maximsdk/tools/gnutools/10.3/bin/../lib/gcc/arm-none-eabi/10.3.1/../../../../arm-none-eabi/lib/thumb/v7e-m+fp/softfp\libc.a(lib_a-dtoa.o)
                                 0xa6 (size before relaxing)
 *fill*         0x1000b9d6        0x2 
 .rodata.__multadd.str1.4
                0x1000b9d8       0x7f c:/maximsdk/tools/gnutools/10.3/bin/../lib/gcc/arm-none-eabi/10.3.1/../../../../arm-none-eabi/lib/thumb/v7e-m+fp/softfp\libc.a(lib_a-mprec.o)
                                 0x93 (size before relaxing)
 *fill*         0x1000ba57        0x1 
 .rodata.__mprec_bigtens
                0x1000ba58       0x28 c:/maximsdk/tools/gnutools/10.3/bin/../lib/gcc/arm-none-eabi/10.3.1/../../../../arm-none-eabi/lib/thumb/v7e-m+fp/softfp\libc.a(lib_a-mprec.o)
                0x1000ba58                __mprec_bigtens
 .rodata.__mprec_tens
                0x1000ba80       0xc8 c:/maximsdk/tools/gnutools/10.3/bin/../lib/gcc/arm-none-eabi/10.3.1/../../../../arm-none-eabi/lib/thumb/v7e-m+fp/softfp\libc.a(lib_a-mprec.o)
                0x1000ba80                __mprec_tens
 .rodata.p05.0  0x1000bb48        0xc c:/maximsdk/tools/gnutools/10.3/bin/../lib/gcc/arm-none-eabi/10.3.1/../../../../arm-none-eabi/lib/thumb/v7e-m+fp/softfp\libc.a(lib_a-mprec.o)
 .rodata._vfiprintf_r.str1.4
                0x1000bb54       0x2f c:/maximsdk/tools/gnutools/10.3/bin/../lib/gcc/arm-none-eabi/10.3.1/../../../../arm-none-eabi/lib/thumb/v7e-m+fp/softfp\libc.a(lib_a-vfiprintf.o)
 .rodata.blanks.1
                0x1000bb54       0x10 c:/maximsdk/tools/gnutools/10.3/bin/../lib/gcc/arm-none-eabi/10.3.1/../../../../arm-none-eabi/lib/thumb/v7e-m+fp/softfp\libc.a(lib_a-vfiprintf.o)
 .rodata.zeroes.0
                0x1000bb64       0x10 c:/maximsdk/tools/gnutools/10.3/bin/../lib/gcc/arm-none-eabi/10.3.1/../../../../arm-none-eabi/lib/thumb/v7e-m+fp/softfp\libc.a(lib_a-vfiprintf.o)
 .rodata.__assert_func.str1.4
                0x1000bb74       0x3f c:/maximsdk/tools/gnutools/10.3/bin/../lib/gcc/arm-none-eabi/10.3.1/../../../../arm-none-eabi/lib/thumb/v7e-m+fp/softfp\libc.a(lib_a-assert.o)
                                 0x43 (size before relaxing)
 *fill*         0x1000bbb3        0x1 
 .rodata._setlocale_r.str1.4
                0x1000bbb4        0xa c:/maximsdk/tools/gnutools/10.3/bin/../lib/gcc/arm-none-eabi/10.3.1/../../../../arm-none-eabi/lib/thumb/v7e-m+fp/softfp\libc.a(lib_a-locale.o)
                                  0xd (size before relaxing)
 *fill*         0x1000bbbe        0x2 
 .rodata.str1.4
                0x1000bbc0        0x2 c:/maximsdk/tools/gnutools/10.3/bin/../lib/gcc/arm-none-eabi/10.3.1/../../../../arm-none-eabi/lib/thumb/v7e-m+fp/softfp\libc.a(lib_a-locale.o)
 *fill*         0x1000bbc2        0x2 
 .rodata._ctype_
                0x1000bbc4      0x101 c:/maximsdk/tools/gnutools/10.3/bin/../lib/gcc/arm-none-eabi/10.3.1/../../../../arm-none-eabi/lib/thumb/v7e-m+fp/softfp\libc.a(lib_a-ctype_.o)
                0x1000bbc4                _ctype_
 *(.init)
 *fill*         0x1000bcc5        0x3 
 .init          0x1000bcc8        0x4 c:/maximsdk/tools/gnutools/10.3/bin/../lib/gcc/arm-none-eabi/10.3.1/thumb/v7e-m+fp/softfp/crti.o
                0x1000bcc8                _init
 .init          0x1000bccc        0x8 c:/maximsdk/tools/gnutools/10.3/bin/../lib/gcc/arm-none-eabi/10.3.1/thumb/v7e-m+fp/softfp/crtn.o
 *(.fini)
 .fini          0x1000bcd4        0x4 c:/maximsdk/tools/gnutools/10.3/bin/../lib/gcc/arm-none-eabi/10.3.1/thumb/v7e-m+fp/softfp/crti.o
                0x1000bcd4                _fini
 .fini          0x1000bcd8        0x8 c:/maximsdk/tools/gnutools/10.3/bin/../lib/gcc/arm-none-eabi/10.3.1/thumb/v7e-m+fp/softfp/crtn.o
 *crtbegin.o(.ctors)
 *crtbegin?.o(.ctors)
 *(EXCLUDE_FILE(*crtend.o *crtend?.o) .ctors)
 *(SORT_BY_NAME(.ctors.*))
 *(.ctors)
 *crtbegin.o(.dtors)
 *crtbegin?.o(.dtors)
 *(EXCLUDE_FILE(*crtend.o *crtend?.o) .dtors)
 *(SORT_BY_NAME(.dtors.*))
 *(.dtors)
 *(.eh_frame*)
 .eh_frame      0x1000bce0        0x0 c:/maximsdk/tools/gnutools/10.3/bin/../lib/gcc/arm-none-eabi/10.3.1/thumb/v7e-m+fp/softfp/crtbegin.o
 .eh_frame      0x1000bce0        0x4 c:/maximsdk/tools/gnutools/10.3/bin/../lib/gcc/arm-none-eabi/10.3.1/thumb/v7e-m+fp/softfp/crtend.o
                0x1000bce4                _etext = .

.glue_7         0x1000bce4        0x0
 .glue_7        0x1000bce4        0x0 linker stubs

.glue_7t        0x1000bce4        0x0
 .glue_7t       0x1000bce4        0x0 linker stubs

.vfp11_veneer   0x1000bce4        0x0
 .vfp11_veneer  0x1000bce4        0x0 linker stubs

.v4_bx          0x1000bce4        0x0
 .v4_bx         0x1000bce4        0x0 linker stubs

.iplt           0x1000bce4        0x0
 .iplt          0x1000bce4        0x0 c:/maximsdk/tools/gnutools/10.3/bin/../lib/gcc/arm-none-eabi/10.3.1/thumb/v7e-m+fp/softfp/crtbegin.o

.ARM.extab
 *(.ARM.extab* .gnu.linkonce.armextab.*)

.bin_storage    0x1000bce4        0x0
 FILL mask 0xff
                0x1000bce4                _bin_start_ = .
 *(.bin_storage_img)
                0x1000bce4                _bin_end_ = .
                0x1000bce4                . = ALIGN (0x4)

.rom_code       0x00000000        0x0
                0x00000000                . = ALIGN (0x10)
                0x20000000                _sran_code = .
 *(.rom_code_section)
                0x20000000                _esran_code = .

.flash_code     0x1000bce4        0xc
                0x1000bcf0                . = ALIGN (0x10)
 *fill*         0x1000bce4        0xc 
                0x20000000                _sran_code = .
 *(.flash_code_section)
                0x20000000                _esran_code = .

.sram_code      0x20000000        0x0
                0x20000000                . = ALIGN (0x10)
                0x20000000                _sran_code = .
 *(.sram_code_section)
                0x20000000                _esran_code = .

.ARM.exidx      0x1000bcf0        0x8
                0x1000bcf0                __exidx_start = .
 *(.ARM.exidx* .gnu.linkonce.armexidx.*)
 .ARM.exidx     0x1000bcf0        0x8 c:/maximsdk/tools/gnutools/10.3/bin/../lib/gcc/arm-none-eabi/10.3.1/thumb/v7e-m+fp/softfp\libgcc.a(_udivmoddi4.o)
                0x1000bcf8                __exidx_end = .

.rel.dyn        0x1000bcf8        0x0
 .rel.iplt      0x1000bcf8        0x0 c:/maximsdk/tools/gnutools/10.3/bin/../lib/gcc/arm-none-eabi/10.3.1/thumb/v7e-m+fp/softfp/crtbegin.o

.data           0x20000000      0xa24 load address 0x1000bcf8
                0x20000000                _data = ALIGN (., 0x4)
 *(vtable)
 *(.data*)
 .data.ConsoleUart
                0x20000000        0x4 c:/MaximSDK/Examples/MAX78000/imu_fixed_inputs_no_softmax/build/board.o
                0x20000000                ConsoleUart
 .data.overflows
                0x20000004        0x4 C:/MaximSDK/Libraries/PeriphDrivers/bin/MAX78000/spi-v1_softfp/libPeriphDriver_spi-v1_softfp.a(mxc_delay.o)
 .data.states   0x20000008       0x60 C:/MaximSDK/Libraries/PeriphDrivers/bin/MAX78000/spi-v1_softfp/libPeriphDriver_spi-v1_softfp.a(uart_revb.o)
 .data._impure_ptr
                0x20000068        0x4 c:/maximsdk/tools/gnutools/10.3/bin/../lib/gcc/arm-none-eabi/10.3.1/../../../../arm-none-eabi/lib/thumb/v7e-m+fp/softfp\libc.a(lib_a-impure.o)
                0x20000068                _impure_ptr
 *fill*         0x2000006c        0x4 
 .data.impure_data
                0x20000070      0x428 c:/maximsdk/tools/gnutools/10.3/bin/../lib/gcc/arm-none-eabi/10.3.1/../../../../arm-none-eabi/lib/thumb/v7e-m+fp/softfp\libc.a(lib_a-impure.o)
 .data.__malloc_av_
                0x20000498      0x408 c:/maximsdk/tools/gnutools/10.3/bin/../lib/gcc/arm-none-eabi/10.3.1/../../../../arm-none-eabi/lib/thumb/v7e-m+fp/softfp\libc.a(lib_a-mallocr.o)
                0x20000498                __malloc_av_
 .data.__malloc_sbrk_base
                0x200008a0        0x4 c:/maximsdk/tools/gnutools/10.3/bin/../lib/gcc/arm-none-eabi/10.3.1/../../../../arm-none-eabi/lib/thumb/v7e-m+fp/softfp\libc.a(lib_a-mallocr.o)
                0x200008a0                __malloc_sbrk_base
 .data.__malloc_trim_threshold
                0x200008a4        0x4 c:/maximsdk/tools/gnutools/10.3/bin/../lib/gcc/arm-none-eabi/10.3.1/../../../../arm-none-eabi/lib/thumb/v7e-m+fp/softfp\libc.a(lib_a-mallocr.o)
                0x200008a4                __malloc_trim_threshold
 .data.__atexit_recursive_mutex
                0x200008a8        0x4 c:/maximsdk/tools/gnutools/10.3/bin/../lib/gcc/arm-none-eabi/10.3.1/../../../../arm-none-eabi/lib/thumb/v7e-m+fp/softfp\libc.a(lib_a-__call_atexit.o)
                0x200008a8                __atexit_recursive_mutex
 .data.__global_locale
                0x200008ac      0x16c c:/maximsdk/tools/gnutools/10.3/bin/../lib/gcc/arm-none-eabi/10.3.1/../../../../arm-none-eabi/lib/thumb/v7e-m+fp/softfp\libc.a(lib_a-locale.o)
                0x200008ac                __global_locale
 *(.flashprog*)
                0x20000a18                . = ALIGN (0x4)
                0x20000a18                PROVIDE (__preinit_array_start = .)
 *(.preinit_array)
                0x20000a18                PROVIDE (__preinit_array_end = .)
                0x20000a18                . = ALIGN (0x4)
                0x20000a18                PROVIDE (__init_array_start = .)
 *(SORT_BY_NAME(.init_array.*))
 .init_array.00000
                0x20000a18        0x4 c:/maximsdk/tools/gnutools/10.3/bin/../lib/gcc/arm-none-eabi/10.3.1/../../../../arm-none-eabi/lib/thumb/v7e-m+fp/softfp\libc.a(lib_a-__call_atexit.o)
 *(.init_array)
 .init_array    0x20000a1c        0x4 c:/maximsdk/tools/gnutools/10.3/bin/../lib/gcc/arm-none-eabi/10.3.1/thumb/v7e-m+fp/softfp/crtbegin.o
                0x20000a20                PROVIDE (__init_array_end = .)
                0x20000a20                . = ALIGN (0x4)
                0x20000a20                PROVIDE (__fini_array_start = .)
 *(SORT_BY_NAME(.fini_array.*))
 *(.fini_array)
 .fini_array    0x20000a20        0x4 c:/maximsdk/tools/gnutools/10.3/bin/../lib/gcc/arm-none-eabi/10.3.1/thumb/v7e-m+fp/softfp/crtbegin.o
                0x20000a24                PROVIDE (__fini_array_end = .)
                0x20000a24                _edata = ALIGN (., 0x4)
                0x1000bcf8                __load_data = LOADADDR (.data)

.igot.plt       0x20000a24        0x0 load address 0x1000c71c
 .igot.plt      0x20000a24        0x0 c:/maximsdk/tools/gnutools/10.3/bin/../lib/gcc/arm-none-eabi/10.3.1/thumb/v7e-m+fp/softfp/crtbegin.o

.bss            0x20000c00      0x830 load address 0x1000c71c
                0x20000c00                . = ALIGN (0x4)
                0x20000c00                _bss = .
 *(.bss*)
 .bss           0x20000c00       0x1c c:/maximsdk/tools/gnutools/10.3/bin/../lib/gcc/arm-none-eabi/10.3.1/thumb/v7e-m+fp/softfp/crtbegin.o
 .bss.cnn_time  0x20000c1c        0x4 c:/MaximSDK/Examples/MAX78000/imu_fixed_inputs_no_softmax/build/main.o
                0x20000c1c                cnn_time
 .bss.ml_data   0x20000c20        0xc c:/MaximSDK/Examples/MAX78000/imu_fixed_inputs_no_softmax/build/main.o
 .bss.g_pb_polarity
                0x20000c2c        0x4 c:/MaximSDK/Examples/MAX78000/imu_fixed_inputs_no_softmax/build/pb.o
 .bss.blen_pin  0x20000c30        0xc c:/MaximSDK/Examples/MAX78000/imu_fixed_inputs_no_softmax/build/tft_ssd2119.o
 .bss.g_spi_gpio
                0x20000c3c        0xc c:/MaximSDK/Examples/MAX78000/imu_fixed_inputs_no_softmax/build/tft_ssd2119.o
 .bss.reset_pin
                0x20000c48        0xc c:/MaximSDK/Examples/MAX78000/imu_fixed_inputs_no_softmax/build/tft_ssd2119.o
 .bss.spi       0x20000c54        0x4 c:/MaximSDK/Examples/MAX78000/imu_fixed_inputs_no_softmax/build/tft_ssd2119.o
 .bss.ssel      0x20000c58        0x4 c:/MaximSDK/Examples/MAX78000/imu_fixed_inputs_no_softmax/build/tft_ssd2119.o
 .bss.tft_spi_freq
                0x20000c5c        0x4 c:/MaximSDK/Examples/MAX78000/imu_fixed_inputs_no_softmax/build/tft_ssd2119.o
 .bss.busy_gpio
                0x20000c60        0xc c:/MaximSDK/Examples/MAX78000/imu_fixed_inputs_no_softmax/build/tsc2046.o
 .bss.int_gpio  0x20000c6c        0xc c:/MaximSDK/Examples/MAX78000/imu_fixed_inputs_no_softmax/build/tsc2046.o
 .bss.heap_end  0x20000c78        0x4 c:/MaximSDK/Examples/MAX78000/imu_fixed_inputs_no_softmax/build/heap.o
 .bss.cbFunc    0x20000c7c        0x4 C:/MaximSDK/Libraries/PeriphDrivers/bin/MAX78000/spi-v1_softfp/libPeriphDriver_spi-v1_softfp.a(mxc_delay.o)
 .bss.ctrl_save
                0x20000c80        0x4 C:/MaximSDK/Libraries/PeriphDrivers/bin/MAX78000/spi-v1_softfp/libPeriphDriver_spi-v1_softfp.a(mxc_delay.o)
 .bss.endtick   0x20000c84        0x4 C:/MaximSDK/Libraries/PeriphDrivers/bin/MAX78000/spi-v1_softfp/libPeriphDriver_spi-v1_softfp.a(mxc_delay.o)
 *fill*         0x20000c88      0x178 
 .bss.ramVectorTable
                0x20000e00      0x1e0 C:/MaximSDK/Libraries/PeriphDrivers/bin/MAX78000/spi-v1_softfp/libPeriphDriver_spi-v1_softfp.a(nvic_table.o)
 .bss.g_is_clock_locked
                0x20000fe0        0x4 C:/MaximSDK/Libraries/PeriphDrivers/bin/MAX78000/spi-v1_softfp/libPeriphDriver_spi-v1_softfp.a(uart_revb.o)
 .bss.callback  0x20000fe4      0x200 C:/MaximSDK/Libraries/PeriphDrivers/bin/MAX78000/spi-v1_softfp/libPeriphDriver_spi-v1_softfp.a(gpio_common.o)
 .bss.cbparam   0x200011e4      0x200 C:/MaximSDK/Libraries/PeriphDrivers/bin/MAX78000/spi-v1_softfp/libPeriphDriver_spi-v1_softfp.a(gpio_common.o)
 .bss.cfg_lock  0x200013e4        0x1 C:/MaximSDK/Libraries/PeriphDrivers/bin/MAX78000/spi-v1_softfp/libPeriphDriver_spi-v1_softfp.a(gpio_common.o)
 .bss.initialized
                0x200013e5        0x1 C:/MaximSDK/Libraries/PeriphDrivers/bin/MAX78000/spi-v1_softfp/libPeriphDriver_spi-v1_softfp.a(gpio_common.o)
 *fill*         0x200013e6        0x2 
 .bss.__malloc_current_mallinfo
                0x200013e8       0x28 c:/maximsdk/tools/gnutools/10.3/bin/../lib/gcc/arm-none-eabi/10.3.1/../../../../arm-none-eabi/lib/thumb/v7e-m+fp/softfp\libc.a(lib_a-mallocr.o)
                0x200013e8                __malloc_current_mallinfo
 .bss.__malloc_max_sbrked_mem
                0x20001410        0x4 c:/maximsdk/tools/gnutools/10.3/bin/../lib/gcc/arm-none-eabi/10.3.1/../../../../arm-none-eabi/lib/thumb/v7e-m+fp/softfp\libc.a(lib_a-mallocr.o)
                0x20001410                __malloc_max_sbrked_mem
 .bss.__malloc_max_total_mem
                0x20001414        0x4 c:/maximsdk/tools/gnutools/10.3/bin/../lib/gcc/arm-none-eabi/10.3.1/../../../../arm-none-eabi/lib/thumb/v7e-m+fp/softfp\libc.a(lib_a-mallocr.o)
                0x20001414                __malloc_max_total_mem
 .bss.__malloc_top_pad
                0x20001418        0x4 c:/maximsdk/tools/gnutools/10.3/bin/../lib/gcc/arm-none-eabi/10.3.1/../../../../arm-none-eabi/lib/thumb/v7e-m+fp/softfp\libc.a(lib_a-mallocr.o)
                0x20001418                __malloc_top_pad
 .bss.__lock___atexit_recursive_mutex
                0x2000141c        0x1 c:/maximsdk/tools/gnutools/10.3/bin/../lib/gcc/arm-none-eabi/10.3.1/../../../../arm-none-eabi/lib/thumb/v7e-m+fp/softfp\libc.a(lib_a-lock.o)
                0x2000141c                __lock___atexit_recursive_mutex
 *fill*         0x2000141d        0x3 
 .bss.__lock___malloc_recursive_mutex
                0x20001420        0x1 c:/maximsdk/tools/gnutools/10.3/bin/../lib/gcc/arm-none-eabi/10.3.1/../../../../arm-none-eabi/lib/thumb/v7e-m+fp/softfp\libc.a(lib_a-lock.o)
                0x20001420                __lock___malloc_recursive_mutex
 *fill*         0x20001421        0x3 
 .bss.__lock___sfp_recursive_mutex
                0x20001424        0x1 c:/maximsdk/tools/gnutools/10.3/bin/../lib/gcc/arm-none-eabi/10.3.1/../../../../arm-none-eabi/lib/thumb/v7e-m+fp/softfp\libc.a(lib_a-lock.o)
                0x20001424                __lock___sfp_recursive_mutex
 *fill*         0x20001425        0x3 
 .bss.__lock___sinit_recursive_mutex
                0x20001428        0x1 c:/maximsdk/tools/gnutools/10.3/bin/../lib/gcc/arm-none-eabi/10.3.1/../../../../arm-none-eabi/lib/thumb/v7e-m+fp/softfp\libc.a(lib_a-lock.o)
                0x20001428                __lock___sinit_recursive_mutex
 *fill*         0x20001429        0x3 
 .bss.errno     0x2000142c        0x4 c:/maximsdk/tools/gnutools/10.3/bin/../lib/gcc/arm-none-eabi/10.3.1/../../../../arm-none-eabi/lib/thumb/v7e-m+fp/softfp\libc.a(lib_a-reent.o)
                0x2000142c                errno
 *(COMMON)
                0x20001430                _ebss = ALIGN (., 0x4)

.shared         0x20001430        0x4 load address 0x1000c71c
                0x20001430                . = ALIGN (0x4)
                0x20001430                _shared = .
 *(.mailbox*)
                0x20001430                . = ALIGN (0x4)
 *(.shared*)
 .shared        0x20001430        0x4 c:/MaximSDK/Examples/MAX78000/imu_fixed_inputs_no_softmax/build/system_max78000.o
                0x20001430                SystemCoreClock
                0x20001434                _eshared = ALIGN (., 0x4)
                0x1000c71c                __shared_data = LOADADDR (.shared)
                0x20020000                __StackTop = (ORIGIN (SRAM) + LENGTH (SRAM))
                0x2001f000                __StackLimit = (__StackTop - SIZEOF (.stack_dummy))

.stack_dummy    0x20001438     0x1000 load address 0x1000c720
 *(.stack*)
 .stack         0x20001438     0x1000 c:/MaximSDK/Examples/MAX78000/imu_fixed_inputs_no_softmax/build/startup_max78000.o

.heap           0x20001438      0xc00 load address 0x1000c720
                0x20001438                . = ALIGN (0x4)
 *(.heap*)
 .heap          0x20001438      0xc00 c:/MaximSDK/Examples/MAX78000/imu_fixed_inputs_no_softmax/build/startup_max78000.o
                0x20001438                __HeapBase
                0x2001f000                __HeapLimit = ABSOLUTE (__StackLimit)
                0x20020000                PROVIDE (__stack = __StackTop)
                0x00000001                ASSERT ((__StackLimit >= _ebss), region RAM overflowed with stack)

.riscv_flash    0x1000c720      0x1e0
                0x1000c800                . = ALIGN (0x100)
 *fill*         0x1000c720       0xe0 
                0x1000c900                . = (. + 0x100)
 *fill*         0x1000c800      0x100 
                0x1000c900                _riscv_boot = .
 *riscv.o(.text*)
OUTPUT(c:/MaximSDK/Examples/MAX78000/imu_fixed_inputs_no_softmax/build/imu_fixed_inputs_no_softmax.elf elf32-littlearm)
LOAD linker stubs

.ARM.attributes
                0x00000000       0x2e
 .ARM.attributes
                0x00000000       0x1e c:/maximsdk/tools/gnutools/10.3/bin/../lib/gcc/arm-none-eabi/10.3.1/thumb/v7e-m+fp/softfp/crti.o
 .ARM.attributes
                0x0000001e       0x32 c:/maximsdk/tools/gnutools/10.3/bin/../lib/gcc/arm-none-eabi/10.3.1/thumb/v7e-m+fp/softfp/crtbegin.o
 .ARM.attributes
                0x00000050       0x32 c:/MaximSDK/Examples/MAX78000/imu_fixed_inputs_no_softmax/build/cnn.o
 .ARM.attributes
                0x00000082       0x32 c:/MaximSDK/Examples/MAX78000/imu_fixed_inputs_no_softmax/build/main.o
 .ARM.attributes
                0x000000b4       0x32 c:/MaximSDK/Examples/MAX78000/imu_fixed_inputs_no_softmax/build/board.o
 .ARM.attributes
                0x000000e6       0x32 c:/MaximSDK/Examples/MAX78000/imu_fixed_inputs_no_softmax/build/stdio.o
 .ARM.attributes
                0x00000118       0x32 c:/MaximSDK/Examples/MAX78000/imu_fixed_inputs_no_softmax/build/led.o
 .ARM.attributes
                0x0000014a       0x32 c:/MaximSDK/Examples/MAX78000/imu_fixed_inputs_no_softmax/build/pb.o
 .ARM.attributes
                0x0000017c       0x32 c:/MaximSDK/Examples/MAX78000/imu_fixed_inputs_no_softmax/build/tft_ssd2119.o
 .ARM.attributes
                0x000001ae       0x32 c:/MaximSDK/Examples/MAX78000/imu_fixed_inputs_no_softmax/build/tsc2046.o
 .ARM.attributes
                0x000001e0       0x1b c:/MaximSDK/Examples/MAX78000/imu_fixed_inputs_no_softmax/build/startup_max78000.o
 .ARM.attributes
                0x000001fb       0x32 c:/MaximSDK/Examples/MAX78000/imu_fixed_inputs_no_softmax/build/heap.o
 .ARM.attributes
                0x0000022d       0x32 c:/MaximSDK/Examples/MAX78000/imu_fixed_inputs_no_softmax/build/system_max78000.o
 .ARM.attributes
                0x0000025f       0x32 C:/MaximSDK/Libraries/PeriphDrivers/bin/MAX78000/spi-v1_softfp/libPeriphDriver_spi-v1_softfp.a(mxc_delay.o)
 .ARM.attributes
                0x00000291       0x32 C:/MaximSDK/Libraries/PeriphDrivers/bin/MAX78000/spi-v1_softfp/libPeriphDriver_spi-v1_softfp.a(nvic_table.o)
 .ARM.attributes
                0x000002c3       0x32 C:/MaximSDK/Libraries/PeriphDrivers/bin/MAX78000/spi-v1_softfp/libPeriphDriver_spi-v1_softfp.a(pins_ai85.o)
 .ARM.attributes
                0x000002f5       0x32 C:/MaximSDK/Libraries/PeriphDrivers/bin/MAX78000/spi-v1_softfp/libPeriphDriver_spi-v1_softfp.a(sys_ai85.o)
 .ARM.attributes
                0x00000327       0x32 C:/MaximSDK/Libraries/PeriphDrivers/bin/MAX78000/spi-v1_softfp/libPeriphDriver_spi-v1_softfp.a(gpio_ai85.o)
 .ARM.attributes
                0x00000359       0x32 C:/MaximSDK/Libraries/PeriphDrivers/bin/MAX78000/spi-v1_softfp/libPeriphDriver_spi-v1_softfp.a(gpio_reva.o)
 .ARM.attributes
                0x0000038b       0x32 C:/MaximSDK/Libraries/PeriphDrivers/bin/MAX78000/spi-v1_softfp/libPeriphDriver_spi-v1_softfp.a(icc_me17.o)
 .ARM.attributes
                0x000003bd       0x32 C:/MaximSDK/Libraries/PeriphDrivers/bin/MAX78000/spi-v1_softfp/libPeriphDriver_spi-v1_softfp.a(icc_reva.o)
 .ARM.attributes
                0x000003ef       0x32 C:/MaximSDK/Libraries/PeriphDrivers/bin/MAX78000/spi-v1_softfp/libPeriphDriver_spi-v1_softfp.a(lp_ai85.o)
 .ARM.attributes
                0x00000421       0x32 C:/MaximSDK/Libraries/PeriphDrivers/bin/MAX78000/spi-v1_softfp/libPeriphDriver_spi-v1_softfp.a(uart_ai85.o)
 .ARM.attributes
                0x00000453       0x32 C:/MaximSDK/Libraries/PeriphDrivers/bin/MAX78000/spi-v1_softfp/libPeriphDriver_spi-v1_softfp.a(uart_common.o)
 .ARM.attributes
                0x00000485       0x32 C:/MaximSDK/Libraries/PeriphDrivers/bin/MAX78000/spi-v1_softfp/libPeriphDriver_spi-v1_softfp.a(uart_revb.o)
 .ARM.attributes
                0x000004b7       0x32 C:/MaximSDK/Libraries/PeriphDrivers/bin/MAX78000/spi-v1_softfp/libPeriphDriver_spi-v1_softfp.a(gpio_common.o)
 .ARM.attributes
                0x000004e9       0x32 c:/maximsdk/tools/gnutools/10.3/bin/../lib/gcc/arm-none-eabi/10.3.1/../../../../arm-none-eabi/lib/thumb/v7e-m+fp/softfp\libc.a(lib_a-errno.o)
 .ARM.attributes
                0x0000051b       0x32 c:/maximsdk/tools/gnutools/10.3/bin/../lib/gcc/arm-none-eabi/10.3.1/../../../../arm-none-eabi/lib/thumb/v7e-m+fp/softfp\libc.a(lib_a-impure.o)
 .ARM.attributes
                0x0000054d       0x32 c:/maximsdk/tools/gnutools/10.3/bin/../lib/gcc/arm-none-eabi/10.3.1/../../../../arm-none-eabi/lib/thumb/v7e-m+fp/softfp\libc.a(lib_a-init.o)
 .ARM.attributes
                0x0000057f       0x32 c:/maximsdk/tools/gnutools/10.3/bin/../lib/gcc/arm-none-eabi/10.3.1/../../../../arm-none-eabi/lib/thumb/v7e-m+fp/softfp\libc.a(lib_a-malloc.o)
 .ARM.attributes
                0x000005b1       0x32 c:/maximsdk/tools/gnutools/10.3/bin/../lib/gcc/arm-none-eabi/10.3.1/../../../../arm-none-eabi/lib/thumb/v7e-m+fp/softfp\libc.a(lib_a-mallocr.o)
 .ARM.attributes
                0x000005e3       0x1c c:/maximsdk/tools/gnutools/10.3/bin/../lib/gcc/arm-none-eabi/10.3.1/../../../../arm-none-eabi/lib/thumb/v7e-m+fp/softfp\libc.a(lib_a-memcpy.o)
 .ARM.attributes
                0x000005ff       0x32 c:/maximsdk/tools/gnutools/10.3/bin/../lib/gcc/arm-none-eabi/10.3.1/../../../../arm-none-eabi/lib/thumb/v7e-m+fp/softfp\libc.a(lib_a-memset.o)
 .ARM.attributes
                0x00000631       0x32 c:/maximsdk/tools/gnutools/10.3/bin/../lib/gcc/arm-none-eabi/10.3.1/../../../../arm-none-eabi/lib/thumb/v7e-m+fp/softfp\libc.a(lib_a-mlock.o)
 .ARM.attributes
                0x00000663       0x32 c:/maximsdk/tools/gnutools/10.3/bin/../lib/gcc/arm-none-eabi/10.3.1/../../../../arm-none-eabi/lib/thumb/v7e-m+fp/softfp\libc.a(lib_a-printf.o)
 .ARM.attributes
                0x00000695       0x32 c:/maximsdk/tools/gnutools/10.3/bin/../lib/gcc/arm-none-eabi/10.3.1/../../../../arm-none-eabi/lib/thumb/v7e-m+fp/softfp\libc.a(lib_a-puts.o)
 .ARM.attributes
                0x000006c7       0x32 c:/maximsdk/tools/gnutools/10.3/bin/../lib/gcc/arm-none-eabi/10.3.1/../../../../arm-none-eabi/lib/thumb/v7e-m+fp/softfp\libc.a(lib_a-sbrkr.o)
 .ARM.attributes
                0x000006f9       0x1c c:/maximsdk/tools/gnutools/10.3/bin/../lib/gcc/arm-none-eabi/10.3.1/../../../../arm-none-eabi/lib/thumb/v7e-m+fp/softfp\libc.a(lib_a-strlen.o)
 .ARM.attributes
                0x00000715       0x32 c:/maximsdk/tools/gnutools/10.3/bin/../lib/gcc/arm-none-eabi/10.3.1/../../../../arm-none-eabi/lib/thumb/v7e-m+fp/softfp\libc.a(lib_a-vfprintf.o)
 .ARM.attributes
                0x00000747       0x32 c:/maximsdk/tools/gnutools/10.3/bin/../lib/gcc/arm-none-eabi/10.3.1/../../../../arm-none-eabi/lib/thumb/v7e-m+fp/softfp\libc.a(lib_a-wsetup.o)
 .ARM.attributes
                0x00000779       0x32 c:/maximsdk/tools/gnutools/10.3/bin/../lib/gcc/arm-none-eabi/10.3.1/../../../../arm-none-eabi/lib/thumb/v7e-m+fp/softfp\libc.a(lib_a-__call_atexit.o)
 .ARM.attributes
                0x000007ab       0x32 c:/maximsdk/tools/gnutools/10.3/bin/../lib/gcc/arm-none-eabi/10.3.1/../../../../arm-none-eabi/lib/thumb/v7e-m+fp/softfp\libc.a(lib_a-atexit.o)
 .ARM.attributes
                0x000007dd       0x32 c:/maximsdk/tools/gnutools/10.3/bin/../lib/gcc/arm-none-eabi/10.3.1/../../../../arm-none-eabi/lib/thumb/v7e-m+fp/softfp\libc.a(lib_a-dtoa.o)
 .ARM.attributes
                0x0000080f       0x32 c:/maximsdk/tools/gnutools/10.3/bin/../lib/gcc/arm-none-eabi/10.3.1/../../../../arm-none-eabi/lib/thumb/v7e-m+fp/softfp\libc.a(lib_a-fflush.o)
 .ARM.attributes
                0x00000841       0x32 c:/maximsdk/tools/gnutools/10.3/bin/../lib/gcc/arm-none-eabi/10.3.1/../../../../arm-none-eabi/lib/thumb/v7e-m+fp/softfp\libc.a(lib_a-findfp.o)
 .ARM.attributes
                0x00000873       0x32 c:/maximsdk/tools/gnutools/10.3/bin/../lib/gcc/arm-none-eabi/10.3.1/../../../../arm-none-eabi/lib/thumb/v7e-m+fp/softfp\libc.a(lib_a-fini.o)
 .ARM.attributes
                0x000008a5       0x32 c:/maximsdk/tools/gnutools/10.3/bin/../lib/gcc/arm-none-eabi/10.3.1/../../../../arm-none-eabi/lib/thumb/v7e-m+fp/softfp\libc.a(lib_a-freer.o)
 .ARM.attributes
                0x000008d7       0x32 c:/maximsdk/tools/gnutools/10.3/bin/../lib/gcc/arm-none-eabi/10.3.1/../../../../arm-none-eabi/lib/thumb/v7e-m+fp/softfp\libc.a(lib_a-fvwrite.o)
 .ARM.attributes
                0x00000909       0x32 c:/maximsdk/tools/gnutools/10.3/bin/../lib/gcc/arm-none-eabi/10.3.1/../../../../arm-none-eabi/lib/thumb/v7e-m+fp/softfp\libc.a(lib_a-fwalk.o)
 .ARM.attributes
                0x0000093b       0x32 c:/maximsdk/tools/gnutools/10.3/bin/../lib/gcc/arm-none-eabi/10.3.1/../../../../arm-none-eabi/lib/thumb/v7e-m+fp/softfp\libc.a(lib_a-localeconv.o)
 .ARM.attributes
                0x0000096d       0x32 c:/maximsdk/tools/gnutools/10.3/bin/../lib/gcc/arm-none-eabi/10.3.1/../../../../arm-none-eabi/lib/thumb/v7e-m+fp/softfp\libc.a(lib_a-lock.o)
 .ARM.attributes
                0x0000099f       0x32 c:/maximsdk/tools/gnutools/10.3/bin/../lib/gcc/arm-none-eabi/10.3.1/../../../../arm-none-eabi/lib/thumb/v7e-m+fp/softfp\libc.a(lib_a-makebuf.o)
 .ARM.attributes
                0x000009d1       0x1c c:/maximsdk/tools/gnutools/10.3/bin/../lib/gcc/arm-none-eabi/10.3.1/../../../../arm-none-eabi/lib/thumb/v7e-m+fp/softfp\libc.a(lib_a-memchr.o)
 .ARM.attributes
                0x000009ed       0x32 c:/maximsdk/tools/gnutools/10.3/bin/../lib/gcc/arm-none-eabi/10.3.1/../../../../arm-none-eabi/lib/thumb/v7e-m+fp/softfp\libc.a(lib_a-memmove.o)
 .ARM.attributes
                0x00000a1f       0x32 c:/maximsdk/tools/gnutools/10.3/bin/../lib/gcc/arm-none-eabi/10.3.1/../../../../arm-none-eabi/lib/thumb/v7e-m+fp/softfp\libc.a(lib_a-mprec.o)
 .ARM.attributes
                0x00000a51       0x32 c:/maximsdk/tools/gnutools/10.3/bin/../lib/gcc/arm-none-eabi/10.3.1/../../../../arm-none-eabi/lib/thumb/v7e-m+fp/softfp\libc.a(lib_a-reallocr.o)
 .ARM.attributes
                0x00000a83       0x32 c:/maximsdk/tools/gnutools/10.3/bin/../lib/gcc/arm-none-eabi/10.3.1/../../../../arm-none-eabi/lib/thumb/v7e-m+fp/softfp\libc.a(lib_a-reent.o)
 .ARM.attributes
                0x00000ab5       0x32 c:/maximsdk/tools/gnutools/10.3/bin/../lib/gcc/arm-none-eabi/10.3.1/../../../../arm-none-eabi/lib/thumb/v7e-m+fp/softfp\libc.a(lib_a-s_frexp.o)
 .ARM.attributes
                0x00000ae7       0x32 c:/maximsdk/tools/gnutools/10.3/bin/../lib/gcc/arm-none-eabi/10.3.1/../../../../arm-none-eabi/lib/thumb/v7e-m+fp/softfp\libc.a(lib_a-stdio.o)
 .ARM.attributes
                0x00000b19       0x32 c:/maximsdk/tools/gnutools/10.3/bin/../lib/gcc/arm-none-eabi/10.3.1/../../../../arm-none-eabi/lib/thumb/v7e-m+fp/softfp\libc.a(lib_a-strncpy.o)
 .ARM.attributes
                0x00000b4b       0x32 c:/maximsdk/tools/gnutools/10.3/bin/../lib/gcc/arm-none-eabi/10.3.1/../../../../arm-none-eabi/lib/thumb/v7e-m+fp/softfp\libc.a(lib_a-vfiprintf.o)
 .ARM.attributes
                0x00000b7d       0x32 c:/maximsdk/tools/gnutools/10.3/bin/../lib/gcc/arm-none-eabi/10.3.1/../../../../arm-none-eabi/lib/thumb/v7e-m+fp/softfp\libc.a(lib_a-writer.o)
 .ARM.attributes
                0x00000baf       0x32 c:/maximsdk/tools/gnutools/10.3/bin/../lib/gcc/arm-none-eabi/10.3.1/../../../../arm-none-eabi/lib/thumb/v7e-m+fp/softfp\libc.a(lib_a-__atexit.o)
 .ARM.attributes
                0x00000be1       0x32 c:/maximsdk/tools/gnutools/10.3/bin/../lib/gcc/arm-none-eabi/10.3.1/../../../../arm-none-eabi/lib/thumb/v7e-m+fp/softfp\libc.a(lib_a-assert.o)
 .ARM.attributes
                0x00000c13       0x32 c:/maximsdk/tools/gnutools/10.3/bin/../lib/gcc/arm-none-eabi/10.3.1/../../../../arm-none-eabi/lib/thumb/v7e-m+fp/softfp\libc.a(lib_a-callocr.o)
 .ARM.attributes
                0x00000c45       0x32 c:/maximsdk/tools/gnutools/10.3/bin/../lib/gcc/arm-none-eabi/10.3.1/../../../../arm-none-eabi/lib/thumb/v7e-m+fp/softfp\libc.a(lib_a-closer.o)
 .ARM.attributes
                0x00000c77       0x32 c:/maximsdk/tools/gnutools/10.3/bin/../lib/gcc/arm-none-eabi/10.3.1/../../../../arm-none-eabi/lib/thumb/v7e-m+fp/softfp\libc.a(lib_a-fclose.o)
 .ARM.attributes
                0x00000ca9       0x32 c:/maximsdk/tools/gnutools/10.3/bin/../lib/gcc/arm-none-eabi/10.3.1/../../../../arm-none-eabi/lib/thumb/v7e-m+fp/softfp\libc.a(lib_a-fiprintf.o)
 .ARM.attributes
                0x00000cdb       0x32 c:/maximsdk/tools/gnutools/10.3/bin/../lib/gcc/arm-none-eabi/10.3.1/../../../../arm-none-eabi/lib/thumb/v7e-m+fp/softfp\libc.a(lib_a-fputwc.o)
 .ARM.attributes
                0x00000d0d       0x32 c:/maximsdk/tools/gnutools/10.3/bin/../lib/gcc/arm-none-eabi/10.3.1/../../../../arm-none-eabi/lib/thumb/v7e-m+fp/softfp\libc.a(lib_a-fstatr.o)
 .ARM.attributes
                0x00000d3f       0x32 c:/maximsdk/tools/gnutools/10.3/bin/../lib/gcc/arm-none-eabi/10.3.1/../../../../arm-none-eabi/lib/thumb/v7e-m+fp/softfp\libc.a(lib_a-isattyr.o)
 .ARM.attributes