Archive member included to satisfy reference by file (symbol)

C:/MaximSDK/Libraries/PeriphDrivers/bin/MAX78000/spi-v1_softfp/libPeriphDriver_spi-v1_softfp.a(mxc_delay.o)
                              c:/MaximSDK/Examples/MAX78000/imu_fixed_inputs_no_softmax/build/main.o (MXC_Delay)
C:/MaximSDK/Libraries/PeriphDrivers/bin/MAX78000/spi-v1_softfp/libPeriphDriver_spi-v1_softfp.a(nvic_table.o)
                              c:/MaximSDK/Examples/MAX78000/imu_fixed_inputs_no_softmax/build/cnn.o (MXC_NVIC_SetVector)
C:/MaximSDK/Libraries/PeriphDrivers/bin/MAX78000/spi-v1_softfp/libPeriphDriver_spi-v1_softfp.a(pins_ai85.o)
                              c:/MaximSDK/Examples/MAX78000/imu_fixed_inputs_no_softmax/build/camera.o (gpio_cfg_pcif_xclk)
C:/MaximSDK/Libraries/PeriphDrivers/bin/MAX78000/spi-v1_softfp/libPeriphDriver_spi-v1_softfp.a(sys_ai85.o)
                              c:/MaximSDK/Examples/MAX78000/imu_fixed_inputs_no_softmax/build/cnn.o (MXC_SYS_ClockDisable)
C:/MaximSDK/Libraries/PeriphDrivers/bin/MAX78000/spi-v1_softfp/libPeriphDriver_spi-v1_softfp.a(aes_me17.o)
                              C:/MaximSDK/Libraries/PeriphDrivers/bin/MAX78000/spi-v1_softfp/libPeriphDriver_spi-v1_softfp.a(sys_ai85.o) (MXC_AES_Init)
C:/MaximSDK/Libraries/PeriphDrivers/bin/MAX78000/spi-v1_softfp/libPeriphDriver_spi-v1_softfp.a(aes_revb.o)
                              C:/MaximSDK/Libraries/PeriphDrivers/bin/MAX78000/spi-v1_softfp/libPeriphDriver_spi-v1_softfp.a(aes_me17.o) (MXC_AES_RevB_Init)
C:/MaximSDK/Libraries/PeriphDrivers/bin/MAX78000/spi-v1_softfp/libPeriphDriver_spi-v1_softfp.a(cameraif_ai85.o)
                              c:/MaximSDK/Examples/MAX78000/imu_fixed_inputs_no_softmax/build/camera.o (MXC_PCIF_Init)
C:/MaximSDK/Libraries/PeriphDrivers/bin/MAX78000/spi-v1_softfp/libPeriphDriver_spi-v1_softfp.a(cameraif_reva.o)
                              C:/MaximSDK/Libraries/PeriphDrivers/bin/MAX78000/spi-v1_softfp/libPeriphDriver_spi-v1_softfp.a(cameraif_ai85.o) (MXC_PCIF_RevA_SetDatawidth)
C:/MaximSDK/Libraries/PeriphDrivers/bin/MAX78000/spi-v1_softfp/libPeriphDriver_spi-v1_softfp.a(dma_me17.o)
                              C:/MaximSDK/Libraries/PeriphDrivers/bin/MAX78000/spi-v1_softfp/libPeriphDriver_spi-v1_softfp.a(aes_revb.o) (MXC_DMA_Init)
C:/MaximSDK/Libraries/PeriphDrivers/bin/MAX78000/spi-v1_softfp/libPeriphDriver_spi-v1_softfp.a(dma_reva.o)
                              C:/MaximSDK/Libraries/PeriphDrivers/bin/MAX78000/spi-v1_softfp/libPeriphDriver_spi-v1_softfp.a(dma_me17.o) (MXC_DMA_RevA_Init)
C:/MaximSDK/Libraries/PeriphDrivers/bin/MAX78000/spi-v1_softfp/libPeriphDriver_spi-v1_softfp.a(flc_me17.o)
                              C:/MaximSDK/Libraries/PeriphDrivers/bin/MAX78000/spi-v1_softfp/libPeriphDriver_spi-v1_softfp.a(sys_ai85.o) (MXC_FLC_UnlockInfoBlock)
C:/MaximSDK/Libraries/PeriphDrivers/bin/MAX78000/spi-v1_softfp/libPeriphDriver_spi-v1_softfp.a(flc_reva.o)
                              C:/MaximSDK/Libraries/PeriphDrivers/bin/MAX78000/spi-v1_softfp/libPeriphDriver_spi-v1_softfp.a(flc_me17.o) (MXC_FLC_RevA_Busy)
C:/MaximSDK/Libraries/PeriphDrivers/bin/MAX78000/spi-v1_softfp/libPeriphDriver_spi-v1_softfp.a(gpio_ai85.o)
                              c:/MaximSDK/Examples/MAX78000/imu_fixed_inputs_no_softmax/build/cnn.o (MXC_GPIO_Config)
C:/MaximSDK/Libraries/PeriphDrivers/bin/MAX78000/spi-v1_softfp/libPeriphDriver_spi-v1_softfp.a(gpio_reva.o)
                              C:/MaximSDK/Libraries/PeriphDrivers/bin/MAX78000/spi-v1_softfp/libPeriphDriver_spi-v1_softfp.a(gpio_ai85.o) (MXC_GPIO_RevA_InGet)
C:/MaximSDK/Libraries/PeriphDrivers/bin/MAX78000/spi-v1_softfp/libPeriphDriver_spi-v1_softfp.a(i2c_me17.o)
                              c:/MaximSDK/Examples/MAX78000/imu_fixed_inputs_no_softmax/build/main.o (MXC_I2C_Init)
C:/MaximSDK/Libraries/PeriphDrivers/bin/MAX78000/spi-v1_softfp/libPeriphDriver_spi-v1_softfp.a(i2c_reva.o)
                              C:/MaximSDK/Libraries/PeriphDrivers/bin/MAX78000/spi-v1_softfp/libPeriphDriver_spi-v1_softfp.a(i2c_me17.o) (MXC_I2C_RevA_DMACallback)
C:/MaximSDK/Libraries/PeriphDrivers/bin/MAX78000/spi-v1_softfp/libPeriphDriver_spi-v1_softfp.a(icc_me17.o)
                              c:/MaximSDK/Examples/MAX78000/imu_fixed_inputs_no_softmax/build/main.o (MXC_ICC_Enable)
C:/MaximSDK/Libraries/PeriphDrivers/bin/MAX78000/spi-v1_softfp/libPeriphDriver_spi-v1_softfp.a(icc_reva.o)
                              C:/MaximSDK/Libraries/PeriphDrivers/bin/MAX78000/spi-v1_softfp/libPeriphDriver_spi-v1_softfp.a(icc_me17.o) (MXC_ICC_RevA_ID)
C:/MaximSDK/Libraries/PeriphDrivers/bin/MAX78000/spi-v1_softfp/libPeriphDriver_spi-v1_softfp.a(lp_ai85.o)
                              c:/MaximSDK/Examples/MAX78000/imu_fixed_inputs_no_softmax/build/main.o (MXC_LP_EnterSleepMode)
C:/MaximSDK/Libraries/PeriphDrivers/bin/MAX78000/spi-v1_softfp/libPeriphDriver_spi-v1_softfp.a(pt_ai85.o)
[...]
Memory Configuration

Name             Origin             Length             Attributes
ROM              0x00000000         0x00010000         xr
FLASH            0x10000000         0x00080000         xr
SRAM             0x20000000         0x00020000         xrw
*default*        0x00000000         0xffffffff

Linker script and memory map

LOAD c:/maximsdk/tools/gnutools/10.3/bin/../lib/gcc/arm-none-eabi/10.3.1/thumb/v7e-m+fp/softfp/crti.o
LOAD c:/maximsdk/tools/gnutools/10.3/bin/../lib/gcc/arm-none-eabi/10.3.1/thumb/v7e-m+fp/softfp/crtbegin.o
LOAD c:/maximsdk/tools/gnutools/10.3/bin/../lib/gcc/arm-none-eabi/10.3.1/../../../../arm-none-eabi/lib/thumb/v7e-m+fp/softfp/crt0.o
LOAD c:/MaximSDK/Examples/MAX78000/imu_fixed_inputs_no_softmax/build/cnn.o
LOAD c:/MaximSDK/Examples/MAX78000/imu_fixed_inputs_no_softmax/build/main.o
LOAD c:/MaximSDK/Examples/MAX78000/imu_fixed_inputs_no_softmax/build/softmax.o
LOAD c:/MaximSDK/Examples/MAX78000/imu_fixed_inputs_no_softmax/build/board.o
LOAD c:/MaximSDK/Examples/MAX78000/imu_fixed_inputs_no_softmax/build/stdio.o
LOAD c:/MaximSDK/Examples/MAX78000/imu_fixed_inputs_no_softmax/build/led.o
LOAD c:/MaximSDK/Examples/MAX78000/imu_fixed_inputs_no_softmax/build/pb.o
LOAD c:/MaximSDK/Examples/MAX78000/imu_fixed_inputs_no_softmax/build/tft_ssd2119.o
LOAD c:/MaximSDK/Examples/MAX78000/imu_fixed_inputs_no_softmax/build/tsc2046.o
LOAD c:/MaximSDK/Examples/MAX78000/imu_fixed_inputs_no_softmax/build/camera.o
LOAD c:/MaximSDK/Examples/MAX78000/imu_fixed_inputs_no_softmax/build/ov7692.o
LOAD c:/MaximSDK/Examples/MAX78000/imu_fixed_inputs_no_softmax/build/sccb.o
LOAD c:/MaximSDK/Examples/MAX78000/imu_fixed_inputs_no_softmax/build/startup_max78000.o
LOAD c:/MaximSDK/Examples/MAX78000/imu_fixed_inputs_no_softmax/build/heap.o
LOAD c:/MaximSDK/Examples/MAX78000/imu_fixed_inputs_no_softmax/build/system_max78000.o
START GROUP
LOAD C:/MaximSDK/Libraries/PeriphDrivers/bin/MAX78000/spi-v1_softfp/libPeriphDriver_spi-v1_softfp.a
LOAD c:/maximsdk/tools/gnutools/10.3/bin/../lib/gcc/arm-none-eabi/10.3.1/../../../../arm-none-eabi/lib/thumb/v7e-m+fp/softfp\libc.a
LOAD c:/maximsdk/tools/gnutools/10.3/bin/../lib/gcc/arm-none-eabi/10.3.1/../../../../arm-none-eabi/lib/thumb/v7e-m+fp/softfp\libm.a
LOAD c:/maximsdk/tools/gnutools/10.3/bin/../lib/gcc/arm-none-eabi/10.3.1/../../../../arm-none-eabi/lib/thumb/v7e-m+fp/softfp\libnosys.a
END GROUP
START GROUP
LOAD c:/maximsdk/tools/gnutools/10.3/bin/../lib/gcc/arm-none-eabi/10.3.1/thumb/v7e-m+fp/softfp\libgcc.a
LOAD c:/maximsdk/tools/gnutools/10.3/bin/../lib/gcc/arm-none-eabi/10.3.1/../../../../arm-none-eabi/lib/thumb/v7e-m+fp/softfp\libc.a
END GROUP
LOAD c:/maximsdk/tools/gnutools/10.3/bin/../lib/gcc/arm-none-eabi/10.3.1/thumb/v7e-m+fp/softfp/crtend.o
LOAD c:/maximsdk/tools/gnutools/10.3/bin/../lib/gcc/arm-none-eabi/10.3.1/thumb/v7e-m+fp/softfp/crtn.o

.rom
 *(.rom_vector)
 *(.rom_handlers*)

.text           0x10000000    0x10264
                0x10000000                _text = .
 *(.isr_vector)
 .isr_vector    0x10000000      0x1e0 c:/MaximSDK/Examples/MAX78000/imu_fixed_inputs_no_softmax/build/startup_max78000.o
                0x10000000                __isr_vector
 EXCLUDE_FILE(*riscv.o) *(.text*)
 .text          0x100001e0       0x40 c:/maximsdk/tools/gnutools/10.3/bin/../lib/gcc/arm-none-eabi/10.3.1/thumb/v7e-m+fp/softfp/crtbegin.o
 .text.CNN_ISR  0x10000220       0x48 c:/MaximSDK/Examples/MAX78000/imu_fixed_inputs_no_softmax/build/cnn.o
                0x10000220                CNN_ISR
 .text.memcpy32
                0x10000268       0x1c c:/MaximSDK/Examples/MAX78000/imu_fixed_inputs_no_softmax/build/cnn.o
                0x10000268                memcpy32
 .text.cnn_load_weights
                0x10000284       0x4c c:/MaximSDK/Examples/MAX78000/imu_fixed_inputs_no_softmax/build/cnn.o
                0x10000284                cnn_load_weights
 .text.cnn_load_bias
                0x100002d0       0x8c c:/MaximSDK/Examples/MAX78000/imu_fixed_inputs_no_softmax/build/cnn.o
                0x100002d0                cnn_load_bias
 .text.cnn_init
                0x1000035c       0x54 c:/MaximSDK/Examples/MAX78000/imu_fixed_inputs_no_softmax/build/cnn.o
                0x1000035c                cnn_init
 .text.cnn_configure
                0x100003b0      0x550 c:/MaximSDK/Examples/MAX78000/imu_fixed_inputs_no_softmax/build/cnn.o
                0x100003b0                cnn_configure
 .text.cnn_start
                0x10000900       0x4c c:/MaximSDK/Examples/MAX78000/imu_fixed_inputs_no_softmax/build/cnn.o
                0x10000900                cnn_start
 .text.cnn_unload
                0x1000094c       0x58 c:/MaximSDK/Examples/MAX78000/imu_fixed_inputs_no_softmax/build/cnn.o
                0x1000094c                cnn_unload
 .text.cnn_enable
                0x100009a4       0x3c c:/MaximSDK/Examples/MAX78000/imu_fixed_inputs_no_softmax/build/cnn.o
                0x100009a4                cnn_enable
 .text.GPIO_init
                0x100009e0       0x70 c:/MaximSDK/Examples/MAX78000/imu_fixed_inputs_no_softmax/build/main.o
                0x100009e0                GPIO_init
 .text.I2C_init
                0x10000a50       0x38 c:/MaximSDK/Examples/MAX78000/imu_fixed_inputs_no_softmax/build/main.o
                0x10000a50                I2C_init
 .text.clearCNNInput
                0x10000a88       0x78 c:/MaximSDK/Examples/MAX78000/imu_fixed_inputs_no_softmax/build/main.o
                0x10000a88                clearCNNInput
 .text.load_input
                0x10000b00       0x94 c:/MaximSDK/Examples/MAX78000/imu_fixed_inputs_no_softmax/build/main.o
                0x10000b00                load_input
 .text.MPU_init
                0x10000b94      0x1bc c:/MaximSDK/Examples/MAX78000/imu_fixed_inputs_no_softmax/build/main.o
                0x10000b94                MPU_init
 .text.startup.main
                0x10000d50     0x1ff8 c:/MaximSDK/Examples/MAX78000/imu_fixed_inputs_no_softmax/build/main.o
                0x10000d50                main
 .text.mxc_assert
                0x10002d48       0x10 c:/MaximSDK/Examples/MAX78000/imu_fixed_inputs_no_softmax/build/board.o
                0x10002d48                mxc_assert
 .text.GPIO2_IRQHandler
                0x10002d58        0x8 c:/MaximSDK/Examples/MAX78000/imu_fixed_inputs_no_softmax/build/board.o
                0x10002d58                GPIO2_IRQHandler
 .text.GPIO0_IRQHandler
                0x10002d60        0x8 c:/MaximSDK/Examples/MAX78000/imu_fixed_inputs_no_softmax/build/board.o
                0x10002d60                GPIO0_IRQHandler
 .text.Board_Init
                0x10002d68       0xec c:/MaximSDK/Examples/MAX78000/imu_fixed_inputs_no_softmax/build/board.o
                0x10002d68                Board_Init
 .text.NMI_Handler
                0x10002e54        0x4 c:/MaximSDK/Examples/MAX78000/imu_fixed_inputs_no_softmax/build/board.o
                0x10002e54                NMI_Handler
 .text._close   0x10002e58        0x8 c:/MaximSDK/Examples/MAX78000/imu_fixed_inputs_no_softmax/build/stdio.o
                0x10002e58                _close
 .text._isatty  0x10002e60        0x8 c:/MaximSDK/Examples/MAX78000/imu_fixed_inputs_no_softmax/build/stdio.o
                0x10002e60                _isatty
 .text._lseek   0x10002e68        0x8 c:/MaximSDK/Examples/MAX78000/imu_fixed_inputs_no_softmax/build/stdio.o
                0x10002e68                _lseek
 .text._fstat   0x10002e70        0x8 c:/MaximSDK/Examples/MAX78000/imu_fixed_inputs_no_softmax/build/stdio.o
                0x10002e70                _fstat
 .text._read    0x10002e78       0x50 c:/MaximSDK/Examples/MAX78000/imu_fixed_inputs_no_softmax/build/stdio.o
                0x10002e78                _read
 .text._write   0x10002ec8       0x54 c:/MaximSDK/Examples/MAX78000/imu_fixed_inputs_no_softmax/build/stdio.o
                0x10002ec8                _write
 .text.LED_Init
                0x10002f1c       0x40 c:/MaximSDK/Examples/MAX78000/imu_fixed_inputs_no_softmax/build/led.o
                0x10002f1c                LED_Init
 .text.LED_On   0x10002f5c       0x40 c:/MaximSDK/Examples/MAX78000/imu_fixed_inputs_no_softmax/build/led.o
                0x10002f5c                LED_On
 .text.LED_Off  0x10002f9c       0x40 c:/MaximSDK/Examples/MAX78000/imu_fixed_inputs_no_softmax/build/led.o
                0x10002f9c                LED_Off
 .text.PB_Init  0x10002fdc       0x68 c:/MaximSDK/Examples/MAX78000/imu_fixed_inputs_no_softmax/build/pb.o
                0x10002fdc                PB_Init
 .text.MXC_TFT_PreInit
                0x10003044       0x78 c:/MaximSDK/Examples/MAX78000/imu_fixed_inputs_no_softmax/build/tft_ssd2119.o
                0x10003044                MXC_TFT_PreInit
 .text.MXC_TS_PreInit
                0x100030bc       0x44 c:/MaximSDK/Examples/MAX78000/imu_fixed_inputs_no_softmax/build/tsc2046.o
                0x100030bc                MXC_TS_PreInit
 .text          0x10003100      0x148 c:/MaximSDK/Examples/MAX78000/imu_fixed_inputs_no_softmax/build/startup_max78000.o
                0x10003100                Reset_Handler
                0x1000313e                HardFault_Handler
                0x10003140                MemManage_Handler
                0x10003142                BusFault_Handler
                0x10003144                UsageFault_Handler
                0x10003146                SVC_Handler
                0x10003148                DebugMon_Handler
                0x1000314a                PendSV_Handler
                0x1000314c                SysTick_Handler
                0x1000314e                Default_Handler
                0x10003150                PF_IRQHandler
                0x10003152                WDT0_IRQHandler
                0x10003154                RSV02_IRQHandler
                0x10003156                RTC_IRQHandler
                0x10003158                TRNG_IRQHandler
                0x1000315a                TMR0_IRQHandler
                0x1000315c                TMR1_IRQHandler
                0x1000315e                TMR2_IRQHandler
                0x10003160                TMR3_IRQHandler
                0x10003162                TMR4_IRQHandler
                0x10003164                TMR5_IRQHandler
                0x10003166                RSV11_IRQHandler
                0x10003168                RSV12_IRQHandler
                0x1000316a                I2C0_IRQHandler
                0x1000316c                UART0_IRQHandler
                0x1000316e                UART1_IRQHandler
                0x10003170                SPI1_IRQHandler
                0x10003172                RSV17_IRQHandler
                0x10003174                RSV18_IRQHandler
                0x10003176                RSV19_IRQHandler
                0x10003178                ADC_IRQHandler
                0x1000317a                RSV21_IRQHandler
                0x1000317c                RSV22_IRQHandler
                0x1000317e                FLC0_IRQHandler
                0x10003182                GPIO1_IRQHandler
                0x10003186                RSV27_IRQHandler
                0x10003188                DMA0_IRQHandler
                0x1000318a                DMA1_IRQHandler
                0x1000318c                DMA2_IRQHandler
                0x1000318e                DMA3_IRQHandler
                0x10003190                RSV32_IRQHandler
                0x10003192                RSV33_IRQHandler
                0x10003194                UART2_IRQHandler
                0x10003196                RSV35_IRQHandler
                0x10003198                I2C1_IRQHandler
                0x1000319a                RSV37_IRQHandler
                0x1000319c                RSV38_IRQHandler
                0x1000319e                RSV39_IRQHandler
                0x100031a0                RSV40_IRQHandler
                0x100031a2                RSV41_IRQHandler
                0x100031a4                RSV42_IRQHandler
                0x100031a6                RSV43_IRQHandler
                0x100031a8                RSV44_IRQHandler
                0x100031aa                RSV45_IRQHandler
                0x100031ac                RSV46_IRQHandler
                0x100031ae                RSV47_IRQHandler
                0x100031b0                RSV48_IRQHandler
                0x100031b2                RSV49_IRQHandler
                0x100031b4                RSV50_IRQHandler
                0x100031b6                RSV51_IRQHandler
                0x100031b8                RSV52_IRQHandler
                0x100031ba                WUT_IRQHandler
                0x100031bc                GPIOWAKE_IRQHandler
                0x100031be                RSV55_IRQHandler
                0x100031c0                SPI0_IRQHandler
                0x100031c2                WDT1_IRQHandler
                0x100031c4                RSV58_IRQHandler
                0x100031c6                PT_IRQHandler
                0x100031c8                RSV60_IRQHandler
                0x100031ca                RSV61_IRQHandler
                0x100031cc                I2C2_IRQHandler
                0x100031ce                RISCV_IRQHandler
                0x100031d0                RSV64_IRQHandler
                0x100031d2                RSV65_IRQHandler
                0x100031d4                RSV66_IRQHandler
                0x100031d6                OWM_IRQHandler
                0x100031d8                RSV68_IRQHandler
                0x100031da                RSV69_IRQHandler
                0x100031dc                RSV70_IRQHandler
                0x100031de                RSV71_IRQHandler
                0x100031e0                RSV72_IRQHandler
                0x100031e2                RSV73_IRQHandler
                0x100031e4                RSV74_IRQHandler
                0x100031e6                RSV75_IRQHandler
                0x100031e8                RSV76_IRQHandler
                0x100031ea                RSV77_IRQHandler
                0x100031ec                RSV78_IRQHandler
                0x100031ee                RSV79_IRQHandler
                0x100031f0                RSV80_IRQHandler
                0x100031f2                RSV81_IRQHandler
                0x100031f4                ECC_IRQHandler
                0x100031f6                DVS_IRQHandler
                0x100031f8                SIMO_IRQHandler
                0x100031fa                RSV85_IRQHandler
                0x100031fc                RSV86_IRQHandler
                0x100031fe                RSV87_IRQHandler
                0x10003200                UART3_IRQHandler
                0x10003202                RSV89_IRQHandler
                0x10003204                RSV90_IRQHandler
                0x10003206                PCIF_IRQHandler
                0x10003208                RSV92_IRQHandler
                0x1000320a                RSV93_IRQHandler
                0x1000320c                RSV94_IRQHandler
                0x1000320e                RSV95_IRQHandler
                0x10003210                RSV96_IRQHandler
                0x10003212                AES_IRQHandler
                0x10003214                RSV98_IRQHandler
                0x10003216                I2S_IRQHandler
                0x10003218                CNN_FIFO_IRQHandler
                0x1000321a                CNN_IRQHandler
                0x1000321c                RSV102_IRQHandler
                0x1000321e                LPCMP_IRQHandler
 .text._sbrk    0x10003248       0x3c c:/MaximSDK/Examples/MAX78000/imu_fixed_inputs_no_softmax/build/heap.o
                0x10003248                _sbrk
 .text._getpid  0x10003284        0x8 c:/MaximSDK/Examples/MAX78000/imu_fixed_inputs_no_softmax/build/system_max78000.o
                0x10003284                _getpid
 .text._kill    0x1000328c        0x8 c:/MaximSDK/Examples/MAX78000/imu_fixed_inputs_no_softmax/build/system_max78000.o
                0x1000328c                _kill
 .text.SystemCoreClockUpdate
                0x10003294       0x68 c:/MaximSDK/Examples/MAX78000/imu_fixed_inputs_no_softmax/build/system_max78000.o
                0x10003294                SystemCoreClockUpdate
 .text.PreInit  0x100032fc        0x4 c:/MaximSDK/Examples/MAX78000/imu_fixed_inputs_no_softmax/build/system_max78000.o
                0x100032fc                PreInit
 .text.PinInit  0x10003300        0x4 c:/MaximSDK/Examples/MAX78000/imu_fixed_inputs_no_softmax/build/system_max78000.o
                0x10003300                PinInit
 .text.SystemInit
                0x10003304       0x3c c:/MaximSDK/Examples/MAX78000/imu_fixed_inputs_no_softmax/build/system_max78000.o
                0x10003304                SystemInit
 .text.MXC_DelayInit
                0x10003340       0x7c C:/MaximSDK/Libraries/PeriphDrivers/bin/MAX78000/spi-v1_softfp/libPeriphDriver_spi-v1_softfp.a(mxc_delay.o)
 .text.MXC_DelayAsync
                0x100033bc       0x3c C:/MaximSDK/Libraries/PeriphDrivers/bin/MAX78000/spi-v1_softfp/libPeriphDriver_spi-v1_softfp.a(mxc_delay.o)
                0x100033bc                MXC_DelayAsync
 .text.MXC_DelayCheck
                0x100033f8       0x70 C:/MaximSDK/Libraries/PeriphDrivers/bin/MAX78000/spi-v1_softfp/libPeriphDriver_spi-v1_softfp.a(mxc_delay.o)
                0x100033f8                MXC_DelayCheck
 .text.MXC_DelayAbort
                0x10003468       0x34 C:/MaximSDK/Libraries/PeriphDrivers/bin/MAX78000/spi-v1_softfp/libPeriphDriver_spi-v1_softfp.a(mxc_delay.o)
                0x10003468                MXC_DelayAbort
 .text.MXC_Delay
                0x1000349c       0x74 C:/MaximSDK/Libraries/PeriphDrivers/bin/MAX78000/spi-v1_softfp/libPeriphDriver_spi-v1_softfp.a(mxc_delay.o)
                0x1000349c                MXC_Delay
 .text.MXC_NVIC_SetVector
                0x10003510       0x50 C:/MaximSDK/Libraries/PeriphDrivers/bin/MAX78000/spi-v1_softfp/libPeriphDriver_spi-v1_softfp.a(nvic_table.o)
                0x10003510                MXC_NVIC_SetVector
 .text.MXC_SYS_ClockDisable
                0x10003560       0x44 C:/MaximSDK/Libraries/PeriphDrivers/bin/MAX78000/spi-v1_softfp/libPeriphDriver_spi-v1_softfp.a(sys_ai85.o)
                0x10003560                MXC_SYS_ClockDisable
 .text.MXC_SYS_ClockEnable
                0x100035a4       0x4c C:/MaximSDK/Libraries/PeriphDrivers/bin/MAX78000/spi-v1_softfp/libPeriphDriver_spi-v1_softfp.a(sys_ai85.o)
                0x100035a4                MXC_SYS_ClockEnable
 .text.MXC_SYS_ClockSourceEnable
                0x100035f0       0xf4 C:/MaximSDK/Libraries/PeriphDrivers/bin/MAX78000/spi-v1_softfp/libPeriphDriver_spi-v1_softfp.a(sys_ai85.o)
                0x100035f0                MXC_SYS_ClockSourceEnable
 .text.MXC_SYS_Clock_Select
                0x100036e4      0x194 C:/MaximSDK/Libraries/PeriphDrivers/bin/MAX78000/spi-v1_softfp/libPeriphDriver_spi-v1_softfp.a(sys_ai85.o)
                0x100036e4                MXC_SYS_Clock_Select
 .text.MXC_SYS_Reset_Periph
                0x10003878       0x50 C:/MaximSDK/Libraries/PeriphDrivers/bin/MAX78000/spi-v1_softfp/libPeriphDriver_spi-v1_softfp.a(sys_ai85.o)
                0x10003878                MXC_SYS_Reset_Periph
 .text.MXC_DMA_DeInit
                0x100038c8        0xc C:/MaximSDK/Libraries/PeriphDrivers/bin/MAX78000/spi-v1_softfp/libPeriphDriver_spi-v1_softfp.a(dma_me17.o)
                0x100038c8                MXC_DMA_DeInit
 .text.MXC_DMA_ReleaseChannel
                0x100038d4        0x4 C:/MaximSDK/Libraries/PeriphDrivers/bin/MAX78000/spi-v1_softfp/libPeriphDriver_spi-v1_softfp.a(dma_me17.o)
                0x100038d4                MXC_DMA_ReleaseChannel
 .text.MXC_DMA_RevA_DeInit
                0x100038d8       0x3c C:/MaximSDK/Libraries/PeriphDrivers/bin/MAX78000/spi-v1_softfp/libPeriphDriver_spi-v1_softfp.a(dma_reva.o)
                0x100038d8                MXC_DMA_RevA_DeInit
 .text.MXC_DMA_RevA_ReleaseChannel
                0x10003914       0x48 C:/MaximSDK/Libraries/PeriphDrivers/bin/MAX78000/spi-v1_softfp/libPeriphDriver_spi-v1_softfp.a(dma_reva.o)
                0x10003914                MXC_DMA_RevA_ReleaseChannel
 .text.MXC_GPIO_Init
                0x1000395c       0x40 C:/MaximSDK/Libraries/PeriphDrivers/bin/MAX78000/spi-v1_softfp/libPeriphDriver_spi-v1_softfp.a(gpio_ai85.o)
                0x1000395c                MXC_GPIO_Init
 .text.MXC_GPIO_Config
                0x1000399c      0x234 C:/MaximSDK/Libraries/PeriphDrivers/bin/MAX78000/spi-v1_softfp/libPeriphDriver_spi-v1_softfp.a(gpio_ai85.o)
                0x1000399c                MXC_GPIO_Config
 .text.MXC_GPIO_OutSet
                0x10003bd0       0x30 C:/MaximSDK/Libraries/PeriphDrivers/bin/MAX78000/spi-v1_softfp/libPeriphDriver_spi-v1_softfp.a(gpio_ai85.o)
                0x10003bd0                MXC_GPIO_OutSet
 .text.MXC_GPIO_OutClr
                0x10003c00       0x34 C:/MaximSDK/Libraries/PeriphDrivers/bin/MAX78000/spi-v1_softfp/libPeriphDriver_spi-v1_softfp.a(gpio_ai85.o)
                0x10003c00                MXC_GPIO_OutClr
 .text.MXC_GPIO_Handler
                0x10003c34        0x4 C:/MaximSDK/Libraries/PeriphDrivers/bin/MAX78000/spi-v1_softfp/libPeriphDriver_spi-v1_softfp.a(gpio_ai85.o)
                0x10003c34                MXC_GPIO_Handler
 .text.MXC_GPIO_ClearFlags
                0x10003c38       0x18 C:/MaximSDK/Libraries/PeriphDrivers/bin/MAX78000/spi-v1_softfp/libPeriphDriver_spi-v1_softfp.a(gpio_ai85.o)
                0x10003c38                MXC_GPIO_ClearFlags
 .text.MXC_GPIO_GetFlags
                0x10003c50       0x18 C:/MaximSDK/Libraries/PeriphDrivers/bin/MAX78000/spi-v1_softfp/libPeriphDriver_spi-v1_softfp.a(gpio_ai85.o)
                0x10003c50                MXC_GPIO_GetFlags
 .text.MXC_GPIO_GetConfigLock
                0x10003c68        0x4 C:/MaximSDK/Libraries/PeriphDrivers/bin/MAX78000/spi-v1_softfp/libPeriphDriver_spi-v1_softfp.a(gpio_ai85.o)
                0x10003c68                MXC_GPIO_GetConfigLock
 .text.MXC_GPIO_RevA_OutSet
                0x10003c6c        0x4 C:/MaximSDK/Libraries/PeriphDrivers/bin/MAX78000/spi-v1_softfp/libPeriphDriver_spi-v1_softfp.a(gpio_reva.o)
                0x10003c6c                MXC_GPIO_RevA_OutSet
 .text.MXC_GPIO_RevA_OutClr
                0x10003c70        0x4 C:/MaximSDK/Libraries/PeriphDrivers/bin/MAX78000/spi-v1_softfp/libPeriphDriver_spi-v1_softfp.a(gpio_reva.o)
                0x10003c70                MXC_GPIO_RevA_OutClr
 .text.MXC_GPIO_RevA_ClearFlags
                0x10003c74        0x4 C:/MaximSDK/Libraries/PeriphDrivers/bin/MAX78000/spi-v1_softfp/libPeriphDriver_spi-v1_softfp.a(gpio_reva.o)
                0x10003c74                MXC_GPIO_RevA_ClearFlags
 .text.MXC_GPIO_RevA_GetFlags
                0x10003c78        0x4 C:/MaximSDK/Libraries/PeriphDrivers/bin/MAX78000/spi-v1_softfp/libPeriphDriver_spi-v1_softfp.a(gpio_reva.o)
                0x10003c78                MXC_GPIO_RevA_GetFlags
 .text.MXC_GPIO_RevA_SetVSSEL
                0x10003c7c       0x40 C:/MaximSDK/Libraries/PeriphDrivers/bin/MAX78000/spi-v1_softfp/libPeriphDriver_spi-v1_softfp.a(gpio_reva.o)
                0x10003c7c                MXC_GPIO_RevA_SetVSSEL
 .text.MXC_GPIO_RevA_SetAF
                0x10003cbc       0x7c C:/MaximSDK/Libraries/PeriphDrivers/bin/MAX78000/spi-v1_softfp/libPeriphDriver_spi-v1_softfp.a(gpio_reva.o)
                0x10003cbc                MXC_GPIO_RevA_SetAF
 .text.MXC_GPIO_RevA_SetDriveStrength
                0x10003d38       0xa0 C:/MaximSDK/Libraries/PeriphDrivers/bin/MAX78000/spi-v1_softfp/libPeriphDriver_spi-v1_softfp.a(gpio_reva.o)
                0x10003d38                MXC_GPIO_RevA_SetDriveStrength
 .text.MXC_I2C_SetSlaveAddr
                0x10003dd8        0xc C:/MaximSDK/Libraries/PeriphDrivers/bin/MAX78000/spi-v1_softfp/libPeriphDriver_spi-v1_softfp.a(i2c_me17.o)
                0x10003dd8                MXC_I2C_SetSlaveAddr
 .text.MXC_I2C_Shutdown
                0x10003de4       0x6c C:/MaximSDK/Libraries/PeriphDrivers/bin/MAX78000/spi-v1_softfp/libPeriphDriver_spi-v1_softfp.a(i2c_me17.o)
                0x10003de4                MXC_I2C_Shutdown
 .text.MXC_I2C_Init
                0x10003e50       0x94 C:/MaximSDK/Libraries/PeriphDrivers/bin/MAX78000/spi-v1_softfp/libPeriphDriver_spi-v1_softfp.a(i2c_me17.o)
                0x10003e50                MXC_I2C_Init
 .text.MXC_I2C_SetFrequency
                0x10003ee4        0x4 C:/MaximSDK/Libraries/PeriphDrivers/bin/MAX78000/spi-v1_softfp/libPeriphDriver_spi-v1_softfp.a(i2c_me17.o)
                0x10003ee4                MXC_I2C_SetFrequency
 .text.MXC_I2C_GetFrequency
                0x10003ee8        0x4 C:/MaximSDK/Libraries/PeriphDrivers/bin/MAX78000/spi-v1_softfp/libPeriphDriver_spi-v1_softfp.a(i2c_me17.o)
                0x10003ee8                MXC_I2C_GetFrequency
 .text.MXC_I2C_Start
                0x10003eec        0x4 C:/MaximSDK/Libraries/PeriphDrivers/bin/MAX78000/spi-v1_softfp/libPeriphDriver_spi-v1_softfp.a(i2c_me17.o)
                0x10003eec                MXC_I2C_Start
 .text.MXC_I2C_Stop
                0x10003ef0        0x4 C:/MaximSDK/Libraries/PeriphDrivers/bin/MAX78000/spi-v1_softfp/libPeriphDriver_spi-v1_softfp.a(i2c_me17.o)
                0x10003ef0                MXC_I2C_Stop
 .text.MXC_I2C_ReadRXFIFO
                0x10003ef4        0x4 C:/MaximSDK/Libraries/PeriphDrivers/bin/MAX78000/spi-v1_softfp/libPeriphDriver_spi-v1_softfp.a(i2c_me17.o)
                0x10003ef4                MXC_I2C_ReadRXFIFO
 .text.MXC_I2C_WriteTXFIFO
                0x10003ef8        0x4 C:/MaximSDK/Libraries/PeriphDrivers/bin/MAX78000/spi-v1_softfp/libPeriphDriver_spi-v1_softfp.a(i2c_me17.o)
                0x10003ef8                MXC_I2C_WriteTXFIFO
 .text.MXC_I2C_ClearRXFIFO
                0x10003efc        0x4 C:/MaximSDK/Libraries/PeriphDrivers/bin/MAX78000/spi-v1_softfp/libPeriphDriver_spi-v1_softfp.a(i2c_me17.o)
                0x10003efc                MXC_I2C_ClearRXFIFO
 .text.MXC_I2C_ClearTXFIFO
                0x10003f00        0x4 C:/MaximSDK/Libraries/PeriphDrivers/bin/MAX78000/spi-v1_softfp/libPeriphDriver_spi-v1_softfp.a(i2c_me17.o)
                0x10003f00                MXC_I2C_ClearTXFIFO
 .text.MXC_I2C_ClearFlags
                0x10003f04        0x4 C:/MaximSDK/Libraries/PeriphDrivers/bin/MAX78000/spi-v1_softfp/libPeriphDriver_spi-v1_softfp.a(i2c_me17.o)
                0x10003f04                MXC_I2C_ClearFlags
 .text.MXC_I2C_SetTimeout
                0x10003f08        0x4 C:/MaximSDK/Libraries/PeriphDrivers/bin/MAX78000/spi-v1_softfp/libPeriphDriver_spi-v1_softfp.a(i2c_me17.o)
                0x10003f08                MXC_I2C_SetTimeout
 .text.MXC_I2C_Recover
                0x10003f0c        0x4 C:/MaximSDK/Libraries/PeriphDrivers/bin/MAX78000/spi-v1_softfp/libPeriphDriver_spi-v1_softfp.a(i2c_me17.o)
                0x10003f0c                MXC_I2C_Recover
 .text.MXC_I2C_MasterTransaction
                0x10003f10        0x4 C:/MaximSDK/Libraries/PeriphDrivers/bin/MAX78000/spi-v1_softfp/libPeriphDriver_spi-v1_softfp.a(i2c_me17.o)
                0x10003f10                MXC_I2C_MasterTransaction
 .text.MXC_I2C_SetRXThreshold
                0x10003f14        0x4 C:/MaximSDK/Libraries/PeriphDrivers/bin/MAX78000/spi-v1_softfp/libPeriphDriver_spi-v1_softfp.a(i2c_me17.o)
                0x10003f14                MXC_I2C_SetRXThreshold
 .text.MXC_I2C_SetTXThreshold
                0x10003f18        0x4 C:/MaximSDK/Libraries/PeriphDrivers/bin/MAX78000/spi-v1_softfp/libPeriphDriver_spi-v1_softfp.a(i2c_me17.o)
                0x10003f18                MXC_I2C_SetTXThreshold
 .text.MXC_I2C_RevA_Init
                0x10003f1c      0x104 C:/MaximSDK/Libraries/PeriphDrivers/bin/MAX78000/spi-v1_softfp/libPeriphDriver_spi-v1_softfp.a(i2c_reva.o)
                0x10003f1c                MXC_I2C_RevA_Init
 .text.MXC_I2C_RevA_SetSlaveAddr
                0x10004020       0x3c C:/MaximSDK/Libraries/PeriphDrivers/bin/MAX78000/spi-v1_softfp/libPeriphDriver_spi-v1_softfp.a(i2c_reva.o)
                0x10004020                MXC_I2C_RevA_SetSlaveAddr
 .text.MXC_I2C_RevA_Shutdown
                0x1000405c       0xac C:/MaximSDK/Libraries/PeriphDrivers/bin/MAX78000/spi-v1_softfp/libPeriphDriver_spi-v1_softfp.a(i2c_reva.o)
                0x1000405c                MXC_I2C_RevA_Shutdown
 .text.MXC_I2C_RevA_SetFrequency
                0x10004108       0xc0 C:/MaximSDK/Libraries/PeriphDrivers/bin/MAX78000/spi-v1_softfp/libPeriphDriver_spi-v1_softfp.a(i2c_reva.o)
                0x10004108                MXC_I2C_RevA_SetFrequency
 .text.MXC_I2C_RevA_GetFrequency
                0x100041c8       0x38 C:/MaximSDK/Libraries/PeriphDrivers/bin/MAX78000/spi-v1_softfp/libPeriphDriver_spi-v1_softfp.a(i2c_reva.o)
                0x100041c8                MXC_I2C_RevA_GetFrequency
 .text.MXC_I2C_RevA_Start
                0x10004200       0x24 C:/MaximSDK/Libraries/PeriphDrivers/bin/MAX78000/spi-v1_softfp/libPeriphDriver_spi-v1_softfp.a(i2c_reva.o)
                0x10004200                MXC_I2C_RevA_Start
 .text.MXC_I2C_RevA_Stop
                0x10004224       0x1c C:/MaximSDK/Libraries/PeriphDrivers/bin/MAX78000/spi-v1_softfp/libPeriphDriver_spi-v1_softfp.a(i2c_reva.o)
                0x10004224                MXC_I2C_RevA_Stop
 .text.MXC_I2C_RevA_ReadRXFIFO
                0x10004240       0x30 C:/MaximSDK/Libraries/PeriphDrivers/bin/MAX78000/spi-v1_softfp/libPeriphDriver_spi-v1_softfp.a(i2c_reva.o)
                0x10004240                MXC_I2C_RevA_ReadRXFIFO
 .text.MXC_I2C_RevA_WriteTXFIFO
                0x10004270       0x30 C:/MaximSDK/Libraries/PeriphDrivers/bin/MAX78000/spi-v1_softfp/libPeriphDriver_spi-v1_softfp.a(i2c_reva.o)
                0x10004270                MXC_I2C_RevA_WriteTXFIFO
 .text.MXC_I2C_RevA_ClearRXFIFO
                0x100042a0       0x10 C:/MaximSDK/Libraries/PeriphDrivers/bin/MAX78000/spi-v1_softfp/libPeriphDriver_spi-v1_softfp.a(i2c_reva.o)
                0x100042a0                MXC_I2C_RevA_ClearRXFIFO
 .text.MXC_I2C_RevA_ClearTXFIFO
                0x100042b0       0x10 C:/MaximSDK/Libraries/PeriphDrivers/bin/MAX78000/spi-v1_softfp/libPeriphDriver_spi-v1_softfp.a(i2c_reva.o)
                0x100042b0                MXC_I2C_RevA_ClearTXFIFO
 .text.MXC_I2C_RevA_ClearFlags
                0x100042c0        0x8 C:/MaximSDK/Libraries/PeriphDrivers/bin/MAX78000/spi-v1_softfp/libPeriphDriver_spi-v1_softfp.a(i2c_reva.o)
                0x100042c0                MXC_I2C_RevA_ClearFlags
 .text.MXC_I2C_RevA_Recover
                0x100042c8       0xd8 C:/MaximSDK/Libraries/PeriphDrivers/bin/MAX78000/spi-v1_softfp/libPeriphDriver_spi-v1_softfp.a(i2c_reva.o)
                0x100042c8                MXC_I2C_RevA_Recover
 .text.MXC_I2C_RevA_SetTimeout
                0x100043a0        0xc C:/MaximSDK/Libraries/PeriphDrivers/bin/MAX78000/spi-v1_softfp/libPeriphDriver_spi-v1_softfp.a(i2c_reva.o)
                0x100043a0                MXC_I2C_RevA_SetTimeout
 .text.MXC_I2C_RevA_MasterTransaction
                0x100043ac      0x1bc C:/MaximSDK/Libraries/PeriphDrivers/bin/MAX78000/spi-v1_softfp/libPeriphDriver_spi-v1_softfp.a(i2c_reva.o)
                0x100043ac                MXC_I2C_RevA_MasterTransaction
 .text.MXC_I2C_RevA_SetRXThreshold
                0x10004568       0x20 C:/MaximSDK/Libraries/PeriphDrivers/bin/MAX78000/spi-v1_softfp/libPeriphDriver_spi-v1_softfp.a(i2c_reva.o)
                0x10004568                MXC_I2C_RevA_SetRXThreshold
 .text.MXC_I2C_RevA_SetTXThreshold
                0x10004588       0x24 C:/MaximSDK/Libraries/PeriphDrivers/bin/MAX78000/spi-v1_softfp/libPeriphDriver_spi-v1_softfp.a(i2c_reva.o)
                0x10004588                MXC_I2C_RevA_SetTXThreshold
 .text.MXC_ICC_Enable
                0x100045ac        0x4 C:/MaximSDK/Libraries/PeriphDrivers/bin/MAX78000/spi-v1_softfp/libPeriphDriver_spi-v1_softfp.a(icc_me17.o)
                0x100045ac                MXC_ICC_Enable
 .text.MXC_ICC_RevA_Enable
                0x100045b0       0x30 C:/MaximSDK/Libraries/PeriphDrivers/bin/MAX78000/spi-v1_softfp/libPeriphDriver_spi-v1_softfp.a(icc_reva.o)
                0x100045b0                MXC_ICC_RevA_Enable
 .text.MXC_LP_EnterSleepMode
                0x100045e0       0x28 C:/MaximSDK/Libraries/PeriphDrivers/bin/MAX78000/spi-v1_softfp/libPeriphDriver_spi-v1_softfp.a(lp_ai85.o)
                0x100045e0                MXC_LP_EnterSleepMode
 .text.MXC_UART_Shutdown
                0x10004608       0x70 C:/MaximSDK/Libraries/PeriphDrivers/bin/MAX78000/spi-v1_softfp/libPeriphDriver_spi-v1_softfp.a(uart_ai85.o)
                0x10004608                MXC_UART_Shutdown
 .text.MXC_UART_SetFrequency
                0x10004678       0x90 C:/MaximSDK/Libraries/PeriphDrivers/bin/MAX78000/spi-v1_softfp/libPeriphDriver_spi-v1_softfp.a(uart_ai85.o)
                0x10004678                MXC_UART_SetFrequency
 .text.MXC_UART_SetDataSize
                0x10004708        0x4 C:/MaximSDK/Libraries/PeriphDrivers/bin/MAX78000/spi-v1_softfp/libPeriphDriver_spi-v1_softfp.a(uart_ai85.o)
                0x10004708                MXC_UART_SetDataSize
 .text.MXC_UART_SetStopBits
                0x1000470c        0x4 C:/MaximSDK/Libraries/PeriphDrivers/bin/MAX78000/spi-v1_softfp/libPeriphDriver_spi-v1_softfp.a(uart_ai85.o)
                0x1000470c                MXC_UART_SetStopBits
 .text.MXC_UART_SetParity
                0x10004710        0x4 C:/MaximSDK/Libraries/PeriphDrivers/bin/MAX78000/spi-v1_softfp/libPeriphDriver_spi-v1_softfp.a(uart_ai85.o)
                0x10004710                MXC_UART_SetParity
 .text.MXC_UART_SetClockSource
                0x10004714       0x60 C:/MaximSDK/Libraries/PeriphDrivers/bin/MAX78000/spi-v1_softfp/libPeriphDriver_spi-v1_softfp.a(uart_ai85.o)
                0x10004714                MXC_UART_SetClockSource
 .text.MXC_UART_GetClockSource
                0x10004774       0x4c C:/MaximSDK/Libraries/PeriphDrivers/bin/MAX78000/spi-v1_softfp/libPeriphDriver_spi-v1_softfp.a(uart_ai85.o)
                0x10004774                MXC_UART_GetClockSource
 .text.MXC_UART_Init
                0x100047c0       0xa0 C:/MaximSDK/Libraries/PeriphDrivers/bin/MAX78000/spi-v1_softfp/libPeriphDriver_spi-v1_softfp.a(uart_ai85.o)
                0x100047c0                MXC_UART_Init
 .text.MXC_UART_ReadCharacterRaw
                0x10004860        0x4 C:/MaximSDK/Libraries/PeriphDrivers/bin/MAX78000/spi-v1_softfp/libPeriphDriver_spi-v1_softfp.a(uart_ai85.o)
                0x10004860                MXC_UART_ReadCharacterRaw
 .text.MXC_UART_WriteCharacterRaw
                0x10004864        0x4 C:/MaximSDK/Libraries/PeriphDrivers/bin/MAX78000/spi-v1_softfp/libPeriphDriver_spi-v1_softfp.a(uart_ai85.o)
                0x10004864                MXC_UART_WriteCharacterRaw
 .text.MXC_UART_ReadCharacter
                0x10004868        0x4 C:/MaximSDK/Libraries/PeriphDrivers/bin/MAX78000/spi-v1_softfp/libPeriphDriver_spi-v1_softfp.a(uart_ai85.o)
                0x10004868                MXC_UART_ReadCharacter
 .text.MXC_UART_WriteCharacter
                0x1000486c        0x4 C:/MaximSDK/Libraries/PeriphDrivers/bin/MAX78000/spi-v1_softfp/libPeriphDriver_spi-v1_softfp.a(uart_ai85.o)
                0x1000486c                MXC_UART_WriteCharacter
 .text.MXC_UART_ReadRXFIFO
                0x10004870        0x4 C:/MaximSDK/Libraries/PeriphDrivers/bin/MAX78000/spi-v1_softfp/libPeriphDriver_spi-v1_softfp.a(uart_ai85.o)
                0x10004870                MXC_UART_ReadRXFIFO
 .text.MXC_UART_GetRXFIFOAvailable
                0x10004874        0x4 C:/MaximSDK/Libraries/PeriphDrivers/bin/MAX78000/spi-v1_softfp/libPeriphDriver_spi-v1_softfp.a(uart_ai85.o)
                0x10004874                MXC_UART_GetRXFIFOAvailable
 .text.MXC_UART_WriteTXFIFO
                0x10004878        0x4 C:/MaximSDK/Libraries/PeriphDrivers/bin/MAX78000/spi-v1_softfp/libPeriphDriver_spi-v1_softfp.a(uart_ai85.o)
                0x10004878                MXC_UART_WriteTXFIFO
 .text.MXC_UART_GetTXFIFOAvailable
                0x1000487c        0x4 C:/MaximSDK/Libraries/PeriphDrivers/bin/MAX78000/spi-v1_softfp/libPeriphDriver_spi-v1_softfp.a(uart_ai85.o)
                0x1000487c                MXC_UART_GetTXFIFOAvailable
 .text.MXC_UART_SetRXThreshold
                0x10004880        0x4 C:/MaximSDK/Libraries/PeriphDrivers/bin/MAX78000/spi-v1_softfp/libPeriphDriver_spi-v1_softfp.a(uart_ai85.o)
                0x10004880                MXC_UART_SetRXThreshold
 .text.MXC_UART_GetFlags
                0x10004884        0x4 C:/MaximSDK/Libraries/PeriphDrivers/bin/MAX78000/spi-v1_softfp/libPeriphDriver_spi-v1_softfp.a(uart_ai85.o)
                0x10004884                MXC_UART_GetFlags
 .text.MXC_UART_ClearFlags
                0x10004888        0x4 C:/MaximSDK/Libraries/PeriphDrivers/bin/MAX78000/spi-v1_softfp/libPeriphDriver_spi-v1_softfp.a(uart_ai85.o)
                0x10004888                MXC_UART_ClearFlags
 .text.MXC_UART_DisableInt
                0x1000488c        0x4 C:/MaximSDK/Libraries/PeriphDrivers/bin/MAX78000/spi-v1_softfp/libPeriphDriver_spi-v1_softfp.a(uart_ai85.o)
                0x1000488c                MXC_UART_DisableInt
 .text.MXC_UART_Transaction
                0x10004890        0x4 C:/MaximSDK/Libraries/PeriphDrivers/bin/MAX78000/spi-v1_softfp/libPeriphDriver_spi-v1_softfp.a(uart_ai85.o)
                0x10004890                MXC_UART_Transaction
 .text.MXC_UART_Common_ReadCharacter
                0x10004894       0x18 C:/MaximSDK/Libraries/PeriphDrivers/bin/MAX78000/spi-v1_softfp/libPeriphDriver_spi-v1_softfp.a(uart_common.o)
                0x10004894                MXC_UART_Common_ReadCharacter
 .text.MXC_UART_Common_WriteCharacter
                0x100048ac       0x1c C:/MaximSDK/Libraries/PeriphDrivers/bin/MAX78000/spi-v1_softfp/libPeriphDriver_spi-v1_softfp.a(uart_common.o)
                0x100048ac                MXC_UART_Common_WriteCharacter
 .text.MXC_UART_RevB_Init
                0x100048c8       0xe0 C:/MaximSDK/Libraries/PeriphDrivers/bin/MAX78000/spi-v1_softfp/libPeriphDriver_spi-v1_softfp.a(uart_revb.o)
                0x100048c8                MXC_UART_RevB_Init
 .text.MXC_UART_RevB_SetFrequency
                0x100049a8       0x1c C:/MaximSDK/Libraries/PeriphDrivers/bin/MAX78000/spi-v1_softfp/libPeriphDriver_spi-v1_softfp.a(uart_revb.o)
                0x100049a8                MXC_UART_RevB_SetFrequency
 .text.MXC_UART_RevB_SetDataSize
                0x100049c4       0x20 C:/MaximSDK/Libraries/PeriphDrivers/bin/MAX78000/spi-v1_softfp/libPeriphDriver_spi-v1_softfp.a(uart_revb.o)
                0x100049c4                MXC_UART_RevB_SetDataSize
 .text.MXC_UART_RevB_SetStopBits
                0x100049e4       0x28 C:/MaximSDK/Libraries/PeriphDrivers/bin/MAX78000/spi-v1_softfp/libPeriphDriver_spi-v1_softfp.a(uart_revb.o)
                0x100049e4                MXC_UART_RevB_SetStopBits
 .text.MXC_UART_RevB_SetParity
                0x10004a0c       0x94 C:/MaximSDK/Libraries/PeriphDrivers/bin/MAX78000/spi-v1_softfp/libPeriphDriver_spi-v1_softfp.a(uart_revb.o)
                0x10004a0c                MXC_UART_RevB_SetParity
 .text.MXC_UART_RevB_SetClockSource
                0x10004aa0       0xa8 C:/MaximSDK/Libraries/PeriphDrivers/bin/MAX78000/spi-v1_softfp/libPeriphDriver_spi-v1_softfp.a(uart_revb.o)
                0x10004aa0                MXC_UART_RevB_SetClockSource
 .text.MXC_UART_RevB_GetClockSource
                0x10004b48        0x8 C:/MaximSDK/Libraries/PeriphDrivers/bin/MAX78000/spi-v1_softfp/libPeriphDriver_spi-v1_softfp.a(uart_revb.o)
                0x10004b48                MXC_UART_RevB_GetClockSource
 .text.MXC_UART_RevB_ReadCharacterRaw
                0x10004b50       0x10 C:/MaximSDK/Libraries/PeriphDrivers/bin/MAX78000/spi-v1_softfp/libPeriphDriver_spi-v1_softfp.a(uart_revb.o)
                0x10004b50                MXC_UART_RevB_ReadCharacterRaw
 .text.MXC_UART_RevB_WriteCharacterRaw
                0x10004b60       0x14 C:/MaximSDK/Libraries/PeriphDrivers/bin/MAX78000/spi-v1_softfp/libPeriphDriver_spi-v1_softfp.a(uart_revb.o)
                0x10004b60                MXC_UART_RevB_WriteCharacterRaw
 .text.MXC_UART_RevB_ReadRXFIFO
                0x10004b74       0x2c C:/MaximSDK/Libraries/PeriphDrivers/bin/MAX78000/spi-v1_softfp/libPeriphDriver_spi-v1_softfp.a(uart_revb.o)
                0x10004b74                MXC_UART_RevB_ReadRXFIFO
 .text.MXC_UART_RevB_GetRXFIFOAvailable
                0x10004ba0        0x8 C:/MaximSDK/Libraries/PeriphDrivers/bin/MAX78000/spi-v1_softfp/libPeriphDriver_spi-v1_softfp.a(uart_revb.o)
                0x10004ba0                MXC_UART_RevB_GetRXFIFOAvailable
 .text.MXC_UART_RevB_WriteTXFIFO
                0x10004ba8       0x2c C:/MaximSDK/Libraries/PeriphDrivers/bin/MAX78000/spi-v1_softfp/libPeriphDriver_spi-v1_softfp.a(uart_revb.o)
                0x10004ba8                MXC_UART_RevB_WriteTXFIFO
 .text.MXC_UART_RevB_GetTXFIFOAvailable
                0x10004bd4        0xc C:/MaximSDK/Libraries/PeriphDrivers/bin/MAX78000/spi-v1_softfp/libPeriphDriver_spi-v1_softfp.a(uart_revb.o)
                0x10004bd4                MXC_UART_RevB_GetTXFIFOAvailable
 .text.MXC_UART_RevB_SetRXThreshold
                0x10004be0       0x1c C:/MaximSDK/Libraries/PeriphDrivers/bin/MAX78000/spi-v1_softfp/libPeriphDriver_spi-v1_softfp.a(uart_revb.o)
                0x10004be0                MXC_UART_RevB_SetRXThreshold
 .text.MXC_UART_RevB_GetFlags
                0x10004bfc        0x4 C:/MaximSDK/Libraries/PeriphDrivers/bin/MAX78000/spi-v1_softfp/libPeriphDriver_spi-v1_softfp.a(uart_revb.o)
                0x10004bfc                MXC_UART_RevB_GetFlags
 .text.MXC_UART_RevB_ClearFlags
                0x10004c00        0x8 C:/MaximSDK/Libraries/PeriphDrivers/bin/MAX78000/spi-v1_softfp/libPeriphDriver_spi-v1_softfp.a(uart_revb.o)
                0x10004c00                MXC_UART_RevB_ClearFlags
 .text.MXC_UART_RevB_DisableInt
                0x10004c08       0x10 C:/MaximSDK/Libraries/PeriphDrivers/bin/MAX78000/spi-v1_softfp/libPeriphDriver_spi-v1_softfp.a(uart_revb.o)
                0x10004c08                MXC_UART_RevB_DisableInt
 .text.MXC_UART_RevB_Transaction
                0x10004c18      0x148 C:/MaximSDK/Libraries/PeriphDrivers/bin/MAX78000/spi-v1_softfp/libPeriphDriver_spi-v1_softfp.a(uart_revb.o)
                0x10004c18                MXC_UART_RevB_Transaction
 .text.MXC_GetLock
                0x10004d60       0x1c C:/MaximSDK/Libraries/PeriphDrivers/bin/MAX78000/spi-v1_softfp/libPeriphDriver_spi-v1_softfp.a(mxc_lock.o)
                0x10004d60                MXC_GetLock
 .text.MXC_FreeLock
                0x10004d7c        0xc C:/MaximSDK/Libraries/PeriphDrivers/bin/MAX78000/spi-v1_softfp/libPeriphDriver_spi-v1_softfp.a(mxc_lock.o)
                0x10004d7c                MXC_FreeLock
 .text.MXC_GPIO_Common_Init
                0x10004d88       0x24 C:/MaximSDK/Libraries/PeriphDrivers/bin/MAX78000/spi-v1_softfp/libPeriphDriver_spi-v1_softfp.a(gpio_common.o)
                0x10004d88                MXC_GPIO_Common_Init
 .text.MXC_GPIO_Common_Handler
                0x10004dac       0x88 C:/MaximSDK/Libraries/PeriphDrivers/bin/MAX78000/spi-v1_softfp/libPeriphDriver_spi-v1_softfp.a(gpio_common.o)
                0x10004dac                MXC_GPIO_Common_Handler
 .text.MXC_GPIO_Common_GetConfigLock
                0x10004e34        0xc C:/MaximSDK/Libraries/PeriphDrivers/bin/MAX78000/spi-v1_softfp/libPeriphDriver_spi-v1_softfp.a(gpio_common.o)
                0x10004e34                MXC_GPIO_Common_GetConfigLock
 .text.__errno  0x10004e40        0xc c:/maximsdk/tools/gnutools/10.3/bin/../lib/gcc/arm-none-eabi/10.3.1/../../../../arm-none-eabi/lib/thumb/v7e-m+fp/softfp\libc.a(lib_a-errno.o)
                0x10004e40                __errno
 .text.__libc_init_array
                0x10004e4c       0x48 c:/maximsdk/tools/gnutools/10.3/bin/../lib/gcc/arm-none-eabi/10.3.1/../../../../arm-none-eabi/lib/thumb/v7e-m+fp/softfp\libc.a(lib_a-init.o)
                0x10004e4c                __libc_init_array
 .text.malloc   0x10004e94       0x10 c:/maximsdk/tools/gnutools/10.3/bin/../lib/gcc/arm-none-eabi/10.3.1/../../../../arm-none-eabi/lib/thumb/v7e-m+fp/softfp\libc.a(lib_a-malloc.o)
                0x10004e94                malloc
 .text._malloc_r
                0x10004ea4      0x560 c:/maximsdk/tools/gnutools/10.3/bin/../lib/gcc/arm-none-eabi/10.3.1/../../../../arm-none-eabi/lib/thumb/v7e-m+fp/softfp\libc.a(lib_a-mallocr.o)
                0x10004ea4                _malloc_r
 .text          0x10005404      0x134 c:/maximsdk/tools/gnutools/10.3/bin/../lib/gcc/arm-none-eabi/10.3.1/../../../../arm-none-eabi/lib/thumb/v7e-m+fp/softfp\libc.a(lib_a-memcpy.o)
                0x10005404                memcpy
 .text.memset   0x10005538       0xa4 c:/maximsdk/tools/gnutools/10.3/bin/../lib/gcc/arm-none-eabi/10.3.1/../../../../arm-none-eabi/lib/thumb/v7e-m+fp/softfp\libc.a(lib_a-memset.o)
                0x10005538                memset
 .text.__malloc_lock
                0x100055dc        0xc c:/maximsdk/tools/gnutools/10.3/bin/../lib/gcc/arm-none-eabi/10.3.1/../../../../arm-none-eabi/lib/thumb/v7e-m+fp/softfp\libc.a(lib_a-mlock.o)
                0x100055dc                __malloc_lock
 .text.__malloc_unlock
                0x100055e8        0xc c:/maximsdk/tools/gnutools/10.3/bin/../lib/gcc/arm-none-eabi/10.3.1/../../../../arm-none-eabi/lib/thumb/v7e-m+fp/softfp\libc.a(lib_a-mlock.o)
                0x100055e8                __malloc_unlock
 .text.printf   0x100055f4       0x28 c:/maximsdk/tools/gnutools/10.3/bin/../lib/gcc/arm-none-eabi/10.3.1/../../../../arm-none-eabi/lib/thumb/v7e-m+fp/softfp\libc.a(lib_a-printf.o)
                0x100055f4                printf
 .text._puts_r  0x1000561c       0x9c c:/maximsdk/tools/gnutools/10.3/bin/../lib/gcc/arm-none-eabi/10.3.1/../../../../arm-none-eabi/lib/thumb/v7e-m+fp/softfp\libc.a(lib_a-puts.o)
                0x1000561c                _puts_r
 .text.puts     0x100056b8       0x10 c:/maximsdk/tools/gnutools/10.3/bin/../lib/gcc/arm-none-eabi/10.3.1/../../../../arm-none-eabi/lib/thumb/v7e-m+fp/softfp\libc.a(lib_a-puts.o)
                0x100056b8                puts
 .text._sbrk_r  0x100056c8       0x24 c:/maximsdk/tools/gnutools/10.3/bin/../lib/gcc/arm-none-eabi/10.3.1/../../../../arm-none-eabi/lib/thumb/v7e-m+fp/softfp\libc.a(lib_a-sbrkr.o)
                0x100056c8                _sbrk_r
 .text.sprintf  0x100056ec       0x40 c:/maximsdk/tools/gnutools/10.3/bin/../lib/gcc/arm-none-eabi/10.3.1/../../../../arm-none-eabi/lib/thumb/v7e-m+fp/softfp\libc.a(lib_a-sprintf.o)
                0x100056ec                sprintf
 *fill*         0x1000572c       0x14 
 .text          0x10005740       0xdc c:/maximsdk/tools/gnutools/10.3/bin/../lib/gcc/arm-none-eabi/10.3.1/../../../../arm-none-eabi/lib/thumb/v7e-m+fp/softfp\libc.a(lib_a-strlen.o)
                0x10005740                strlen
 *fill*         0x1000581c        0x4 
 .text._svfprintf_r
                0x10005820     0x1ac8 c:/maximsdk/tools/gnutools/10.3/bin/../lib/gcc/arm-none-eabi/10.3.1/../../../../arm-none-eabi/lib/thumb/v7e-m+fp/softfp\libc.a(lib_a-svfprintf.o)
                0x10005820                _svfprintf_r
 .text._vfprintf_r
                0x100072e8     0x1b8c c:/maximsdk/tools/gnutools/10.3/bin/../lib/gcc/arm-none-eabi/10.3.1/../../../../arm-none-eabi/lib/thumb/v7e-m+fp/softfp\libc.a(lib_a-vfprintf.o)
                0x100072e8                _vfprintf_r
 .text.__sbprintf
                0x10008e74       0x80 c:/maximsdk/tools/gnutools/10.3/bin/../lib/gcc/arm-none-eabi/10.3.1/../../../../arm-none-eabi/lib/thumb/v7e-m+fp/softfp\libc.a(lib_a-vfprintf.o)
 .text.__swsetup_r
                0x10008ef4       0xd4 c:/maximsdk/tools/gnutools/10.3/bin/../lib/gcc/arm-none-eabi/10.3.1/../../../../arm-none-eabi/lib/thumb/v7e-m+fp/softfp\libc.a(lib_a-wsetup.o)
                0x10008ef4                __swsetup_r
 .text.startup.register_fini
                0x10008fc8       0x14 c:/maximsdk/tools/gnutools/10.3/bin/../lib/gcc/arm-none-eabi/10.3.1/../../../../arm-none-eabi/lib/thumb/v7e-m+fp/softfp\libc.a(lib_a-__call_atexit.o)
 .text.atexit   0x10008fdc        0xc c:/maximsdk/tools/gnutools/10.3/bin/../lib/gcc/arm-none-eabi/10.3.1/../../../../arm-none-eabi/lib/thumb/v7e-m+fp/softfp\libc.a(lib_a-atexit.o)
                0x10008fdc                atexit
 .text.quorem   0x10008fe8      0x128 c:/maximsdk/tools/gnutools/10.3/bin/../lib/gcc/arm-none-eabi/10.3.1/../../../../arm-none-eabi/lib/thumb/v7e-m+fp/softfp\libc.a(lib_a-dtoa.o)
 .text._dtoa_r  0x10009110      0xf34 c:/maximsdk/tools/gnutools/10.3/bin/../lib/gcc/arm-none-eabi/10.3.1/../../../../arm-none-eabi/lib/thumb/v7e-m+fp/softfp\libc.a(lib_a-dtoa.o)
                0x10009110                _dtoa_r
 .text.__sflush_r
                0x1000a044      0x130 c:/maximsdk/tools/gnutools/10.3/bin/../lib/gcc/arm-none-eabi/10.3.1/../../../../arm-none-eabi/lib/thumb/v7e-m+fp/softfp\libc.a(lib_a-fflush.o)
                0x1000a044                __sflush_r
 .text._fflush_r
                0x1000a174       0x5c c:/maximsdk/tools/gnutools/10.3/bin/../lib/gcc/arm-none-eabi/10.3.1/../../../../arm-none-eabi/lib/thumb/v7e-m+fp/softfp\libc.a(lib_a-fflush.o)
                0x1000a174                _fflush_r
 .text._cleanup_r
                0x1000a1d0        0xc c:/maximsdk/tools/gnutools/10.3/bin/../lib/gcc/arm-none-eabi/10.3.1/../../../../arm-none-eabi/lib/thumb/v7e-m+fp/softfp\libc.a(lib_a-findfp.o)
                0x1000a1d0                _cleanup_r
 .text.__sinit  0x1000a1dc      0x10c c:/maximsdk/tools/gnutools/10.3/bin/../lib/gcc/arm-none-eabi/10.3.1/../../../../arm-none-eabi/lib/thumb/v7e-m+fp/softfp\libc.a(lib_a-findfp.o)
                0x1000a1dc                __sinit
 .text.__sfp_lock_acquire
                0x1000a2e8        0xc c:/maximsdk/tools/gnutools/10.3/bin/../lib/gcc/arm-none-eabi/10.3.1/../../../../arm-none-eabi/lib/thumb/v7e-m+fp/softfp\libc.a(lib_a-findfp.o)
                0x1000a2e8                __sfp_lock_acquire
 .text.__sfp_lock_release
                0x1000a2f4        0xc c:/maximsdk/tools/gnutools/10.3/bin/../lib/gcc/arm-none-eabi/10.3.1/../../../../arm-none-eabi/lib/thumb/v7e-m+fp/softfp\libc.a(lib_a-findfp.o)
                0x1000a2f4                __sfp_lock_release
 .text.__libc_fini_array
                0x1000a300       0x2c c:/maximsdk/tools/gnutools/10.3/bin/../lib/gcc/arm-none-eabi/10.3.1/../../../../arm-none-eabi/lib/thumb/v7e-m+fp/softfp\libc.a(lib_a-fini.o)
                0x1000a300                __libc_fini_array
 .text._malloc_trim_r
                0x1000a32c       0xa0 c:/maximsdk/tools/gnutools/10.3/bin/../lib/gcc/arm-none-eabi/10.3.1/../../../../arm-none-eabi/lib/thumb/v7e-m+fp/softfp\libc.a(lib_a-freer.o)
                0x1000a32c                _malloc_trim_r
 .text._free_r  0x1000a3cc      0x20c c:/maximsdk/tools/gnutools/10.3/bin/../lib/gcc/arm-none-eabi/10.3.1/../../../../arm-none-eabi/lib/thumb/v7e-m+fp/softfp\libc.a(lib_a-freer.o)
                0x1000a3cc                _free_r
 .text.__sfvwrite_r
                0x1000a5d8      0x2f0 c:/maximsdk/tools/gnutools/10.3/bin/../lib/gcc/arm-none-eabi/10.3.1/../../../../arm-none-eabi/lib/thumb/v7e-m+fp/softfp\libc.a(lib_a-fvwrite.o)
                0x1000a5d8                __sfvwrite_r
 .text._fwalk_reent
                0x1000a8c8       0x48 c:/maximsdk/tools/gnutools/10.3/bin/../lib/gcc/arm-none-eabi/10.3.1/../../../../arm-none-eabi/lib/thumb/v7e-m+fp/softfp\libc.a(lib_a-fwalk.o)
                0x1000a8c8                _fwalk_reent
 .text._localeconv_r
                0x1000a910        0x8 c:/maximsdk/tools/gnutools/10.3/bin/../lib/gcc/arm-none-eabi/10.3.1/../../../../arm-none-eabi/lib/thumb/v7e-m+fp/softfp\libc.a(lib_a-localeconv.o)
                0x1000a910                _localeconv_r
 .text.__retarget_lock_init_recursive
                0x1000a918        0x4 c:/maximsdk/tools/gnutools/10.3/bin/../lib/gcc/arm-none-eabi/10.3.1/../../../../arm-none-eabi/lib/thumb/v7e-m+fp/softfp\libc.a(lib_a-lock.o)
                0x1000a918                __retarget_lock_init_recursive
 .text.__retarget_lock_close_recursive
                0x1000a91c        0x4 c:/maximsdk/tools/gnutools/10.3/bin/../lib/gcc/arm-none-eabi/10.3.1/../../../../arm-none-eabi/lib/thumb/v7e-m+fp/softfp\libc.a(lib_a-lock.o)
                0x1000a91c                __retarget_lock_close_recursive
 .text.__retarget_lock_acquire_recursive
                0x1000a920        0x4 c:/maximsdk/tools/gnutools/10.3/bin/../lib/gcc/arm-none-eabi/10.3.1/../../../../arm-none-eabi/lib/thumb/v7e-m+fp/softfp\libc.a(lib_a-lock.o)
                0x1000a920                __retarget_lock_acquire_recursive
 .text.__retarget_lock_release_recursive
                0x1000a924        0x4 c:/maximsdk/tools/gnutools/10.3/bin/../lib/gcc/arm-none-eabi/10.3.1/../../../../arm-none-eabi/lib/thumb/v7e-m+fp/softfp\libc.a(lib_a-lock.o)
                0x1000a924                __retarget_lock_release_recursive
 .text.__smakebuf_r
                0x1000a928       0xe0 c:/maximsdk/tools/gnutools/10.3/bin/../lib/gcc/arm-none-eabi/10.3.1/../../../../arm-none-eabi/lib/thumb/v7e-m+fp/softfp\libc.a(lib_a-makebuf.o)
                0x1000a928                __smakebuf_r
 *fill*         0x1000aa08        0x8 
 .text          0x1000aa10       0xa0 c:/maximsdk/tools/gnutools/10.3/bin/../lib/gcc/arm-none-eabi/10.3.1/../../../../arm-none-eabi/lib/thumb/v7e-m+fp/softfp\libc.a(lib_a-memchr.o)
                0x1000aa10                memchr
 .text.memmove  0x1000aab0       0xf8 c:/maximsdk/tools/gnutools/10.3/bin/../lib/gcc/arm-none-eabi/10.3.1/../../../../arm-none-eabi/lib/thumb/v7e-m+fp/softfp\libc.a(lib_a-memmove.o)
                0x1000aab0                memmove
 .text._Balloc  0x1000aba8       0x4c c:/maximsdk/tools/gnutools/10.3/bin/../lib/gcc/arm-none-eabi/10.3.1/../../../../arm-none-eabi/lib/thumb/v7e-m+fp/softfp\libc.a(lib_a-mprec.o)
                0x1000aba8                _Balloc
 .text._Bfree   0x1000abf4       0x14 c:/maximsdk/tools/gnutools/10.3/bin/../lib/gcc/arm-none-eabi/10.3.1/../../../../arm-none-eabi/lib/thumb/v7e-m+fp/softfp\libc.a(lib_a-mprec.o)
                0x1000abf4                _Bfree
 .text.__multadd
                0x1000ac08       0xa8 c:/maximsdk/tools/gnutools/10.3/bin/../lib/gcc/arm-none-eabi/10.3.1/../../../../arm-none-eabi/lib/thumb/v7e-m+fp/softfp\libc.a(lib_a-mprec.o)
                0x1000ac08                __multadd
 .text.__hi0bits
                0x1000acb0       0x40 c:/maximsdk/tools/gnutools/10.3/bin/../lib/gcc/arm-none-eabi/10.3.1/../../../../arm-none-eabi/lib/thumb/v7e-m+fp/softfp\libc.a(lib_a-mprec.o)
                0x1000acb0                __hi0bits
 .text.__lo0bits
                0x1000acf0       0x60 c:/maximsdk/tools/gnutools/10.3/bin/../lib/gcc/arm-none-eabi/10.3.1/../../../../arm-none-eabi/lib/thumb/v7e-m+fp/softfp\libc.a(lib_a-mprec.o)
                0x1000acf0                __lo0bits
 .text.__i2b    0x1000ad50       0x5c c:/maximsdk/tools/gnutools/10.3/bin/../lib/gcc/arm-none-eabi/10.3.1/../../../../arm-none-eabi/lib/thumb/v7e-m+fp/softfp\libc.a(lib_a-mprec.o)
                0x1000ad50                __i2b
 .text.__multiply
                0x1000adac      0x15c c:/maximsdk/tools/gnutools/10.3/bin/../lib/gcc/arm-none-eabi/10.3.1/../../../../arm-none-eabi/lib/thumb/v7e-m+fp/softfp\libc.a(lib_a-mprec.o)
                0x1000adac                __multiply
 .text.__pow5mult
                0x1000af08       0xc0 c:/maximsdk/tools/gnutools/10.3/bin/../lib/gcc/arm-none-eabi/10.3.1/../../../../arm-none-eabi/lib/thumb/v7e-m+fp/softfp\libc.a(lib_a-mprec.o)
                0x1000af08                __pow5mult
 .text.__lshift
                0x1000afc8       0xf0 c:/maximsdk/tools/gnutools/10.3/bin/../lib/gcc/arm-none-eabi/10.3.1/../../../../arm-none-eabi/lib/thumb/v7e-m+fp/softfp\libc.a(lib_a-mprec.o)
                0x1000afc8                __lshift
 .text.__mcmp   0x1000b0b8       0x44 c:/maximsdk/tools/gnutools/10.3/bin/../lib/gcc/arm-none-eabi/10.3.1/../../../../arm-none-eabi/lib/thumb/v7e-m+fp/softfp\libc.a(lib_a-mprec.o)
                0x1000b0b8                __mcmp
 .text.__mdiff  0x1000b0fc      0x14c c:/maximsdk/tools/gnutools/10.3/bin/../lib/gcc/arm-none-eabi/10.3.1/../../../../arm-none-eabi/lib/thumb/v7e-m+fp/softfp\libc.a(lib_a-mprec.o)
                0x1000b0fc                __mdiff
 .text.__d2b    0x1000b248       0xc4 c:/maximsdk/tools/gnutools/10.3/bin/../lib/gcc/arm-none-eabi/10.3.1/../../../../arm-none-eabi/lib/thumb/v7e-m+fp/softfp\libc.a(lib_a-mprec.o)
                0x1000b248                __d2b
 .text._realloc_r
                0x1000b30c      0x3d8 c:/maximsdk/tools/gnutools/10.3/bin/../lib/gcc/arm-none-eabi/10.3.1/../../../../arm-none-eabi/lib/thumb/v7e-m+fp/softfp\libc.a(lib_a-reallocr.o)
                0x1000b30c                _realloc_r
 .text.frexp    0x1000b6e4       0x70 c:/maximsdk/tools/gnutools/10.3/bin/../lib/gcc/arm-none-eabi/10.3.1/../../../../arm-none-eabi/lib/thumb/v7e-m+fp/softfp\libc.a(lib_a-s_frexp.o)
                0x1000b6e4                frexp
 .text.__sread  0x1000b754       0x24 c:/maximsdk/tools/gnutools/10.3/bin/../lib/gcc/arm-none-eabi/10.3.1/../../../../arm-none-eabi/lib/thumb/v7e-m+fp/softfp\libc.a(lib_a-stdio.o)
                0x1000b754                __sread
 .text.__swrite
                0x1000b778       0x40 c:/maximsdk/tools/gnutools/10.3/bin/../lib/gcc/arm-none-eabi/10.3.1/../../../../arm-none-eabi/lib/thumb/v7e-m+fp/softfp\libc.a(lib_a-stdio.o)
                0x1000b778                __swrite
 .text.__sseek  0x1000b7b8       0x20 c:/maximsdk/tools/gnutools/10.3/bin/../lib/gcc/arm-none-eabi/10.3.1/../../../../arm-none-eabi/lib/thumb/v7e-m+fp/softfp\libc.a(lib_a-stdio.o)
                0x1000b7b8                __sseek
 .text.__sclose
                0x1000b7d8        0x8 c:/maximsdk/tools/gnutools/10.3/bin/../lib/gcc/arm-none-eabi/10.3.1/../../../../arm-none-eabi/lib/thumb/v7e-m+fp/softfp\libc.a(lib_a-stdio.o)
                0x1000b7d8                __sclose
 .text.strncpy  0x1000b7e0       0x64 c:/maximsdk/tools/gnutools/10.3/bin/../lib/gcc/arm-none-eabi/10.3.1/../../../../arm-none-eabi/lib/thumb/v7e-m+fp/softfp\libc.a(lib_a-strncpy.o)
                0x1000b7e0                strncpy
 .text.__ssprint_r
                0x1000b844       0xf8 c:/maximsdk/tools/gnutools/10.3/bin/../lib/gcc/arm-none-eabi/10.3.1/../../../../arm-none-eabi/lib/thumb/v7e-m+fp/softfp\libc.a(lib_a-svfiprintf.o)
                0x1000b844                __ssprint_r
 .text.__sprint_r.part.0
                0x1000b93c       0x78 c:/maximsdk/tools/gnutools/10.3/bin/../lib/gcc/arm-none-eabi/10.3.1/../../../../arm-none-eabi/lib/thumb/v7e-m+fp/softfp\libc.a(lib_a-vfiprintf.o)
 .text.__sprint_r
                0x1000b9b4       0x18 c:/maximsdk/tools/gnutools/10.3/bin/../lib/gcc/arm-none-eabi/10.3.1/../../../../arm-none-eabi/lib/thumb/v7e-m+fp/softfp\libc.a(lib_a-vfiprintf.o)
                0x1000b9b4                __sprint_r
 .text._vfiprintf_r
                0x1000b9cc      0xdfc c:/maximsdk/tools/gnutools/10.3/bin/../lib/gcc/arm-none-eabi/10.3.1/../../../../arm-none-eabi/lib/thumb/v7e-m+fp/softfp\libc.a(lib_a-vfiprintf.o)
                0x1000b9cc                _vfiprintf_r
 .text.__sbprintf
                0x1000c7c8       0x80 c:/maximsdk/tools/gnutools/10.3/bin/../lib/gcc/arm-none-eabi/10.3.1/../../../../arm-none-eabi/lib/thumb/v7e-m+fp/softfp\libc.a(lib_a-vfiprintf.o)
 .text._write_r
                0x1000c848       0x2c c:/maximsdk/tools/gnutools/10.3/bin/../lib/gcc/arm-none-eabi/10.3.1/../../../../arm-none-eabi/lib/thumb/v7e-m+fp/softfp\libc.a(lib_a-writer.o)
                0x1000c848                _write_r
 .text.__register_exitproc
                0x1000c874       0x8c c:/maximsdk/tools/gnutools/10.3/bin/../lib/gcc/arm-none-eabi/10.3.1/../../../../arm-none-eabi/lib/thumb/v7e-m+fp/softfp\libc.a(lib_a-__atexit.o)
                0x1000c874                __register_exitproc
 .text.__assert_func
                0x1000c900       0x40 c:/maximsdk/tools/gnutools/10.3/bin/../lib/gcc/arm-none-eabi/10.3.1/../../../../arm-none-eabi/lib/thumb/v7e-m+fp/softfp\libc.a(lib_a-assert.o)
                0x1000c900                __assert_func
 .text._calloc_r
                0x1000c940       0x78 c:/maximsdk/tools/gnutools/10.3/bin/../lib/gcc/arm-none-eabi/10.3.1/../../../../arm-none-eabi/lib/thumb/v7e-m+fp/softfp\libc.a(lib_a-callocr.o)
                0x1000c940                _calloc_r
 .text._close_r
                0x1000c9b8       0x24 c:/maximsdk/tools/gnutools/10.3/bin/../lib/gcc/arm-none-eabi/10.3.1/../../../../arm-none-eabi/lib/thumb/v7e-m+fp/softfp\libc.a(lib_a-closer.o)
                0x1000c9b8                _close_r
 .text._fclose_r
                0x1000c9dc       0xcc c:/maximsdk/tools/gnutools/10.3/bin/../lib/gcc/arm-none-eabi/10.3.1/../../../../arm-none-eabi/lib/thumb/v7e-m+fp/softfp\libc.a(lib_a-fclose.o)
                0x1000c9dc                _fclose_r
 .text.fiprintf
                0x1000caa8       0x28 c:/maximsdk/tools/gnutools/10.3/bin/../lib/gcc/arm-none-eabi/10.3.1/../../../../arm-none-eabi/lib/thumb/v7e-m+fp/softfp\libc.a(lib_a-fiprintf.o)
                0x1000caa8                fiprintf
 .text.__fputwc
                0x1000cad0       0xa8 c:/maximsdk/tools/gnutools/10.3/bin/../lib/gcc/arm-none-eabi/10.3.1/../../../../arm-none-eabi/lib/thumb/v7e-m+fp/softfp\libc.a(lib_a-fputwc.o)
                0x1000cad0                __fputwc
 .text._fputwc_r
                0x1000cb78       0x68 c:/maximsdk/tools/gnutools/10.3/bin/../lib/gcc/arm-none-eabi/10.3.1/../../../../arm-none-eabi/lib/thumb/v7e-m+fp/softfp\libc.a(lib_a-fputwc.o)
                0x1000cb78                _fputwc_r
 .text._fstat_r
                0x1000cbe0       0x2c c:/maximsdk/tools/gnutools/10.3/bin/../lib/gcc/arm-none-eabi/10.3.1/../../../../arm-none-eabi/lib/thumb/v7e-m+fp/softfp\libc.a(lib_a-fstatr.o)
                0x1000cbe0                _fstat_r
 .text._isatty_r
                0x1000cc0c       0x24 c:/maximsdk/tools/gnutools/10.3/bin/../lib/gcc/arm-none-eabi/10.3.1/../../../../arm-none-eabi/lib/thumb/v7e-m+fp/softfp\libc.a(lib_a-isattyr.o)
                0x1000cc0c                _isatty_r
 .text.__locale_mb_cur_max
                0x1000cc30        0xc c:/maximsdk/tools/gnutools/10.3/bin/../lib/gcc/arm-none-eabi/10.3.1/../../../../arm-none-eabi/lib/thumb/v7e-m+fp/softfp\libc.a(lib_a-locale.o)
                0x1000cc30                __locale_mb_cur_max
 .text._lseek_r
                0x1000cc3c       0x2c c:/maximsdk/tools/gnutools/10.3/bin/../lib/gcc/arm-none-eabi/10.3.1/../../../../arm-none-eabi/lib/thumb/v7e-m+fp/softfp\libc.a(lib_a-lseekr.o)
                0x1000cc3c                _lseek_r
 .text.__ascii_mbtowc
                0x1000cc68       0x2c c:/maximsdk/tools/gnutools/10.3/bin/../lib/gcc/arm-none-eabi/10.3.1/../../../../arm-none-eabi/lib/thumb/v7e-m+fp/softfp\libc.a(lib_a-mbtowc_r.o)
                0x1000cc68                __ascii_mbtowc
 .text._read_r  0x1000cc94       0x2c c:/maximsdk/tools/gnutools/10.3/bin/../lib/gcc/arm-none-eabi/10.3.1/../../../../arm-none-eabi/lib/thumb/v7e-m+fp/softfp\libc.a(lib_a-readr.o)
                0x1000cc94                _read_r
 .text.__swbuf_r
                0x1000ccc0       0xb0 c:/maximsdk/tools/gnutools/10.3/bin/../lib/gcc/arm-none-eabi/10.3.1/../../../../arm-none-eabi/lib/thumb/v7e-m+fp/softfp\libc.a(lib_a-wbuf.o)
                0x1000ccc0                __swbuf_r
 .text._wcrtomb_r
                0x1000cd70       0x3c c:/maximsdk/tools/gnutools/10.3/bin/../lib/gcc/arm-none-eabi/10.3.1/../../../../arm-none-eabi/lib/thumb/v7e-m+fp/softfp\libc.a(lib_a-wcrtomb.o)
                0x1000cd70                _wcrtomb_r
 .text.__ascii_wctomb
                0x1000cdac       0x1c c:/maximsdk/tools/gnutools/10.3/bin/../lib/gcc/arm-none-eabi/10.3.1/../../../../arm-none-eabi/lib/thumb/v7e-m+fp/softfp\libc.a(lib_a-wctomb_r.o)
                0x1000cdac                __ascii_wctomb
 .text.abort    0x1000cdc8       0x10 c:/maximsdk/tools/gnutools/10.3/bin/../lib/gcc/arm-none-eabi/10.3.1/../../../../arm-none-eabi/lib/thumb/v7e-m+fp/softfp\libc.a(lib_a-abort.o)
                0x1000cdc8                abort
 .text.raise    0x1000cdd8       0x5c c:/maximsdk/tools/gnutools/10.3/bin/../lib/gcc/arm-none-eabi/10.3.1/../../../../arm-none-eabi/lib/thumb/v7e-m+fp/softfp\libc.a(lib_a-signal.o)
                0x1000cdd8                raise
 .text._kill_r  0x1000ce34       0x2c c:/maximsdk/tools/gnutools/10.3/bin/../lib/gcc/arm-none-eabi/10.3.1/../../../../arm-none-eabi/lib/thumb/v7e-m+fp/softfp\libc.a(lib_a-signalr.o)
                0x1000ce34                _kill_r
 .text._getpid_r
                0x1000ce60        0x4 c:/maximsdk/tools/gnutools/10.3/bin/../lib/gcc/arm-none-eabi/10.3.1/../../../../arm-none-eabi/lib/thumb/v7e-m+fp/softfp\libc.a(lib_a-signalr.o)
                0x1000ce60                _getpid_r
 .text._exit    0x1000ce64        0x4 c:/maximsdk/tools/gnutools/10.3/bin/../lib/gcc/arm-none-eabi/10.3.1/../../../../arm-none-eabi/lib/thumb/v7e-m+fp/softfp\libnosys.a(_exit.o)
                0x1000ce64                _exit
 .text          0x1000ce68      0x378 c:/maximsdk/tools/gnutools/10.3/bin/../lib/gcc/arm-none-eabi/10.3.1/thumb/v7e-m+fp/softfp\libgcc.a(_arm_addsubdf3.o)
                0x1000ce68                __aeabi_drsub
                0x1000ce70                __aeabi_dsub
                0x1000ce70                __subdf3
                0x1000ce74                __aeabi_dadd
                0x1000ce74                __adddf3
                0x1000d0ec                __floatunsidf
                0x1000d0ec                __aeabi_ui2d
                0x1000d10c                __floatsidf
                0x1000d10c                __aeabi_i2d
                0x1000d130                __aeabi_f2d
                0x1000d130                __extendsfdf2
                0x1000d174                __floatundidf
                0x1000d174                __aeabi_ul2d
                0x1000d184                __floatdidf
                0x1000d184                __aeabi_l2d
 .text          0x1000d1e0      0x424 c:/maximsdk/tools/gnutools/10.3/bin/../lib/gcc/arm-none-eabi/10.3.1/thumb/v7e-m+fp/softfp\libgcc.a(_arm_muldivdf3.o)
                0x1000d1e0                __aeabi_dmul
                0x1000d1e0                __muldf3
                0x1000d434                __divdf3
                0x1000d434                __aeabi_ddiv
 .text          0x1000d604      0x110 c:/maximsdk/tools/gnutools/10.3/bin/../lib/gcc/arm-none-eabi/10.3.1/thumb/v7e-m+fp/softfp\libgcc.a(_arm_cmpdf2.o)
                0x1000d604                __gtdf2
                0x1000d604                __gedf2
                0x1000d60c                __ltdf2
                0x1000d60c                __ledf2
                0x1000d614                __nedf2
                0x1000d614                __eqdf2
                0x1000d614                __cmpdf2
                0x1000d690                __aeabi_cdrcmple
                0x1000d6a0                __aeabi_cdcmpeq
                0x1000d6a0                __aeabi_cdcmple
                0x1000d6b0                __aeabi_dcmpeq
                0x1000d6c4                __aeabi_dcmplt
                0x1000d6d8                __aeabi_dcmple
                0x1000d6ec                __aeabi_dcmpge
                0x1000d700                __aeabi_dcmpgt
 .text          0x1000d714       0x2c c:/maximsdk/tools/gnutools/10.3/bin/../lib/gcc/arm-none-eabi/10.3.1/thumb/v7e-m+fp/softfp\libgcc.a(_arm_unorddf2.o)
                0x1000d714                __unorddf2
                0x1000d714                __aeabi_dcmpun
 .text          0x1000d740       0x50 c:/maximsdk/tools/gnutools/10.3/bin/../lib/gcc/arm-none-eabi/10.3.1/thumb/v7e-m+fp/softfp\libgcc.a(_arm_fixdfsi.o)
                0x1000d740                __aeabi_d2iz
                0x1000d740                __fixdfsi
 .text          0x1000d790       0x30 c:/maximsdk/tools/gnutools/10.3/bin/../lib/gcc/arm-none-eabi/10.3.1/thumb/v7e-m+fp/softfp\libgcc.a(_aeabi_uldivmod.o)
                0x1000d790                __aeabi_uldivmod
 .text          0x1000d7c0      0x2d0 c:/maximsdk/tools/gnutools/10.3/bin/../lib/gcc/arm-none-eabi/10.3.1/thumb/v7e-m+fp/softfp\libgcc.a(_udivmoddi4.o)
                0x1000d7c0                __udivmoddi4
 .text          0x1000da90        0x4 c:/maximsdk/tools/gnutools/10.3/bin/../lib/gcc/arm-none-eabi/10.3.1/thumb/v7e-m+fp/softfp\libgcc.a(_dvmd_tls.o)
                0x1000da90                __aeabi_idiv0
                0x1000da90                __aeabi_ldiv0
 *(.rodata*)
 .rodata.bias_0
                0x1000da94        0xd c:/MaximSDK/Examples/MAX78000/imu_fixed_inputs_no_softmax/build/cnn.o
 *fill*         0x1000daa1        0x3 
 .rodata.bias_1
                0x1000daa4       0x10 c:/MaximSDK/Examples/MAX78000/imu_fixed_inputs_no_softmax/build/cnn.o
 .rodata.bias_2
                0x1000dab4        0xd c:/MaximSDK/Examples/MAX78000/imu_fixed_inputs_no_softmax/build/cnn.o
 *fill*         0x1000dac1        0x3 
 .rodata.bias_3
                0x1000dac4        0x8 c:/MaximSDK/Examples/MAX78000/imu_fixed_inputs_no_softmax/build/cnn.o
 .rodata.kernels
                0x1000dacc     0x1e44 c:/MaximSDK/Examples/MAX78000/imu_fixed_inputs_no_softmax/build/cnn.o
 .rodata.I2C_init.str1.4
                0x1000f910       0x34 c:/MaximSDK/Examples/MAX78000/imu_fixed_inputs_no_softmax/build/main.o
 .rodata.MPU_init.str1.4
                0x1000f944        0xa c:/MaximSDK/Examples/MAX78000/imu_fixed_inputs_no_softmax/build/main.o
 *fill*         0x1000f94e        0x2 
 .rodata.main.str1.4
                0x1000f950      0x1ef c:/MaximSDK/Examples/MAX78000/imu_fixed_inputs_no_softmax/build/main.o
                                0x1f3 (size before relaxing)
 *fill*         0x1000fb3f        0x1 
 .rodata.mxc_assert.str1.4
                0x1000fb40       0x19 c:/MaximSDK/Examples/MAX78000/imu_fixed_inputs_no_softmax/build/board.o
 *fill*         0x1000fb59        0x3 
 .rodata.Board_Init.str1.4
                0x1000fb5c       0x45 c:/MaximSDK/Examples/MAX78000/imu_fixed_inputs_no_softmax/build/board.o
 *fill*         0x1000fba1        0x3 
 .rodata        0x1000fba4       0x54 c:/MaximSDK/Examples/MAX78000/imu_fixed_inputs_no_softmax/build/board.o
 .rodata.led_pin
                0x1000fbf8       0x18 c:/MaximSDK/Examples/MAX78000/imu_fixed_inputs_no_softmax/build/board.o
                0x1000fbf8                led_pin
 .rodata.num_leds
                0x1000fc10        0x4 c:/MaximSDK/Examples/MAX78000/imu_fixed_inputs_no_softmax/build/board.o
                0x1000fc10                num_leds
 .rodata.num_pbs
                0x1000fc14        0x4 c:/MaximSDK/Examples/MAX78000/imu_fixed_inputs_no_softmax/build/board.o
                0x1000fc14                num_pbs
 .rodata.pb_pin
                0x1000fc18       0x18 c:/MaximSDK/Examples/MAX78000/imu_fixed_inputs_no_softmax/build/board.o
                0x1000fc18                pb_pin
 .rodata.LED_On.str1.4
                0x1000fc30       0x3b c:/MaximSDK/Examples/MAX78000/imu_fixed_inputs_no_softmax/build/led.o
 *fill*         0x1000fc6b        0x1 
 .rodata.gpio_cfg_extclk
                0x1000fc6c        0xc C:/MaximSDK/Libraries/PeriphDrivers/bin/MAX78000/spi-v1_softfp/libPeriphDriver_spi-v1_softfp.a(pins_ai85.o)
                0x1000fc6c                gpio_cfg_extclk
 .rodata.gpio_cfg_i2c0
                0x1000fc78        0xc C:/MaximSDK/Libraries/PeriphDrivers/bin/MAX78000/spi-v1_softfp/libPeriphDriver_spi-v1_softfp.a(pins_ai85.o)
                0x1000fc78                gpio_cfg_i2c0
 .rodata.gpio_cfg_i2c1
                0x1000fc84        0xc C:/MaximSDK/Libraries/PeriphDrivers/bin/MAX78000/spi-v1_softfp/libPeriphDriver_spi-v1_softfp.a(pins_ai85.o)
                0x1000fc84                gpio_cfg_i2c1
 .rodata.gpio_cfg_i2c2
                0x1000fc90        0xc C:/MaximSDK/Libraries/PeriphDrivers/bin/MAX78000/spi-v1_softfp/libPeriphDriver_spi-v1_softfp.a(pins_ai85.o)
                0x1000fc90                gpio_cfg_i2c2
 .rodata.gpio_cfg_uart0
                0x1000fc9c        0xc C:/MaximSDK/Libraries/PeriphDrivers/bin/MAX78000/spi-v1_softfp/libPeriphDriver_spi-v1_softfp.a(pins_ai85.o)
                0x1000fc9c                gpio_cfg_uart0
 .rodata.gpio_cfg_uart1
                0x1000fca8        0xc C:/MaximSDK/Libraries/PeriphDrivers/bin/MAX78000/spi-v1_softfp/libPeriphDriver_spi-v1_softfp.a(pins_ai85.o)
                0x1000fca8                gpio_cfg_uart1
 .rodata.gpio_cfg_uart2
                0x1000fcb4        0xc C:/MaximSDK/Libraries/PeriphDrivers/bin/MAX78000/spi-v1_softfp/libPeriphDriver_spi-v1_softfp.a(pins_ai85.o)
                0x1000fcb4                gpio_cfg_uart2
 .rodata.gpio_cfg_uart3
                0x1000fcc0        0xc C:/MaximSDK/Libraries/PeriphDrivers/bin/MAX78000/spi-v1_softfp/libPeriphDriver_spi-v1_softfp.a(pins_ai85.o)
                0x1000fcc0                gpio_cfg_uart3
 .rodata.MXC_DMA_RevA_Init.str1.4
                0x1000fccc       0x51 C:/MaximSDK/Libraries/PeriphDrivers/bin/MAX78000/spi-v1_softfp/libPeriphDriver_spi-v1_softfp.a(dma_reva.o)
 *fill*         0x1000fd1d        0x3 
 .rodata.MXC_UART_RevB_Init.str1.4
                0x1000fd20       0x77 C:/MaximSDK/Libraries/PeriphDrivers/bin/MAX78000/spi-v1_softfp/libPeriphDriver_spi-v1_softfp.a(uart_revb.o)
 *fill*         0x1000fd97        0x1 
 .rodata.MXC_UART_RevB_SetClockSource.str1.4
                0x1000fd98       0x27 C:/MaximSDK/Libraries/PeriphDrivers/bin/MAX78000/spi-v1_softfp/libPeriphDriver_spi-v1_softfp.a(uart_revb.o)
 *fill*         0x1000fdbf        0x1 
 .rodata.MXC_GPIO_Common_Handler.str1.4
                0x1000fdc0       0x66 C:/MaximSDK/Libraries/PeriphDrivers/bin/MAX78000/spi-v1_softfp/libPeriphDriver_spi-v1_softfp.a(gpio_common.o)
 *fill*         0x1000fe26        0x2 
 .rodata._global_impure_ptr
                0x1000fe28        0x4 c:/maximsdk/tools/gnutools/10.3/bin/../lib/gcc/arm-none-eabi/10.3.1/../../../../arm-none-eabi/lib/thumb/v7e-m+fp/softfp\libc.a(lib_a-impure.o)
                0x1000fe28                _global_impure_ptr
 .rodata._puts_r.str1.4
                0x1000fe2c       0x66 c:/maximsdk/tools/gnutools/10.3/bin/../lib/gcc/arm-none-eabi/10.3.1/../../../../arm-none-eabi/lib/thumb/v7e-m+fp/softfp\libc.a(lib_a-puts.o)
                                  0x2 (size before relaxing)
 .rodata._svfprintf_r.str1.4
                0x1000fe2c       0x42 c:/maximsdk/tools/gnutools/10.3/bin/../lib/gcc/arm-none-eabi/10.3.1/../../../../arm-none-eabi/lib/thumb/v7e-m+fp/softfp\libc.a(lib_a-svfprintf.o)
 *fill*         0x1000fe6e        0x2 
 .rodata.blanks.1
                0x1000fe70       0x10 c:/maximsdk/tools/gnutools/10.3/bin/../lib/gcc/arm-none-eabi/10.3.1/../../../../arm-none-eabi/lib/thumb/v7e-m+fp/softfp\libc.a(lib_a-svfprintf.o)
 .rodata.zeroes.0
                0x1000fe80       0x10 c:/maximsdk/tools/gnutools/10.3/bin/../lib/gcc/arm-none-eabi/10.3.1/../../../../arm-none-eabi/lib/thumb/v7e-m+fp/softfp\libc.a(lib_a-svfprintf.o)
 .rodata._vfprintf_r.str1.4
                0x1000fe90       0x42 c:/maximsdk/tools/gnutools/10.3/bin/../lib/gcc/arm-none-eabi/10.3.1/../../../../arm-none-eabi/lib/thumb/v7e-m+fp/softfp\libc.a(lib_a-vfprintf.o)
 .rodata.blanks.1
                0x1000fe90       0x10 c:/maximsdk/tools/gnutools/10.3/bin/../lib/gcc/arm-none-eabi/10.3.1/../../../../arm-none-eabi/lib/thumb/v7e-m+fp/softfp\libc.a(lib_a-vfprintf.o)
 .rodata.zeroes.0
                0x1000fea0       0x10 c:/maximsdk/tools/gnutools/10.3/bin/../lib/gcc/arm-none-eabi/10.3.1/../../../../arm-none-eabi/lib/thumb/v7e-m+fp/softfp\libc.a(lib_a-vfprintf.o)
 .rodata._dtoa_r.str1.4
                0x1000feb0       0xa2 c:/maximsdk/tools/gnutools/10.3/bin/../lib/gcc/arm-none-eabi/10.3.1/../../../../arm-none-eabi/lib/thumb/v7e-m+fp/softfp\libc.a(lib_a-dtoa.o)
                                 0xa6 (size before relaxing)
 *fill*         0x1000ff52        0x2 
 .rodata.__multadd.str1.4
                0x1000ff54       0x7f c:/maximsdk/tools/gnutools/10.3/bin/../lib/gcc/arm-none-eabi/10.3.1/../../../../arm-none-eabi/lib/thumb/v7e-m+fp/softfp\libc.a(lib_a-mprec.o)
                                 0x93 (size before relaxing)
 *fill*         0x1000ffd3        0x5 
 .rodata.__mprec_bigtens
                0x1000ffd8       0x28 c:/maximsdk/tools/gnutools/10.3/bin/../lib/gcc/arm-none-eabi/10.3.1/../../../../arm-none-eabi/lib/thumb/v7e-m+fp/softfp\libc.a(lib_a-mprec.o)
                0x1000ffd8                __mprec_bigtens
 .rodata.__mprec_tens
                0x10010000       0xc8 c:/maximsdk/tools/gnutools/10.3/bin/../lib/gcc/arm-none-eabi/10.3.1/../../../../arm-none-eabi/lib/thumb/v7e-m+fp/softfp\libc.a(lib_a-mprec.o)
                0x10010000                __mprec_tens
 .rodata.p05.0  0x100100c8        0xc c:/maximsdk/tools/gnutools/10.3/bin/../lib/gcc/arm-none-eabi/10.3.1/../../../../arm-none-eabi/lib/thumb/v7e-m+fp/softfp\libc.a(lib_a-mprec.o)
 .rodata._vfiprintf_r.str1.4
                0x100100d4       0x2f c:/maximsdk/tools/gnutools/10.3/bin/../lib/gcc/arm-none-eabi/10.3.1/../../../../arm-none-eabi/lib/thumb/v7e-m+fp/softfp\libc.a(lib_a-vfiprintf.o)
 .rodata.blanks.1
                0x100100d4       0x10 c:/maximsdk/tools/gnutools/10.3/bin/../lib/gcc/arm-none-eabi/10.3.1/../../../../arm-none-eabi/lib/thumb/v7e-m+fp/softfp\libc.a(lib_a-vfiprintf.o)
 .rodata.zeroes.0
                0x100100e4       0x10 c:/maximsdk/tools/gnutools/10.3/bin/../lib/gcc/arm-none-eabi/10.3.1/../../../../arm-none-eabi/lib/thumb/v7e-m+fp/softfp\libc.a(lib_a-vfiprintf.o)
 .rodata.__assert_func.str1.4
                0x100100f4       0x3f c:/maximsdk/tools/gnutools/10.3/bin/../lib/gcc/arm-none-eabi/10.3.1/../../../../arm-none-eabi/lib/thumb/v7e-m+fp/softfp\libc.a(lib_a-assert.o)
                                 0x43 (size before relaxing)
 *fill*         0x10010133        0x1 
 .rodata._setlocale_r.str1.4
                0x10010134        0xa c:/maximsdk/tools/gnutools/10.3/bin/../lib/gcc/arm-none-eabi/10.3.1/../../../../arm-none-eabi/lib/thumb/v7e-m+fp/softfp\libc.a(lib_a-locale.o)
                                  0xd (size before relaxing)
 *fill*         0x1001013e        0x2 
 .rodata.str1.4
                0x10010140        0x2 c:/maximsdk/tools/gnutools/10.3/bin/../lib/gcc/arm-none-eabi/10.3.1/../../../../arm-none-eabi/lib/thumb/v7e-m+fp/softfp\libc.a(lib_a-locale.o)
 *fill*         0x10010142        0x2 
 .rodata._ctype_
                0x10010144      0x101 c:/maximsdk/tools/gnutools/10.3/bin/../lib/gcc/arm-none-eabi/10.3.1/../../../../arm-none-eabi/lib/thumb/v7e-m+fp/softfp\libc.a(lib_a-ctype_.o)
                0x10010144                _ctype_
 *(.init)
 *fill*         0x10010245        0x3 
 .init          0x10010248        0x4 c:/maximsdk/tools/gnutools/10.3/bin/../lib/gcc/arm-none-eabi/10.3.1/thumb/v7e-m+fp/softfp/crti.o
                0x10010248                _init
 .init          0x1001024c        0x8 c:/maximsdk/tools/gnutools/10.3/bin/../lib/gcc/arm-none-eabi/10.3.1/thumb/v7e-m+fp/softfp/crtn.o
 *(.fini)
 .fini          0x10010254        0x4 c:/maximsdk/tools/gnutools/10.3/bin/../lib/gcc/arm-none-eabi/10.3.1/thumb/v7e-m+fp/softfp/crti.o
                0x10010254                _fini
 .fini          0x10010258        0x8 c:/maximsdk/tools/gnutools/10.3/bin/../lib/gcc/arm-none-eabi/10.3.1/thumb/v7e-m+fp/softfp/crtn.o
 *crtbegin.o(.ctors)
 *crtbegin?.o(.ctors)
 *(EXCLUDE_FILE(*crtend.o *crtend?.o) .ctors)
 *(SORT_BY_NAME(.ctors.*))
 *(.ctors)
 *crtbegin.o(.dtors)
 *crtbegin?.o(.dtors)
 *(EXCLUDE_FILE(*crtend.o *crtend?.o) .dtors)
 *(SORT_BY_NAME(.dtors.*))
 *(.dtors)
 *(.eh_frame*)
 .eh_frame      0x10010260        0x0 c:/maximsdk/tools/gnutools/10.3/bin/../lib/gcc/arm-none-eabi/10.3.1/thumb/v7e-m+fp/softfp/crtbegin.o
 .eh_frame      0x10010260        0x4 c:/maximsdk/tools/gnutools/10.3/bin/../lib/gcc/arm-none-eabi/10.3.1/thumb/v7e-m+fp/softfp/crtend.o
                0x10010264                _etext = .

.glue_7         0x10010264        0x0
 .glue_7        0x10010264        0x0 linker stubs

.glue_7t        0x10010264        0x0
 .glue_7t       0x10010264        0x0 linker stubs

.vfp11_veneer   0x10010264        0x0
 .vfp11_veneer  0x10010264        0x0 linker stubs

.v4_bx          0x10010264        0x0
 .v4_bx         0x10010264        0x0 linker stubs

.iplt           0x10010264        0x0
 .iplt          0x10010264        0x0 c:/maximsdk/tools/gnutools/10.3/bin/../lib/gcc/arm-none-eabi/10.3.1/thumb/v7e-m+fp/softfp/crtbegin.o

.ARM.extab
 *(.ARM.extab* .gnu.linkonce.armextab.*)

.bin_storage    0x10010264        0x0
 FILL mask 0xff
                0x10010264                _bin_start_ = .
 *(.bin_storage_img)
                0x10010264                _bin_end_ = .
                0x10010264                . = ALIGN (0x4)

.rom_code       0x00000000        0x0
                0x00000000                . = ALIGN (0x10)
                0x20000000                _sran_code = .
 *(.rom_code_section)
                0x20000000                _esran_code = .

.flash_code     0x10010264        0xc
                0x10010270                . = ALIGN (0x10)
 *fill*         0x10010264        0xc 
                0x20000000                _sran_code = .
 *(.flash_code_section)
                0x20000000                _esran_code = .

.sram_code      0x20000000        0x0
                0x20000000                . = ALIGN (0x10)
                0x20000000                _sran_code = .
 *(.sram_code_section)
                0x20000000                _esran_code = .

.ARM.exidx      0x10010270        0x8
                0x10010270                __exidx_start = .
 *(.ARM.exidx* .gnu.linkonce.armexidx.*)
 .ARM.exidx     0x10010270        0x8 c:/maximsdk/tools/gnutools/10.3/bin/../lib/gcc/arm-none-eabi/10.3.1/thumb/v7e-m+fp/softfp\libgcc.a(_udivmoddi4.o)
                0x10010278                __exidx_end = .

.rel.dyn        0x10010278        0x0
 .rel.iplt      0x10010278        0x0 c:/maximsdk/tools/gnutools/10.3/bin/../lib/gcc/arm-none-eabi/10.3.1/thumb/v7e-m+fp/softfp/crtbegin.o

.data           0x20000000      0xa24 load address 0x10010278
                0x20000000                _data = ALIGN (., 0x4)
 *(vtable)
 *(.data*)
 .data.ConsoleUart
                0x20000000        0x4 c:/MaximSDK/Examples/MAX78000/imu_fixed_inputs_no_softmax/build/board.o
                0x20000000                ConsoleUart
 .data.overflows
                0x20000004        0x4 C:/MaximSDK/Libraries/PeriphDrivers/bin/MAX78000/spi-v1_softfp/libPeriphDriver_spi-v1_softfp.a(mxc_delay.o)
 .data.states   0x20000008       0x60 C:/MaximSDK/Libraries/PeriphDrivers/bin/MAX78000/spi-v1_softfp/libPeriphDriver_spi-v1_softfp.a(uart_revb.o)
 .data._impure_ptr
                0x20000068        0x4 c:/maximsdk/tools/gnutools/10.3/bin/../lib/gcc/arm-none-eabi/10.3.1/../../../../arm-none-eabi/lib/thumb/v7e-m+fp/softfp\libc.a(lib_a-impure.o)
                0x20000068                _impure_ptr
 *fill*         0x2000006c        0x4 
 .data.impure_data
                0x20000070      0x428 c:/maximsdk/tools/gnutools/10.3/bin/../lib/gcc/arm-none-eabi/10.3.1/../../../../arm-none-eabi/lib/thumb/v7e-m+fp/softfp\libc.a(lib_a-impure.o)
 .data.__malloc_av_
                0x20000498      0x408 c:/maximsdk/tools/gnutools/10.3/bin/../lib/gcc/arm-none-eabi/10.3.1/../../../../arm-none-eabi/lib/thumb/v7e-m+fp/softfp\libc.a(lib_a-mallocr.o)
                0x20000498                __malloc_av_
 .data.__malloc_sbrk_base
                0x200008a0        0x4 c:/maximsdk/tools/gnutools/10.3/bin/../lib/gcc/arm-none-eabi/10.3.1/../../../../arm-none-eabi/lib/thumb/v7e-m+fp/softfp\libc.a(lib_a-mallocr.o)
                0x200008a0                __malloc_sbrk_base
 .data.__malloc_trim_threshold
                0x200008a4        0x4 c:/maximsdk/tools/gnutools/10.3/bin/../lib/gcc/arm-none-eabi/10.3.1/../../../../arm-none-eabi/lib/thumb/v7e-m+fp/softfp\libc.a(lib_a-mallocr.o)
                0x200008a4                __malloc_trim_threshold
 .data.__atexit_recursive_mutex
                0x200008a8        0x4 c:/maximsdk/tools/gnutools/10.3/bin/../lib/gcc/arm-none-eabi/10.3.1/../../../../arm-none-eabi/lib/thumb/v7e-m+fp/softfp\libc.a(lib_a-__call_atexit.o)
                0x200008a8                __atexit_recursive_mutex
 .data.__global_locale
                0x200008ac      0x16c c:/maximsdk/tools/gnutools/10.3/bin/../lib/gcc/arm-none-eabi/10.3.1/../../../../arm-none-eabi/lib/thumb/v7e-m+fp/softfp\libc.a(lib_a-locale.o)
                0x200008ac                __global_locale
 *(.flashprog*)
                0x20000a18                . = ALIGN (0x4)
                0x20000a18                PROVIDE (__preinit_array_start = .)
 *(.preinit_array)
                0x20000a18                PROVIDE (__preinit_array_end = .)
                0x20000a18                . = ALIGN (0x4)
                0x20000a18                PROVIDE (__init_array_start = .)
 *(SORT_BY_NAME(.init_array.*))
 .init_array.00000
                0x20000a18        0x4 c:/maximsdk/tools/gnutools/10.3/bin/../lib/gcc/arm-none-eabi/10.3.1/../../../../arm-none-eabi/lib/thumb/v7e-m+fp/softfp\libc.a(lib_a-__call_atexit.o)
 *(.init_array)
 .init_array    0x20000a1c        0x4 c:/maximsdk/tools/gnutools/10.3/bin/../lib/gcc/arm-none-eabi/10.3.1/thumb/v7e-m+fp/softfp/crtbegin.o
                0x20000a20                PROVIDE (__init_array_end = .)
                0x20000a20                . = ALIGN (0x4)
                0x20000a20                PROVIDE (__fini_array_start = .)
 *(SORT_BY_NAME(.fini_array.*))
 *(.fini_array)
 .fini_array    0x20000a20        0x4 c:/maximsdk/tools/gnutools/10.3/bin/../lib/gcc/arm-none-eabi/10.3.1/thumb/v7e-m+fp/softfp/crtbegin.o
                0x20000a24                PROVIDE (__fini_array_end = .)
                0x20000a24                _edata = ALIGN (., 0x4)
                0x10010278                __load_data = LOADADDR (.data)

.igot.plt       0x20000a24        0x0 load address 0x10010c9c
 .igot.plt      0x20000a24        0x0 c:/maximsdk/tools/gnutools/10.3/bin/../lib/gcc/arm-none-eabi/10.3.1/thumb/v7e-m+fp/softfp/crtbegin.o

.bss            0x20000c00     0x11d8 load address 0x10010c9c
                0x20000c00                . = ALIGN (0x4)
                0x20000c00                _bss = .
 *(.bss*)
 .bss           0x20000c00       0x1c c:/maximsdk/tools/gnutools/10.3/bin/../lib/gcc/arm-none-eabi/10.3.1/thumb/v7e-m+fp/softfp/crtbegin.o
 .bss.ack_H     0x20000c1c       0x40 c:/MaximSDK/Examples/MAX78000/imu_fixed_inputs_no_softmax/build/main.o
 .bss.ack_LA    0x20000c5c       0x40 c:/MaximSDK/Examples/MAX78000/imu_fixed_inputs_no_softmax/build/main.o
 .bss.ack_LL    0x20000c9c       0x40 c:/MaximSDK/Examples/MAX78000/imu_fixed_inputs_no_softmax/build/main.o
 .bss.ack_RA    0x20000cdc       0x40 c:/MaximSDK/Examples/MAX78000/imu_fixed_inputs_no_softmax/build/main.o
 .bss.ack_RL    0x20000d1c       0x40 c:/MaximSDK/Examples/MAX78000/imu_fixed_inputs_no_softmax/build/main.o
 .bss.ack_W     0x20000d5c       0x40 c:/MaximSDK/Examples/MAX78000/imu_fixed_inputs_no_softmax/build/main.o
 .bss.cnn_input0
                0x20000d9c       0x90 c:/MaximSDK/Examples/MAX78000/imu_fixed_inputs_no_softmax/build/main.o
 .bss.cnn_input12
                0x20000e2c       0x90 c:/MaximSDK/Examples/MAX78000/imu_fixed_inputs_no_softmax/build/main.o
 .bss.cnn_input16
                0x20000ebc       0x90 c:/MaximSDK/Examples/MAX78000/imu_fixed_inputs_no_softmax/build/main.o
 .bss.cnn_input20
                0x20000f4c       0x90 c:/MaximSDK/Examples/MAX78000/imu_fixed_inputs_no_softmax/build/main.o
 .bss.cnn_input24
                0x20000fdc       0x90 c:/MaximSDK/Examples/MAX78000/imu_fixed_inputs_no_softmax/build/main.o
 .bss.cnn_input28
                0x2000106c       0x90 c:/MaximSDK/Examples/MAX78000/imu_fixed_inputs_no_softmax/build/main.o
 .bss.cnn_input4
                0x200010fc       0x90 c:/MaximSDK/Examples/MAX78000/imu_fixed_inputs_no_softmax/build/main.o
 .bss.cnn_input8
                0x2000118c       0x90 c:/MaximSDK/Examples/MAX78000/imu_fixed_inputs_no_softmax/build/main.o
 .bss.cnn_time  0x2000121c        0x4 c:/MaximSDK/Examples/MAX78000/imu_fixed_inputs_no_softmax/build/main.o
                0x2000121c                cnn_time
 .bss.ml_data   0x20001220        0xc c:/MaximSDK/Examples/MAX78000/imu_fixed_inputs_no_softmax/build/main.o
 .bss.result0   0x2000122c       0x40 c:/MaximSDK/Examples/MAX78000/imu_fixed_inputs_no_softmax/build/main.o
 .bss.result1   0x2000126c       0x40 c:/MaximSDK/Examples/MAX78000/imu_fixed_inputs_no_softmax/build/main.o
 .bss.result2   0x200012ac       0x40 c:/MaximSDK/Examples/MAX78000/imu_fixed_inputs_no_softmax/build/main.o
 .bss.result3   0x200012ec       0x40 c:/MaximSDK/Examples/MAX78000/imu_fixed_inputs_no_softmax/build/main.o
 .bss.result4   0x2000132c       0x40 c:/MaximSDK/Examples/MAX78000/imu_fixed_inputs_no_softmax/build/main.o
 .bss.rx_buf    0x2000136c        0x1 c:/MaximSDK/Examples/MAX78000/imu_fixed_inputs_no_softmax/build/main.o
 *fill*         0x2000136d        0x3 
 .bss.temp_display
                0x20001370       0x40 c:/MaximSDK/Examples/MAX78000/imu_fixed_inputs_no_softmax/build/main.o
 .bss.tx_buf    0x200013b0        0x2 c:/MaximSDK/Examples/MAX78000/imu_fixed_inputs_no_softmax/build/main.o
 *fill*         0x200013b2        0x2 
 .bss.tx_data   0x200013b4       0x40 c:/MaximSDK/Examples/MAX78000/imu_fixed_inputs_no_softmax/build/main.o
 .bss.g_pb_polarity
                0x200013f4        0x4 c:/MaximSDK/Examples/MAX78000/imu_fixed_inputs_no_softmax/build/pb.o
 .bss.blen_pin  0x200013f8        0xc c:/MaximSDK/Examples/MAX78000/imu_fixed_inputs_no_softmax/build/tft_ssd2119.o
 .bss.g_spi_gpio
                0x20001404        0xc c:/MaximSDK/Examples/MAX78000/imu_fixed_inputs_no_softmax/build/tft_ssd2119.o
 .bss.reset_pin
                0x20001410        0xc c:/MaximSDK/Examples/MAX78000/imu_fixed_inputs_no_softmax/build/tft_ssd2119.o
 .bss.spi       0x2000141c        0x4 c:/MaximSDK/Examples/MAX78000/imu_fixed_inputs_no_softmax/build/tft_ssd2119.o
 .bss.ssel      0x20001420        0x4 c:/MaximSDK/Examples/MAX78000/imu_fixed_inputs_no_softmax/build/tft_ssd2119.o
 .bss.tft_spi_freq
                0x20001424        0x4 c:/MaximSDK/Examples/MAX78000/imu_fixed_inputs_no_softmax/build/tft_ssd2119.o
 .bss.busy_gpio
                0x20001428        0xc c:/MaximSDK/Examples/MAX78000/imu_fixed_inputs_no_softmax/build/tsc2046.o
 .bss.int_gpio  0x20001434        0xc c:/MaximSDK/Examples/MAX78000/imu_fixed_inputs_no_softmax/build/tsc2046.o
 .bss.heap_end  0x20001440        0x4 c:/MaximSDK/Examples/MAX78000/imu_fixed_inputs_no_softmax/build/heap.o
 .bss.cbFunc    0x20001444        0x4 C:/MaximSDK/Libraries/PeriphDrivers/bin/MAX78000/spi-v1_softfp/libPeriphDriver_spi-v1_softfp.a(mxc_delay.o)
 .bss.ctrl_save
                0x20001448        0x4 C:/MaximSDK/Libraries/PeriphDrivers/bin/MAX78000/spi-v1_softfp/libPeriphDriver_spi-v1_softfp.a(mxc_delay.o)
 .bss.endtick   0x2000144c        0x4 C:/MaximSDK/Libraries/PeriphDrivers/bin/MAX78000/spi-v1_softfp/libPeriphDriver_spi-v1_softfp.a(mxc_delay.o)
 *fill*         0x20001450      0x1b0 
 .bss.ramVectorTable
                0x20001600      0x1e0 C:/MaximSDK/Libraries/PeriphDrivers/bin/MAX78000/spi-v1_softfp/libPeriphDriver_spi-v1_softfp.a(nvic_table.o)
 .bss.dma_initialized
                0x200017e0        0x4 C:/MaximSDK/Libraries/PeriphDrivers/bin/MAX78000/spi-v1_softfp/libPeriphDriver_spi-v1_softfp.a(dma_reva.o)
 .bss.dma_lock  0x200017e4        0x4 C:/MaximSDK/Libraries/PeriphDrivers/bin/MAX78000/spi-v1_softfp/libPeriphDriver_spi-v1_softfp.a(dma_reva.o)
 .bss.dma_resource
                0x200017e8      0x140 C:/MaximSDK/Libraries/PeriphDrivers/bin/MAX78000/spi-v1_softfp/libPeriphDriver_spi-v1_softfp.a(dma_reva.o)
 .bss.states    0x20001928       0x60 C:/MaximSDK/Libraries/PeriphDrivers/bin/MAX78000/spi-v1_softfp/libPeriphDriver_spi-v1_softfp.a(i2c_reva.o)
 .bss.g_is_clock_locked
                0x20001988        0x4 C:/MaximSDK/Libraries/PeriphDrivers/bin/MAX78000/spi-v1_softfp/libPeriphDriver_spi-v1_softfp.a(uart_revb.o)
 .bss.callback  0x2000198c      0x200 C:/MaximSDK/Libraries/PeriphDrivers/bin/MAX78000/spi-v1_softfp/libPeriphDriver_spi-v1_softfp.a(gpio_common.o)
 .bss.cbparam   0x20001b8c      0x200 C:/MaximSDK/Libraries/PeriphDrivers/bin/MAX78000/spi-v1_softfp/libPeriphDriver_spi-v1_softfp.a(gpio_common.o)
 .bss.cfg_lock  0x20001d8c        0x1 C:/MaximSDK/Libraries/PeriphDrivers/bin/MAX78000/spi-v1_softfp/libPeriphDriver_spi-v1_softfp.a(gpio_common.o)
 .bss.initialized
                0x20001d8d        0x1 C:/MaximSDK/Libraries/PeriphDrivers/bin/MAX78000/spi-v1_softfp/libPeriphDriver_spi-v1_softfp.a(gpio_common.o)
 *fill*         0x20001d8e        0x2 
 .bss.__malloc_current_mallinfo
                0x20001d90       0x28 c:/maximsdk/tools/gnutools/10.3/bin/../lib/gcc/arm-none-eabi/10.3.1/../../../../arm-none-eabi/lib/thumb/v7e-m+fp/softfp\libc.a(lib_a-mallocr.o)
                0x20001d90                __malloc_current_mallinfo
 .bss.__malloc_max_sbrked_mem
                0x20001db8        0x4 c:/maximsdk/tools/gnutools/10.3/bin/../lib/gcc/arm-none-eabi/10.3.1/../../../../arm-none-eabi/lib/thumb/v7e-m+fp/softfp\libc.a(lib_a-mallocr.o)